#-----------------------------------------------------------
# Webtalk v2020.1 (64-bit)
# SW Build 2902540 on Wed May 27 19:54:35 MDT 2020
# IP Build 2902112 on Wed May 27 22:43:36 MDT 2020
# Start of session at: Thu Dec 31 11:16:59 2020
# Process ID: 8906
# Current directory: /home/arjunmenonv/Arjun_acads/Year3/CompOrg/HW-Spectrum-Analyzer/SpecAnalv3/vhls_v3/solnv3/sim/verilog
# Command line: wbtcv -mode batch -source /home/arjunmenonv/Arjun_acads/Year3/CompOrg/HW-Spectrum-Analyzer/SpecAnalv3/vhls_v3/solnv3/sim/verilog/xsim.dir/FFT/webtalk/xsim_webtalk.tcl -notrace
# Log file: /home/arjunmenonv/Arjun_acads/Year3/CompOrg/HW-Spectrum-Analyzer/SpecAnalv3/vhls_v3/solnv3/sim/verilog/webtalk.log
# Journal file: /home/arjunmenonv/Arjun_acads/Year3/CompOrg/HW-Spectrum-Analyzer/SpecAnalv3/vhls_v3/solnv3/sim/verilog/webtalk.jou
#-----------------------------------------------------------
source /home/arjunmenonv/Arjun_acads/Year3/CompOrg/HW-Spectrum-Analyzer/SpecAnalv3/vhls_v3/solnv3/sim/verilog/xsim.dir/FFT/webtalk/xsim_webtalk.tcl -notrace
