

================================================================
== Vivado HLS Report for 'FFT0'
================================================================
* Date:           Sun Dec 27 16:41:06 2020

* Version:        2020.1 (Build 2897737 on Wed May 27 20:21:37 MDT 2020)
* Project:        FFT32float
* Solution:       z7float32
* Product family: zynq
* Target device:  xc7z020-clg400-1


================================================================
== Performance Estimates
================================================================
+ Timing: 
    * Summary: 
    +--------+----------+----------+------------+
    |  Clock |  Target  | Estimated| Uncertainty|
    +--------+----------+----------+------------+
    |ap_clk  | 10.00 ns | 7.256 ns |   1.25 ns  |
    +--------+----------+----------+------------+

+ Latency: 
    * Summary: 
    +---------+---------+----------+----------+-----+-----+---------+
    |  Latency (cycles) |  Latency (absolute) |  Interval | Pipeline|
    |   min   |   max   |    min   |    max   | min | max |   Type  |
    +---------+---------+----------+----------+-----+-----+---------+
    |      305|      305| 3.050 us | 3.050 us |  305|  305|   none  |
    +---------+---------+----------+----------+-----+-----+---------+

    + Detail: 
        * Instance: 
        N/A

        * Loop: 
        +--------------+---------+---------+----------+-----------+-----------+------+----------+
        |              |  Latency (cycles) | Iteration|  Initiation Interval  | Trip |          |
        |   Loop Name  |   min   |   max   |  Latency |  achieved |   target  | Count| Pipelined|
        +--------------+---------+---------+----------+-----------+-----------+------+----------+
        |- FFT_label1  |      304|      304|        19|          -|          -|    16|    no    |
        +--------------+---------+---------+----------+-----------+-----------+------+----------+



================================================================
== Utilization Estimates
================================================================
* Summary: 
+-----------------+---------+-------+--------+-------+-----+
|       Name      | BRAM_18K| DSP48E|   FF   |  LUT  | URAM|
+-----------------+---------+-------+--------+-------+-----+
|DSP              |        -|      -|       -|      -|    -|
|Expression       |        -|      -|       0|    546|    -|
|FIFO             |        -|      -|       -|      -|    -|
|Instance         |        -|     20|    1392|   2844|    -|
|Memory           |        0|      -|      64|     16|    -|
|Multiplexer      |        -|      -|       -|    293|    -|
|Register         |        -|      -|     758|      -|    -|
+-----------------+---------+-------+--------+-------+-----+
|Total            |        0|     20|    2214|   3699|    0|
+-----------------+---------+-------+--------+-------+-----+
|Available        |      280|    220|  106400|  53200|    0|
+-----------------+---------+-------+--------+-------+-----+
|Utilization (%)  |        0|      9|       2|      6|    0|
+-----------------+---------+-------+--------+-------+-----+

+ Detail: 
    * Instance: 
    +-------------------------+----------------------+---------+-------+-----+-----+-----+
    |         Instance        |        Module        | BRAM_18K| DSP48E|  FF | LUT | URAM|
    +-------------------------+----------------------+---------+-------+-----+-----+-----+
    |FFT_fadd_32ns_32ndEe_U3  |FFT_fadd_32ns_32ndEe  |        0|      2|  205|  390|    0|
    |FFT_fadd_32ns_32ndEe_U4  |FFT_fadd_32ns_32ndEe  |        0|      2|  205|  390|    0|
    |FFT_faddfsub_32nscud_U2  |FFT_faddfsub_32nscud  |        0|      2|  205|  390|    0|
    |FFT_fmul_32ns_32neOg_U5  |FFT_fmul_32ns_32neOg  |        0|      3|  143|  321|    0|
    |FFT_fmul_32ns_32neOg_U6  |FFT_fmul_32ns_32neOg  |        0|      3|  143|  321|    0|
    |FFT_fmul_32ns_32neOg_U7  |FFT_fmul_32ns_32neOg  |        0|      3|  143|  321|    0|
    |FFT_fmul_32ns_32neOg_U8  |FFT_fmul_32ns_32neOg  |        0|      3|  143|  321|    0|
    |FFT_fsub_32ns_32nbkb_U1  |FFT_fsub_32ns_32nbkb  |        0|      2|  205|  390|    0|
    +-------------------------+----------------------+---------+-------+-----+-----+-----+
    |Total                    |                      |        0|     20| 1392| 2844|    0|
    +-------------------------+----------------------+---------+-------+-----+-----+-----+

    * DSP48E: 
    N/A

    * Memory: 
    +------------+---------------+---------+----+----+-----+------+-----+------+-------------+
    |   Memory   |     Module    | BRAM_18K| FF | LUT| URAM| Words| Bits| Banks| W*Bits*Banks|
    +------------+---------------+---------+----+----+-----+------+-----+------+-------------+
    |W_M_imag_U  |FFT0_W_M_imag  |        0|  32|   8|    0|    16|   32|     1|          512|
    |W_M_real_U  |FFT0_W_M_real  |        0|  32|   8|    0|    16|   32|     1|          512|
    +------------+---------------+---------+----+----+-----+------+-----+------+-------------+
    |Total       |               |        0|  64|  16|    0|    32|   64|     2|         1024|
    +------------+---------------+---------+----+----+-----+------+-----+------+-------------+

    * FIFO: 
    N/A

    * Expression: 
    +----------------------------+----------+-------+---+-----+------------+------------+
    |        Variable Name       | Operation| DSP48E| FF| LUT | Bitwidth P0| Bitwidth P1|
    +----------------------------+----------+-------+---+-----+------------+------------+
    |Llimit_fu_389_p2            |     +    |      0|  0|   39|          32|          32|
    |Ulimit_fu_337_p2            |     +    |      0|  0|   39|          32|          32|
    |add_ln33_fu_291_p2          |     +    |      0|  0|   15|           2|           5|
    |add_ln35_fu_305_p2          |     +    |      0|  0|   15|           2|           5|
    |butterfly_pass_fu_359_p2    |     +    |      0|  0|   39|          32|           1|
    |butterfly_span_fu_348_p2    |     +    |      0|  0|   39|          32|           1|
    |i_fu_321_p2                 |     +    |      0|  0|   15|           5|           1|
    |icmp_ln26_fu_315_p2         |   icmp   |      0|  0|   11|           5|           6|
    |icmp_ln33_fu_343_p2         |   icmp   |      0|  0|   18|          32|          32|
    |icmp_ln35_fu_354_p2         |   icmp   |      0|  0|   18|          32|          32|
    |butterfly_pass_1_fu_365_p3  |  select  |      0|  0|   32|           1|          32|
    |butterfly_pass_2_fu_381_p3  |  select  |      0|  0|   32|           1|          32|
    |select_ln33_fu_373_p3       |  select  |      0|  0|   32|           1|          32|
    |index_fu_327_p2             |    shl   |      0|  0|  101|          32|          32|
    |shl_ln28_fu_332_p2          |    shl   |      0|  0|  101|          32|          32|
    +----------------------------+----------+-------+---+-----+------------+------------+
    |Total                       |          |      0|  0|  546|         273|         307|
    +----------------------------+----------+-------+---+-----+------------+------------+

    * Multiplexer: 
    +--------------------------+-----+-----------+-----+-----------+
    |           Name           | LUT | Input Size| Bits| Total Bits|
    +--------------------------+-----+-----------+-----+-----------+
    |ap_NS_fsm                 |  101|         21|    1|         21|
    |butterfly_pass_0_reg_191  |    9|          2|   32|         64|
    |butterfly_span_0_reg_180  |    9|          2|   32|         64|
    |data_IN_M_imag_address0   |   15|          3|    5|         15|
    |data_IN_M_real_address0   |   15|          3|    5|         15|
    |data_OUT_M_imag_address0  |   15|          3|    5|         15|
    |data_OUT_M_imag_d0        |   15|          3|   32|         96|
    |data_OUT_M_real_address0  |   15|          3|    5|         15|
    |data_OUT_M_real_d0        |   15|          3|   32|         96|
    |grp_fu_213_p0             |   15|          3|   32|         96|
    |grp_fu_213_p1             |   15|          3|   32|         96|
    |grp_fu_217_opcode         |   15|          3|    2|          6|
    |grp_fu_217_p0             |   15|          3|   32|         96|
    |grp_fu_217_p1             |   15|          3|   32|         96|
    |i_0_reg_202               |    9|          2|    5|         10|
    +--------------------------+-----+-----------+-----+-----------+
    |Total                     |  293|         60|  284|        801|
    +--------------------------+-----+-----------+-----+-----------+

    * Register: 
    +-------------------------------+----+----+-----+-----------+
    |              Name             | FF | LUT| Bits| Const Bits|
    +-------------------------------+----+----+-----+-----------+
    |FFT_stage_cast1_reg_419        |   6|   0|   32|         26|
    |Ulimit_reg_447                 |  32|   0|   32|          0|
    |ap_CS_fsm                      |  20|   0|   20|          0|
    |butterfly_pass_0_reg_191       |  32|   0|   32|          0|
    |butterfly_pass_2_reg_458       |  32|   0|   32|          0|
    |butterfly_span_0_reg_180       |  32|   0|   32|          0|
    |complex_M_imag_writ_1_reg_542  |  32|   0|   32|          0|
    |complex_M_real_writ_1_reg_537  |  32|   0|   32|          0|
    |i_0_reg_202                    |   5|   0|    5|          0|
    |i_reg_437                      |   5|   0|    5|          0|
    |index_reg_442                  |  32|   0|   32|          0|
    |index_shift_cast_reg_414       |   4|   0|   32|         28|
    |p_r_M_imag_reg_495             |  32|   0|   32|          0|
    |p_r_M_real_reg_489             |  32|   0|   32|          0|
    |pass_shift_cast_reg_409        |   4|   0|   32|         28|
    |reg_245                        |  32|   0|   32|          0|
    |reg_253                        |  32|   0|   32|          0|
    |reg_261                        |  32|   0|   32|          0|
    |reg_268                        |  32|   0|   32|          0|
    |select_ln33_reg_453            |  32|   0|   32|          0|
    |sext_ln30_1_reg_473            |  64|   0|   64|          0|
    |sext_ln31_reg_521              |  64|   0|   64|          0|
    |tmp_3_i_i_reg_506              |  32|   0|   32|          0|
    |tmp_5_i_i_reg_511              |  32|   0|   32|          0|
    |tmp_6_i_i_reg_516              |  32|   0|   32|          0|
    |tmp_i_i_reg_501                |  32|   0|   32|          0|
    |zext_ln33_reg_424              |   5|   0|   32|         27|
    |zext_ln35_reg_429              |   5|   0|   32|         27|
    +-------------------------------+----+----+-----+-----------+
    |Total                          | 758|   0|  894|        136|
    +-------------------------------+----+----+-----+-----------+



================================================================
== Interface
================================================================
* Summary: 
+--------------------------+-----+-----+------------+-----------------+--------------+
|         RTL Ports        | Dir | Bits|  Protocol  |  Source Object  |    C Type    |
+--------------------------+-----+-----+------------+-----------------+--------------+
|ap_clk                    |  in |    1| ap_ctrl_hs |       FFT0      | return value |
|ap_rst                    |  in |    1| ap_ctrl_hs |       FFT0      | return value |
|ap_start                  |  in |    1| ap_ctrl_hs |       FFT0      | return value |
|ap_done                   | out |    1| ap_ctrl_hs |       FFT0      | return value |
|ap_idle                   | out |    1| ap_ctrl_hs |       FFT0      | return value |
|ap_ready                  | out |    1| ap_ctrl_hs |       FFT0      | return value |
|FFT_stage                 |  in |    6|   ap_none  |    FFT_stage    |    scalar    |
|pass_check                |  in |    6|   ap_none  |    pass_check   |    scalar    |
|index_shift               |  in |    4|   ap_none  |   index_shift   |    scalar    |
|pass_shift                |  in |    4|   ap_none  |    pass_shift   |    scalar    |
|data_IN_M_real_address0   | out |    5|  ap_memory |  data_IN_M_real |     array    |
|data_IN_M_real_ce0        | out |    1|  ap_memory |  data_IN_M_real |     array    |
|data_IN_M_real_q0         |  in |   32|  ap_memory |  data_IN_M_real |     array    |
|data_IN_M_imag_address0   | out |    5|  ap_memory |  data_IN_M_imag |     array    |
|data_IN_M_imag_ce0        | out |    1|  ap_memory |  data_IN_M_imag |     array    |
|data_IN_M_imag_q0         |  in |   32|  ap_memory |  data_IN_M_imag |     array    |
|data_OUT_M_real_address0  | out |    5|  ap_memory | data_OUT_M_real |     array    |
|data_OUT_M_real_ce0       | out |    1|  ap_memory | data_OUT_M_real |     array    |
|data_OUT_M_real_we0       | out |    1|  ap_memory | data_OUT_M_real |     array    |
|data_OUT_M_real_d0        | out |   32|  ap_memory | data_OUT_M_real |     array    |
|data_OUT_M_imag_address0  | out |    5|  ap_memory | data_OUT_M_imag |     array    |
|data_OUT_M_imag_ce0       | out |    1|  ap_memory | data_OUT_M_imag |     array    |
|data_OUT_M_imag_we0       | out |    1|  ap_memory | data_OUT_M_imag |     array    |
|data_OUT_M_imag_d0        | out |   32|  ap_memory | data_OUT_M_imag |     array    |
+--------------------------+-----+-----+------------+-----------------+--------------+

