

================================================================
== Vivado HLS Report for 'Block_codeRepl116_pr'
================================================================
* Date:           Thu Dec 31 11:13:05 2020

* Version:        2020.1 (Build 2897737 on Wed May 27 20:21:37 MDT 2020)
* Project:        vhls_v3
* Solution:       solnv3
* Product family: zynq
* Target device:  xc7z020-clg400-1


================================================================
== Performance Estimates
================================================================
+ Timing: 
    * Summary: 
    +--------+----------+----------+------------+
    |  Clock |  Target  | Estimated| Uncertainty|
    +--------+----------+----------+------------+
    |ap_clk  | 10.00 ns | 7.268 ns |   1.25 ns  |
    +--------+----------+----------+------------+

+ Latency: 
    * Summary: 
    +---------+---------+----------+----------+-----+-----+---------+
    |  Latency (cycles) |  Latency (absolute) |  Interval | Pipeline|
    |   min   |   max   |    min   |    max   | min | max |   Type  |
    +---------+---------+----------+----------+-----+-----+---------+
    |       31|       31| 0.310 us | 0.310 us |   31|   31|   none  |
    +---------+---------+----------+----------+-----+-----+---------+

    + Detail: 
        * Instance: 
        N/A

        * Loop: 
        N/A

============================================================
+ Verbose Summary: Synthesis Manager
============================================================
InlineROM: 1
ExposeGlobal: 0
============================================================
+ Verbose Summary: CDFG Model
============================================================
IsTopModel: 0
ResetActiveHigh: 1
IsCombinational: 2
IsDatapathOnly: 0
HasWiredReturn: 1
HasMFsm: 0
HasVarLatency: 1
IsPipeline: 0
IsRtlPipelined: 0
IsInstanceOverlapped: 0
IsDontTouch: 0
HasImplIP: 0
IsGatedGlobalClock: 0


============================================================
+ Verbose Summary: Schedule
============================================================
* Number of FSM states : 32
* Pipeline : 0
* Dataflow Pipeline: 0

* FSM state transitions: 
1 --> 2 
2 --> 3 
3 --> 4 
4 --> 5 
5 --> 6 
6 --> 7 
7 --> 8 
8 --> 9 
9 --> 10 
10 --> 11 
11 --> 12 
12 --> 13 
13 --> 14 
14 --> 15 
15 --> 16 
16 --> 17 
17 --> 18 
18 --> 19 
19 --> 20 
20 --> 21 
21 --> 22 
22 --> 23 
23 --> 24 
24 --> 25 
25 --> 26 
26 --> 27 
27 --> 28 
28 --> 29 
29 --> 30 
30 --> 31 
31 --> 32 
32 --> 

* FSM state operations: 

State 1 <SV = 0> <Delay = 7.26>
ST_1 : Operation 33 [1/1] (3.63ns)   --->   "%win_mode_read = call i8 @_ssdm_op_Read.ap_fifo.i8P(i8* %win_mode)" [vhls_src/fft.cpp:115]   --->   Operation 33 'read' 'win_mode_read' <Predicate = true> <Delay = 3.63> <Core = "FIFO">   --->   Core 32 'FIFO' <Latency = 0> <II = 1> <Delay = 3.63> <Storage> <Opcode : 'read' 'write' 'nbread' 'nbwrite'> <Ports = 0> <Width = 8> <Depth = 2> <FIFO>
ST_1 : Operation 34 [1/1] (3.63ns)   --->   "call void @_ssdm_op_Write.ap_fifo.i8P(i8* %win_mode_out, i8 %win_mode_read)" [vhls_src/fft.cpp:115->vhls_src/fft.cpp:113]   --->   Operation 34 'write' <Predicate = true> <Delay = 3.63> <Core = "FIFO">   --->   Core 32 'FIFO' <Latency = 0> <II = 1> <Delay = 3.63> <Storage> <Opcode : 'read' 'write' 'nbread' 'nbwrite'> <Ports = 0> <Width = 8> <Depth = 2> <FIFO>
ST_1 : Operation 35 [1/1] (0.00ns)   --->   "%xin_M_real_addr_32 = getelementptr inbounds [32 x float]* %xin_M_real, i64 0, i64 0"   --->   Operation 35 'getelementptr' 'xin_M_real_addr_32' <Predicate = true> <Delay = 0.00>
ST_1 : Operation 36 [1/1] (0.00ns)   --->   "%xin_M_imag_addr_32 = getelementptr inbounds [32 x float]* %xin_M_imag, i64 0, i64 0"   --->   Operation 36 'getelementptr' 'xin_M_imag_addr_32' <Predicate = true> <Delay = 0.00>
ST_1 : Operation 37 [1/1] (0.00ns)   --->   "%data_IN_M_real_read = call float @_ssdm_op_Read.axis.volatile.floatP(float* %data_IN_M_real)" [vhls_src/fft.cpp:140->vhls_src/fft.cpp:115->vhls_src/fft.cpp:113]   --->   Operation 37 'read' 'data_IN_M_real_read' <Predicate = true> <Delay = 0.00> <Core = "AXI4Stream">   --->   Core 5 'AXI4Stream' <Latency = 0> <II = 1> <Delay = 1.00> <Adapter> <Opcode : >
ST_1 : Operation 38 [1/1] (3.25ns)   --->   "store float %data_IN_M_real_read, float* %xin_M_real_addr_32, align 16" [vhls_src/fft.cpp:140->vhls_src/fft.cpp:115->vhls_src/fft.cpp:113]   --->   Operation 38 'store' <Predicate = true> <Delay = 3.25> <Core = "RAM">   --->   Core 37 'RAM' <Latency = 1> <II = 1> <Delay = 3.25> <Storage> <Opcode : 'load' 'store'> <Ports = 2> <Width = 32> <Depth = 32> <RAM>
ST_1 : Operation 39 [1/1] (0.00ns)   --->   "%data_IN_M_imag_read = call float @_ssdm_op_Read.axis.volatile.floatP(float* %data_IN_M_imag)" [vhls_src/fft.cpp:140->vhls_src/fft.cpp:115->vhls_src/fft.cpp:113]   --->   Operation 39 'read' 'data_IN_M_imag_read' <Predicate = true> <Delay = 0.00> <Core = "AXI4Stream">   --->   Core 5 'AXI4Stream' <Latency = 0> <II = 1> <Delay = 1.00> <Adapter> <Opcode : >
ST_1 : Operation 40 [1/1] (3.25ns)   --->   "store float %data_IN_M_imag_read, float* %xin_M_imag_addr_32, align 16" [vhls_src/fft.cpp:140->vhls_src/fft.cpp:115->vhls_src/fft.cpp:113]   --->   Operation 40 'store' <Predicate = true> <Delay = 3.25> <Core = "RAM">   --->   Core 37 'RAM' <Latency = 1> <II = 1> <Delay = 3.25> <Storage> <Opcode : 'load' 'store'> <Ports = 2> <Width = 32> <Depth = 32> <RAM>

State 2 <SV = 1> <Delay = 3.25>
ST_2 : Operation 41 [1/1] (0.00ns)   --->   "%xin_M_real_addr_31 = getelementptr inbounds [32 x float]* %xin_M_real, i64 0, i64 1"   --->   Operation 41 'getelementptr' 'xin_M_real_addr_31' <Predicate = true> <Delay = 0.00>
ST_2 : Operation 42 [1/1] (0.00ns)   --->   "%xin_M_imag_addr_31 = getelementptr inbounds [32 x float]* %xin_M_imag, i64 0, i64 1"   --->   Operation 42 'getelementptr' 'xin_M_imag_addr_31' <Predicate = true> <Delay = 0.00>
ST_2 : Operation 43 [1/1] (0.00ns)   --->   "%data_IN_M_real_read_1 = call float @_ssdm_op_Read.axis.volatile.floatP(float* %data_IN_M_real)" [vhls_src/fft.cpp:140->vhls_src/fft.cpp:115->vhls_src/fft.cpp:113]   --->   Operation 43 'read' 'data_IN_M_real_read_1' <Predicate = true> <Delay = 0.00> <Core = "AXI4Stream">   --->   Core 5 'AXI4Stream' <Latency = 0> <II = 1> <Delay = 1.00> <Adapter> <Opcode : >
ST_2 : Operation 44 [1/1] (3.25ns)   --->   "store float %data_IN_M_real_read_1, float* %xin_M_real_addr_31, align 8" [vhls_src/fft.cpp:140->vhls_src/fft.cpp:115->vhls_src/fft.cpp:113]   --->   Operation 44 'store' <Predicate = true> <Delay = 3.25> <Core = "RAM">   --->   Core 37 'RAM' <Latency = 1> <II = 1> <Delay = 3.25> <Storage> <Opcode : 'load' 'store'> <Ports = 2> <Width = 32> <Depth = 32> <RAM>
ST_2 : Operation 45 [1/1] (0.00ns)   --->   "%data_IN_M_imag_read_1 = call float @_ssdm_op_Read.axis.volatile.floatP(float* %data_IN_M_imag)" [vhls_src/fft.cpp:140->vhls_src/fft.cpp:115->vhls_src/fft.cpp:113]   --->   Operation 45 'read' 'data_IN_M_imag_read_1' <Predicate = true> <Delay = 0.00> <Core = "AXI4Stream">   --->   Core 5 'AXI4Stream' <Latency = 0> <II = 1> <Delay = 1.00> <Adapter> <Opcode : >
ST_2 : Operation 46 [1/1] (3.25ns)   --->   "store float %data_IN_M_imag_read_1, float* %xin_M_imag_addr_31, align 4" [vhls_src/fft.cpp:140->vhls_src/fft.cpp:115->vhls_src/fft.cpp:113]   --->   Operation 46 'store' <Predicate = true> <Delay = 3.25> <Core = "RAM">   --->   Core 37 'RAM' <Latency = 1> <II = 1> <Delay = 3.25> <Storage> <Opcode : 'load' 'store'> <Ports = 2> <Width = 32> <Depth = 32> <RAM>

State 3 <SV = 2> <Delay = 3.25>
ST_3 : Operation 47 [1/1] (0.00ns)   --->   "%xin_M_real_addr_30 = getelementptr inbounds [32 x float]* %xin_M_real, i64 0, i64 2"   --->   Operation 47 'getelementptr' 'xin_M_real_addr_30' <Predicate = true> <Delay = 0.00>
ST_3 : Operation 48 [1/1] (0.00ns)   --->   "%xin_M_imag_addr_30 = getelementptr inbounds [32 x float]* %xin_M_imag, i64 0, i64 2"   --->   Operation 48 'getelementptr' 'xin_M_imag_addr_30' <Predicate = true> <Delay = 0.00>
ST_3 : Operation 49 [1/1] (0.00ns)   --->   "%data_IN_M_real_read_2 = call float @_ssdm_op_Read.axis.volatile.floatP(float* %data_IN_M_real)" [vhls_src/fft.cpp:140->vhls_src/fft.cpp:115->vhls_src/fft.cpp:113]   --->   Operation 49 'read' 'data_IN_M_real_read_2' <Predicate = true> <Delay = 0.00> <Core = "AXI4Stream">   --->   Core 5 'AXI4Stream' <Latency = 0> <II = 1> <Delay = 1.00> <Adapter> <Opcode : >
ST_3 : Operation 50 [1/1] (3.25ns)   --->   "store float %data_IN_M_real_read_2, float* %xin_M_real_addr_30, align 8" [vhls_src/fft.cpp:140->vhls_src/fft.cpp:115->vhls_src/fft.cpp:113]   --->   Operation 50 'store' <Predicate = true> <Delay = 3.25> <Core = "RAM">   --->   Core 37 'RAM' <Latency = 1> <II = 1> <Delay = 3.25> <Storage> <Opcode : 'load' 'store'> <Ports = 2> <Width = 32> <Depth = 32> <RAM>
ST_3 : Operation 51 [1/1] (0.00ns)   --->   "%data_IN_M_imag_read_2 = call float @_ssdm_op_Read.axis.volatile.floatP(float* %data_IN_M_imag)" [vhls_src/fft.cpp:140->vhls_src/fft.cpp:115->vhls_src/fft.cpp:113]   --->   Operation 51 'read' 'data_IN_M_imag_read_2' <Predicate = true> <Delay = 0.00> <Core = "AXI4Stream">   --->   Core 5 'AXI4Stream' <Latency = 0> <II = 1> <Delay = 1.00> <Adapter> <Opcode : >
ST_3 : Operation 52 [1/1] (3.25ns)   --->   "store float %data_IN_M_imag_read_2, float* %xin_M_imag_addr_30, align 8" [vhls_src/fft.cpp:140->vhls_src/fft.cpp:115->vhls_src/fft.cpp:113]   --->   Operation 52 'store' <Predicate = true> <Delay = 3.25> <Core = "RAM">   --->   Core 37 'RAM' <Latency = 1> <II = 1> <Delay = 3.25> <Storage> <Opcode : 'load' 'store'> <Ports = 2> <Width = 32> <Depth = 32> <RAM>

State 4 <SV = 3> <Delay = 3.25>
ST_4 : Operation 53 [1/1] (0.00ns)   --->   "%xin_M_real_addr_29 = getelementptr inbounds [32 x float]* %xin_M_real, i64 0, i64 3"   --->   Operation 53 'getelementptr' 'xin_M_real_addr_29' <Predicate = true> <Delay = 0.00>
ST_4 : Operation 54 [1/1] (0.00ns)   --->   "%xin_M_imag_addr_29 = getelementptr inbounds [32 x float]* %xin_M_imag, i64 0, i64 3"   --->   Operation 54 'getelementptr' 'xin_M_imag_addr_29' <Predicate = true> <Delay = 0.00>
ST_4 : Operation 55 [1/1] (0.00ns)   --->   "%data_IN_M_real_read_3 = call float @_ssdm_op_Read.axis.volatile.floatP(float* %data_IN_M_real)" [vhls_src/fft.cpp:140->vhls_src/fft.cpp:115->vhls_src/fft.cpp:113]   --->   Operation 55 'read' 'data_IN_M_real_read_3' <Predicate = true> <Delay = 0.00> <Core = "AXI4Stream">   --->   Core 5 'AXI4Stream' <Latency = 0> <II = 1> <Delay = 1.00> <Adapter> <Opcode : >
ST_4 : Operation 56 [1/1] (3.25ns)   --->   "store float %data_IN_M_real_read_3, float* %xin_M_real_addr_29, align 8" [vhls_src/fft.cpp:140->vhls_src/fft.cpp:115->vhls_src/fft.cpp:113]   --->   Operation 56 'store' <Predicate = true> <Delay = 3.25> <Core = "RAM">   --->   Core 37 'RAM' <Latency = 1> <II = 1> <Delay = 3.25> <Storage> <Opcode : 'load' 'store'> <Ports = 2> <Width = 32> <Depth = 32> <RAM>
ST_4 : Operation 57 [1/1] (0.00ns)   --->   "%data_IN_M_imag_read_3 = call float @_ssdm_op_Read.axis.volatile.floatP(float* %data_IN_M_imag)" [vhls_src/fft.cpp:140->vhls_src/fft.cpp:115->vhls_src/fft.cpp:113]   --->   Operation 57 'read' 'data_IN_M_imag_read_3' <Predicate = true> <Delay = 0.00> <Core = "AXI4Stream">   --->   Core 5 'AXI4Stream' <Latency = 0> <II = 1> <Delay = 1.00> <Adapter> <Opcode : >
ST_4 : Operation 58 [1/1] (3.25ns)   --->   "store float %data_IN_M_imag_read_3, float* %xin_M_imag_addr_29, align 4" [vhls_src/fft.cpp:140->vhls_src/fft.cpp:115->vhls_src/fft.cpp:113]   --->   Operation 58 'store' <Predicate = true> <Delay = 3.25> <Core = "RAM">   --->   Core 37 'RAM' <Latency = 1> <II = 1> <Delay = 3.25> <Storage> <Opcode : 'load' 'store'> <Ports = 2> <Width = 32> <Depth = 32> <RAM>

State 5 <SV = 4> <Delay = 3.25>
ST_5 : Operation 59 [1/1] (0.00ns)   --->   "%xin_M_real_addr_28 = getelementptr inbounds [32 x float]* %xin_M_real, i64 0, i64 4"   --->   Operation 59 'getelementptr' 'xin_M_real_addr_28' <Predicate = true> <Delay = 0.00>
ST_5 : Operation 60 [1/1] (0.00ns)   --->   "%xin_M_imag_addr_28 = getelementptr inbounds [32 x float]* %xin_M_imag, i64 0, i64 4"   --->   Operation 60 'getelementptr' 'xin_M_imag_addr_28' <Predicate = true> <Delay = 0.00>
ST_5 : Operation 61 [1/1] (0.00ns)   --->   "%data_IN_M_real_read_4 = call float @_ssdm_op_Read.axis.volatile.floatP(float* %data_IN_M_real)" [vhls_src/fft.cpp:140->vhls_src/fft.cpp:115->vhls_src/fft.cpp:113]   --->   Operation 61 'read' 'data_IN_M_real_read_4' <Predicate = true> <Delay = 0.00> <Core = "AXI4Stream">   --->   Core 5 'AXI4Stream' <Latency = 0> <II = 1> <Delay = 1.00> <Adapter> <Opcode : >
ST_5 : Operation 62 [1/1] (3.25ns)   --->   "store float %data_IN_M_real_read_4, float* %xin_M_real_addr_28, align 16" [vhls_src/fft.cpp:140->vhls_src/fft.cpp:115->vhls_src/fft.cpp:113]   --->   Operation 62 'store' <Predicate = true> <Delay = 3.25> <Core = "RAM">   --->   Core 37 'RAM' <Latency = 1> <II = 1> <Delay = 3.25> <Storage> <Opcode : 'load' 'store'> <Ports = 2> <Width = 32> <Depth = 32> <RAM>
ST_5 : Operation 63 [1/1] (0.00ns)   --->   "%data_IN_M_imag_read_4 = call float @_ssdm_op_Read.axis.volatile.floatP(float* %data_IN_M_imag)" [vhls_src/fft.cpp:140->vhls_src/fft.cpp:115->vhls_src/fft.cpp:113]   --->   Operation 63 'read' 'data_IN_M_imag_read_4' <Predicate = true> <Delay = 0.00> <Core = "AXI4Stream">   --->   Core 5 'AXI4Stream' <Latency = 0> <II = 1> <Delay = 1.00> <Adapter> <Opcode : >
ST_5 : Operation 64 [1/1] (3.25ns)   --->   "store float %data_IN_M_imag_read_4, float* %xin_M_imag_addr_28, align 16" [vhls_src/fft.cpp:140->vhls_src/fft.cpp:115->vhls_src/fft.cpp:113]   --->   Operation 64 'store' <Predicate = true> <Delay = 3.25> <Core = "RAM">   --->   Core 37 'RAM' <Latency = 1> <II = 1> <Delay = 3.25> <Storage> <Opcode : 'load' 'store'> <Ports = 2> <Width = 32> <Depth = 32> <RAM>

State 6 <SV = 5> <Delay = 3.25>
ST_6 : Operation 65 [1/1] (0.00ns)   --->   "%xin_M_real_addr_27 = getelementptr inbounds [32 x float]* %xin_M_real, i64 0, i64 5"   --->   Operation 65 'getelementptr' 'xin_M_real_addr_27' <Predicate = true> <Delay = 0.00>
ST_6 : Operation 66 [1/1] (0.00ns)   --->   "%xin_M_imag_addr_27 = getelementptr inbounds [32 x float]* %xin_M_imag, i64 0, i64 5"   --->   Operation 66 'getelementptr' 'xin_M_imag_addr_27' <Predicate = true> <Delay = 0.00>
ST_6 : Operation 67 [1/1] (0.00ns)   --->   "%data_IN_M_real_read_5 = call float @_ssdm_op_Read.axis.volatile.floatP(float* %data_IN_M_real)" [vhls_src/fft.cpp:140->vhls_src/fft.cpp:115->vhls_src/fft.cpp:113]   --->   Operation 67 'read' 'data_IN_M_real_read_5' <Predicate = true> <Delay = 0.00> <Core = "AXI4Stream">   --->   Core 5 'AXI4Stream' <Latency = 0> <II = 1> <Delay = 1.00> <Adapter> <Opcode : >
ST_6 : Operation 68 [1/1] (3.25ns)   --->   "store float %data_IN_M_real_read_5, float* %xin_M_real_addr_27, align 8" [vhls_src/fft.cpp:140->vhls_src/fft.cpp:115->vhls_src/fft.cpp:113]   --->   Operation 68 'store' <Predicate = true> <Delay = 3.25> <Core = "RAM">   --->   Core 37 'RAM' <Latency = 1> <II = 1> <Delay = 3.25> <Storage> <Opcode : 'load' 'store'> <Ports = 2> <Width = 32> <Depth = 32> <RAM>
ST_6 : Operation 69 [1/1] (0.00ns)   --->   "%data_IN_M_imag_read_5 = call float @_ssdm_op_Read.axis.volatile.floatP(float* %data_IN_M_imag)" [vhls_src/fft.cpp:140->vhls_src/fft.cpp:115->vhls_src/fft.cpp:113]   --->   Operation 69 'read' 'data_IN_M_imag_read_5' <Predicate = true> <Delay = 0.00> <Core = "AXI4Stream">   --->   Core 5 'AXI4Stream' <Latency = 0> <II = 1> <Delay = 1.00> <Adapter> <Opcode : >
ST_6 : Operation 70 [1/1] (3.25ns)   --->   "store float %data_IN_M_imag_read_5, float* %xin_M_imag_addr_27, align 4" [vhls_src/fft.cpp:140->vhls_src/fft.cpp:115->vhls_src/fft.cpp:113]   --->   Operation 70 'store' <Predicate = true> <Delay = 3.25> <Core = "RAM">   --->   Core 37 'RAM' <Latency = 1> <II = 1> <Delay = 3.25> <Storage> <Opcode : 'load' 'store'> <Ports = 2> <Width = 32> <Depth = 32> <RAM>

State 7 <SV = 6> <Delay = 3.25>
ST_7 : Operation 71 [1/1] (0.00ns)   --->   "%xin_M_real_addr_26 = getelementptr inbounds [32 x float]* %xin_M_real, i64 0, i64 6"   --->   Operation 71 'getelementptr' 'xin_M_real_addr_26' <Predicate = true> <Delay = 0.00>
ST_7 : Operation 72 [1/1] (0.00ns)   --->   "%xin_M_imag_addr_26 = getelementptr inbounds [32 x float]* %xin_M_imag, i64 0, i64 6"   --->   Operation 72 'getelementptr' 'xin_M_imag_addr_26' <Predicate = true> <Delay = 0.00>
ST_7 : Operation 73 [1/1] (0.00ns)   --->   "%data_IN_M_real_read_6 = call float @_ssdm_op_Read.axis.volatile.floatP(float* %data_IN_M_real)" [vhls_src/fft.cpp:140->vhls_src/fft.cpp:115->vhls_src/fft.cpp:113]   --->   Operation 73 'read' 'data_IN_M_real_read_6' <Predicate = true> <Delay = 0.00> <Core = "AXI4Stream">   --->   Core 5 'AXI4Stream' <Latency = 0> <II = 1> <Delay = 1.00> <Adapter> <Opcode : >
ST_7 : Operation 74 [1/1] (3.25ns)   --->   "store float %data_IN_M_real_read_6, float* %xin_M_real_addr_26, align 8" [vhls_src/fft.cpp:140->vhls_src/fft.cpp:115->vhls_src/fft.cpp:113]   --->   Operation 74 'store' <Predicate = true> <Delay = 3.25> <Core = "RAM">   --->   Core 37 'RAM' <Latency = 1> <II = 1> <Delay = 3.25> <Storage> <Opcode : 'load' 'store'> <Ports = 2> <Width = 32> <Depth = 32> <RAM>
ST_7 : Operation 75 [1/1] (0.00ns)   --->   "%data_IN_M_imag_read_6 = call float @_ssdm_op_Read.axis.volatile.floatP(float* %data_IN_M_imag)" [vhls_src/fft.cpp:140->vhls_src/fft.cpp:115->vhls_src/fft.cpp:113]   --->   Operation 75 'read' 'data_IN_M_imag_read_6' <Predicate = true> <Delay = 0.00> <Core = "AXI4Stream">   --->   Core 5 'AXI4Stream' <Latency = 0> <II = 1> <Delay = 1.00> <Adapter> <Opcode : >
ST_7 : Operation 76 [1/1] (3.25ns)   --->   "store float %data_IN_M_imag_read_6, float* %xin_M_imag_addr_26, align 8" [vhls_src/fft.cpp:140->vhls_src/fft.cpp:115->vhls_src/fft.cpp:113]   --->   Operation 76 'store' <Predicate = true> <Delay = 3.25> <Core = "RAM">   --->   Core 37 'RAM' <Latency = 1> <II = 1> <Delay = 3.25> <Storage> <Opcode : 'load' 'store'> <Ports = 2> <Width = 32> <Depth = 32> <RAM>

State 8 <SV = 7> <Delay = 3.25>
ST_8 : Operation 77 [1/1] (0.00ns)   --->   "%xin_M_real_addr_25 = getelementptr inbounds [32 x float]* %xin_M_real, i64 0, i64 7"   --->   Operation 77 'getelementptr' 'xin_M_real_addr_25' <Predicate = true> <Delay = 0.00>
ST_8 : Operation 78 [1/1] (0.00ns)   --->   "%xin_M_imag_addr_25 = getelementptr inbounds [32 x float]* %xin_M_imag, i64 0, i64 7"   --->   Operation 78 'getelementptr' 'xin_M_imag_addr_25' <Predicate = true> <Delay = 0.00>
ST_8 : Operation 79 [1/1] (0.00ns)   --->   "%data_IN_M_real_read_7 = call float @_ssdm_op_Read.axis.volatile.floatP(float* %data_IN_M_real)" [vhls_src/fft.cpp:140->vhls_src/fft.cpp:115->vhls_src/fft.cpp:113]   --->   Operation 79 'read' 'data_IN_M_real_read_7' <Predicate = true> <Delay = 0.00> <Core = "AXI4Stream">   --->   Core 5 'AXI4Stream' <Latency = 0> <II = 1> <Delay = 1.00> <Adapter> <Opcode : >
ST_8 : Operation 80 [1/1] (3.25ns)   --->   "store float %data_IN_M_real_read_7, float* %xin_M_real_addr_25, align 8" [vhls_src/fft.cpp:140->vhls_src/fft.cpp:115->vhls_src/fft.cpp:113]   --->   Operation 80 'store' <Predicate = true> <Delay = 3.25> <Core = "RAM">   --->   Core 37 'RAM' <Latency = 1> <II = 1> <Delay = 3.25> <Storage> <Opcode : 'load' 'store'> <Ports = 2> <Width = 32> <Depth = 32> <RAM>
ST_8 : Operation 81 [1/1] (0.00ns)   --->   "%data_IN_M_imag_read_7 = call float @_ssdm_op_Read.axis.volatile.floatP(float* %data_IN_M_imag)" [vhls_src/fft.cpp:140->vhls_src/fft.cpp:115->vhls_src/fft.cpp:113]   --->   Operation 81 'read' 'data_IN_M_imag_read_7' <Predicate = true> <Delay = 0.00> <Core = "AXI4Stream">   --->   Core 5 'AXI4Stream' <Latency = 0> <II = 1> <Delay = 1.00> <Adapter> <Opcode : >
ST_8 : Operation 82 [1/1] (3.25ns)   --->   "store float %data_IN_M_imag_read_7, float* %xin_M_imag_addr_25, align 4" [vhls_src/fft.cpp:140->vhls_src/fft.cpp:115->vhls_src/fft.cpp:113]   --->   Operation 82 'store' <Predicate = true> <Delay = 3.25> <Core = "RAM">   --->   Core 37 'RAM' <Latency = 1> <II = 1> <Delay = 3.25> <Storage> <Opcode : 'load' 'store'> <Ports = 2> <Width = 32> <Depth = 32> <RAM>

State 9 <SV = 8> <Delay = 3.25>
ST_9 : Operation 83 [1/1] (0.00ns)   --->   "%xin_M_real_addr_24 = getelementptr inbounds [32 x float]* %xin_M_real, i64 0, i64 8"   --->   Operation 83 'getelementptr' 'xin_M_real_addr_24' <Predicate = true> <Delay = 0.00>
ST_9 : Operation 84 [1/1] (0.00ns)   --->   "%xin_M_imag_addr_24 = getelementptr inbounds [32 x float]* %xin_M_imag, i64 0, i64 8"   --->   Operation 84 'getelementptr' 'xin_M_imag_addr_24' <Predicate = true> <Delay = 0.00>
ST_9 : Operation 85 [1/1] (0.00ns)   --->   "%data_IN_M_real_read_8 = call float @_ssdm_op_Read.axis.volatile.floatP(float* %data_IN_M_real)" [vhls_src/fft.cpp:140->vhls_src/fft.cpp:115->vhls_src/fft.cpp:113]   --->   Operation 85 'read' 'data_IN_M_real_read_8' <Predicate = true> <Delay = 0.00> <Core = "AXI4Stream">   --->   Core 5 'AXI4Stream' <Latency = 0> <II = 1> <Delay = 1.00> <Adapter> <Opcode : >
ST_9 : Operation 86 [1/1] (3.25ns)   --->   "store float %data_IN_M_real_read_8, float* %xin_M_real_addr_24, align 16" [vhls_src/fft.cpp:140->vhls_src/fft.cpp:115->vhls_src/fft.cpp:113]   --->   Operation 86 'store' <Predicate = true> <Delay = 3.25> <Core = "RAM">   --->   Core 37 'RAM' <Latency = 1> <II = 1> <Delay = 3.25> <Storage> <Opcode : 'load' 'store'> <Ports = 2> <Width = 32> <Depth = 32> <RAM>
ST_9 : Operation 87 [1/1] (0.00ns)   --->   "%data_IN_M_imag_read_8 = call float @_ssdm_op_Read.axis.volatile.floatP(float* %data_IN_M_imag)" [vhls_src/fft.cpp:140->vhls_src/fft.cpp:115->vhls_src/fft.cpp:113]   --->   Operation 87 'read' 'data_IN_M_imag_read_8' <Predicate = true> <Delay = 0.00> <Core = "AXI4Stream">   --->   Core 5 'AXI4Stream' <Latency = 0> <II = 1> <Delay = 1.00> <Adapter> <Opcode : >
ST_9 : Operation 88 [1/1] (3.25ns)   --->   "store float %data_IN_M_imag_read_8, float* %xin_M_imag_addr_24, align 16" [vhls_src/fft.cpp:140->vhls_src/fft.cpp:115->vhls_src/fft.cpp:113]   --->   Operation 88 'store' <Predicate = true> <Delay = 3.25> <Core = "RAM">   --->   Core 37 'RAM' <Latency = 1> <II = 1> <Delay = 3.25> <Storage> <Opcode : 'load' 'store'> <Ports = 2> <Width = 32> <Depth = 32> <RAM>

State 10 <SV = 9> <Delay = 3.25>
ST_10 : Operation 89 [1/1] (0.00ns)   --->   "%xin_M_real_addr_23 = getelementptr inbounds [32 x float]* %xin_M_real, i64 0, i64 9"   --->   Operation 89 'getelementptr' 'xin_M_real_addr_23' <Predicate = true> <Delay = 0.00>
ST_10 : Operation 90 [1/1] (0.00ns)   --->   "%xin_M_imag_addr_23 = getelementptr inbounds [32 x float]* %xin_M_imag, i64 0, i64 9"   --->   Operation 90 'getelementptr' 'xin_M_imag_addr_23' <Predicate = true> <Delay = 0.00>
ST_10 : Operation 91 [1/1] (0.00ns)   --->   "%data_IN_M_real_read_9 = call float @_ssdm_op_Read.axis.volatile.floatP(float* %data_IN_M_real)" [vhls_src/fft.cpp:140->vhls_src/fft.cpp:115->vhls_src/fft.cpp:113]   --->   Operation 91 'read' 'data_IN_M_real_read_9' <Predicate = true> <Delay = 0.00> <Core = "AXI4Stream">   --->   Core 5 'AXI4Stream' <Latency = 0> <II = 1> <Delay = 1.00> <Adapter> <Opcode : >
ST_10 : Operation 92 [1/1] (3.25ns)   --->   "store float %data_IN_M_real_read_9, float* %xin_M_real_addr_23, align 8" [vhls_src/fft.cpp:140->vhls_src/fft.cpp:115->vhls_src/fft.cpp:113]   --->   Operation 92 'store' <Predicate = true> <Delay = 3.25> <Core = "RAM">   --->   Core 37 'RAM' <Latency = 1> <II = 1> <Delay = 3.25> <Storage> <Opcode : 'load' 'store'> <Ports = 2> <Width = 32> <Depth = 32> <RAM>
ST_10 : Operation 93 [1/1] (0.00ns)   --->   "%data_IN_M_imag_read_9 = call float @_ssdm_op_Read.axis.volatile.floatP(float* %data_IN_M_imag)" [vhls_src/fft.cpp:140->vhls_src/fft.cpp:115->vhls_src/fft.cpp:113]   --->   Operation 93 'read' 'data_IN_M_imag_read_9' <Predicate = true> <Delay = 0.00> <Core = "AXI4Stream">   --->   Core 5 'AXI4Stream' <Latency = 0> <II = 1> <Delay = 1.00> <Adapter> <Opcode : >
ST_10 : Operation 94 [1/1] (3.25ns)   --->   "store float %data_IN_M_imag_read_9, float* %xin_M_imag_addr_23, align 4" [vhls_src/fft.cpp:140->vhls_src/fft.cpp:115->vhls_src/fft.cpp:113]   --->   Operation 94 'store' <Predicate = true> <Delay = 3.25> <Core = "RAM">   --->   Core 37 'RAM' <Latency = 1> <II = 1> <Delay = 3.25> <Storage> <Opcode : 'load' 'store'> <Ports = 2> <Width = 32> <Depth = 32> <RAM>

State 11 <SV = 10> <Delay = 3.25>
ST_11 : Operation 95 [1/1] (0.00ns)   --->   "%xin_M_real_addr_22 = getelementptr inbounds [32 x float]* %xin_M_real, i64 0, i64 10"   --->   Operation 95 'getelementptr' 'xin_M_real_addr_22' <Predicate = true> <Delay = 0.00>
ST_11 : Operation 96 [1/1] (0.00ns)   --->   "%xin_M_imag_addr_22 = getelementptr inbounds [32 x float]* %xin_M_imag, i64 0, i64 10"   --->   Operation 96 'getelementptr' 'xin_M_imag_addr_22' <Predicate = true> <Delay = 0.00>
ST_11 : Operation 97 [1/1] (0.00ns)   --->   "%data_IN_M_real_read_10 = call float @_ssdm_op_Read.axis.volatile.floatP(float* %data_IN_M_real)" [vhls_src/fft.cpp:140->vhls_src/fft.cpp:115->vhls_src/fft.cpp:113]   --->   Operation 97 'read' 'data_IN_M_real_read_10' <Predicate = true> <Delay = 0.00> <Core = "AXI4Stream">   --->   Core 5 'AXI4Stream' <Latency = 0> <II = 1> <Delay = 1.00> <Adapter> <Opcode : >
ST_11 : Operation 98 [1/1] (3.25ns)   --->   "store float %data_IN_M_real_read_10, float* %xin_M_real_addr_22, align 8" [vhls_src/fft.cpp:140->vhls_src/fft.cpp:115->vhls_src/fft.cpp:113]   --->   Operation 98 'store' <Predicate = true> <Delay = 3.25> <Core = "RAM">   --->   Core 37 'RAM' <Latency = 1> <II = 1> <Delay = 3.25> <Storage> <Opcode : 'load' 'store'> <Ports = 2> <Width = 32> <Depth = 32> <RAM>
ST_11 : Operation 99 [1/1] (0.00ns)   --->   "%data_IN_M_imag_read_10 = call float @_ssdm_op_Read.axis.volatile.floatP(float* %data_IN_M_imag)" [vhls_src/fft.cpp:140->vhls_src/fft.cpp:115->vhls_src/fft.cpp:113]   --->   Operation 99 'read' 'data_IN_M_imag_read_10' <Predicate = true> <Delay = 0.00> <Core = "AXI4Stream">   --->   Core 5 'AXI4Stream' <Latency = 0> <II = 1> <Delay = 1.00> <Adapter> <Opcode : >
ST_11 : Operation 100 [1/1] (3.25ns)   --->   "store float %data_IN_M_imag_read_10, float* %xin_M_imag_addr_22, align 8" [vhls_src/fft.cpp:140->vhls_src/fft.cpp:115->vhls_src/fft.cpp:113]   --->   Operation 100 'store' <Predicate = true> <Delay = 3.25> <Core = "RAM">   --->   Core 37 'RAM' <Latency = 1> <II = 1> <Delay = 3.25> <Storage> <Opcode : 'load' 'store'> <Ports = 2> <Width = 32> <Depth = 32> <RAM>

State 12 <SV = 11> <Delay = 3.25>
ST_12 : Operation 101 [1/1] (0.00ns)   --->   "%xin_M_real_addr_21 = getelementptr inbounds [32 x float]* %xin_M_real, i64 0, i64 11"   --->   Operation 101 'getelementptr' 'xin_M_real_addr_21' <Predicate = true> <Delay = 0.00>
ST_12 : Operation 102 [1/1] (0.00ns)   --->   "%xin_M_imag_addr_21 = getelementptr inbounds [32 x float]* %xin_M_imag, i64 0, i64 11"   --->   Operation 102 'getelementptr' 'xin_M_imag_addr_21' <Predicate = true> <Delay = 0.00>
ST_12 : Operation 103 [1/1] (0.00ns)   --->   "%data_IN_M_real_read_11 = call float @_ssdm_op_Read.axis.volatile.floatP(float* %data_IN_M_real)" [vhls_src/fft.cpp:140->vhls_src/fft.cpp:115->vhls_src/fft.cpp:113]   --->   Operation 103 'read' 'data_IN_M_real_read_11' <Predicate = true> <Delay = 0.00> <Core = "AXI4Stream">   --->   Core 5 'AXI4Stream' <Latency = 0> <II = 1> <Delay = 1.00> <Adapter> <Opcode : >
ST_12 : Operation 104 [1/1] (3.25ns)   --->   "store float %data_IN_M_real_read_11, float* %xin_M_real_addr_21, align 8" [vhls_src/fft.cpp:140->vhls_src/fft.cpp:115->vhls_src/fft.cpp:113]   --->   Operation 104 'store' <Predicate = true> <Delay = 3.25> <Core = "RAM">   --->   Core 37 'RAM' <Latency = 1> <II = 1> <Delay = 3.25> <Storage> <Opcode : 'load' 'store'> <Ports = 2> <Width = 32> <Depth = 32> <RAM>
ST_12 : Operation 105 [1/1] (0.00ns)   --->   "%data_IN_M_imag_read_11 = call float @_ssdm_op_Read.axis.volatile.floatP(float* %data_IN_M_imag)" [vhls_src/fft.cpp:140->vhls_src/fft.cpp:115->vhls_src/fft.cpp:113]   --->   Operation 105 'read' 'data_IN_M_imag_read_11' <Predicate = true> <Delay = 0.00> <Core = "AXI4Stream">   --->   Core 5 'AXI4Stream' <Latency = 0> <II = 1> <Delay = 1.00> <Adapter> <Opcode : >
ST_12 : Operation 106 [1/1] (3.25ns)   --->   "store float %data_IN_M_imag_read_11, float* %xin_M_imag_addr_21, align 4" [vhls_src/fft.cpp:140->vhls_src/fft.cpp:115->vhls_src/fft.cpp:113]   --->   Operation 106 'store' <Predicate = true> <Delay = 3.25> <Core = "RAM">   --->   Core 37 'RAM' <Latency = 1> <II = 1> <Delay = 3.25> <Storage> <Opcode : 'load' 'store'> <Ports = 2> <Width = 32> <Depth = 32> <RAM>

State 13 <SV = 12> <Delay = 3.25>
ST_13 : Operation 107 [1/1] (0.00ns)   --->   "%xin_M_real_addr_20 = getelementptr inbounds [32 x float]* %xin_M_real, i64 0, i64 12"   --->   Operation 107 'getelementptr' 'xin_M_real_addr_20' <Predicate = true> <Delay = 0.00>
ST_13 : Operation 108 [1/1] (0.00ns)   --->   "%xin_M_imag_addr_20 = getelementptr inbounds [32 x float]* %xin_M_imag, i64 0, i64 12"   --->   Operation 108 'getelementptr' 'xin_M_imag_addr_20' <Predicate = true> <Delay = 0.00>
ST_13 : Operation 109 [1/1] (0.00ns)   --->   "%data_IN_M_real_read_12 = call float @_ssdm_op_Read.axis.volatile.floatP(float* %data_IN_M_real)" [vhls_src/fft.cpp:140->vhls_src/fft.cpp:115->vhls_src/fft.cpp:113]   --->   Operation 109 'read' 'data_IN_M_real_read_12' <Predicate = true> <Delay = 0.00> <Core = "AXI4Stream">   --->   Core 5 'AXI4Stream' <Latency = 0> <II = 1> <Delay = 1.00> <Adapter> <Opcode : >
ST_13 : Operation 110 [1/1] (3.25ns)   --->   "store float %data_IN_M_real_read_12, float* %xin_M_real_addr_20, align 16" [vhls_src/fft.cpp:140->vhls_src/fft.cpp:115->vhls_src/fft.cpp:113]   --->   Operation 110 'store' <Predicate = true> <Delay = 3.25> <Core = "RAM">   --->   Core 37 'RAM' <Latency = 1> <II = 1> <Delay = 3.25> <Storage> <Opcode : 'load' 'store'> <Ports = 2> <Width = 32> <Depth = 32> <RAM>
ST_13 : Operation 111 [1/1] (0.00ns)   --->   "%data_IN_M_imag_read_12 = call float @_ssdm_op_Read.axis.volatile.floatP(float* %data_IN_M_imag)" [vhls_src/fft.cpp:140->vhls_src/fft.cpp:115->vhls_src/fft.cpp:113]   --->   Operation 111 'read' 'data_IN_M_imag_read_12' <Predicate = true> <Delay = 0.00> <Core = "AXI4Stream">   --->   Core 5 'AXI4Stream' <Latency = 0> <II = 1> <Delay = 1.00> <Adapter> <Opcode : >
ST_13 : Operation 112 [1/1] (3.25ns)   --->   "store float %data_IN_M_imag_read_12, float* %xin_M_imag_addr_20, align 16" [vhls_src/fft.cpp:140->vhls_src/fft.cpp:115->vhls_src/fft.cpp:113]   --->   Operation 112 'store' <Predicate = true> <Delay = 3.25> <Core = "RAM">   --->   Core 37 'RAM' <Latency = 1> <II = 1> <Delay = 3.25> <Storage> <Opcode : 'load' 'store'> <Ports = 2> <Width = 32> <Depth = 32> <RAM>

State 14 <SV = 13> <Delay = 3.25>
ST_14 : Operation 113 [1/1] (0.00ns)   --->   "%xin_M_real_addr_19 = getelementptr inbounds [32 x float]* %xin_M_real, i64 0, i64 13"   --->   Operation 113 'getelementptr' 'xin_M_real_addr_19' <Predicate = true> <Delay = 0.00>
ST_14 : Operation 114 [1/1] (0.00ns)   --->   "%xin_M_imag_addr_19 = getelementptr inbounds [32 x float]* %xin_M_imag, i64 0, i64 13"   --->   Operation 114 'getelementptr' 'xin_M_imag_addr_19' <Predicate = true> <Delay = 0.00>
ST_14 : Operation 115 [1/1] (0.00ns)   --->   "%data_IN_M_real_read_13 = call float @_ssdm_op_Read.axis.volatile.floatP(float* %data_IN_M_real)" [vhls_src/fft.cpp:140->vhls_src/fft.cpp:115->vhls_src/fft.cpp:113]   --->   Operation 115 'read' 'data_IN_M_real_read_13' <Predicate = true> <Delay = 0.00> <Core = "AXI4Stream">   --->   Core 5 'AXI4Stream' <Latency = 0> <II = 1> <Delay = 1.00> <Adapter> <Opcode : >
ST_14 : Operation 116 [1/1] (3.25ns)   --->   "store float %data_IN_M_real_read_13, float* %xin_M_real_addr_19, align 8" [vhls_src/fft.cpp:140->vhls_src/fft.cpp:115->vhls_src/fft.cpp:113]   --->   Operation 116 'store' <Predicate = true> <Delay = 3.25> <Core = "RAM">   --->   Core 37 'RAM' <Latency = 1> <II = 1> <Delay = 3.25> <Storage> <Opcode : 'load' 'store'> <Ports = 2> <Width = 32> <Depth = 32> <RAM>
ST_14 : Operation 117 [1/1] (0.00ns)   --->   "%data_IN_M_imag_read_13 = call float @_ssdm_op_Read.axis.volatile.floatP(float* %data_IN_M_imag)" [vhls_src/fft.cpp:140->vhls_src/fft.cpp:115->vhls_src/fft.cpp:113]   --->   Operation 117 'read' 'data_IN_M_imag_read_13' <Predicate = true> <Delay = 0.00> <Core = "AXI4Stream">   --->   Core 5 'AXI4Stream' <Latency = 0> <II = 1> <Delay = 1.00> <Adapter> <Opcode : >
ST_14 : Operation 118 [1/1] (3.25ns)   --->   "store float %data_IN_M_imag_read_13, float* %xin_M_imag_addr_19, align 4" [vhls_src/fft.cpp:140->vhls_src/fft.cpp:115->vhls_src/fft.cpp:113]   --->   Operation 118 'store' <Predicate = true> <Delay = 3.25> <Core = "RAM">   --->   Core 37 'RAM' <Latency = 1> <II = 1> <Delay = 3.25> <Storage> <Opcode : 'load' 'store'> <Ports = 2> <Width = 32> <Depth = 32> <RAM>

State 15 <SV = 14> <Delay = 3.25>
ST_15 : Operation 119 [1/1] (0.00ns)   --->   "%xin_M_real_addr_18 = getelementptr inbounds [32 x float]* %xin_M_real, i64 0, i64 14"   --->   Operation 119 'getelementptr' 'xin_M_real_addr_18' <Predicate = true> <Delay = 0.00>
ST_15 : Operation 120 [1/1] (0.00ns)   --->   "%xin_M_imag_addr_18 = getelementptr inbounds [32 x float]* %xin_M_imag, i64 0, i64 14"   --->   Operation 120 'getelementptr' 'xin_M_imag_addr_18' <Predicate = true> <Delay = 0.00>
ST_15 : Operation 121 [1/1] (0.00ns)   --->   "%data_IN_M_real_read_14 = call float @_ssdm_op_Read.axis.volatile.floatP(float* %data_IN_M_real)" [vhls_src/fft.cpp:140->vhls_src/fft.cpp:115->vhls_src/fft.cpp:113]   --->   Operation 121 'read' 'data_IN_M_real_read_14' <Predicate = true> <Delay = 0.00> <Core = "AXI4Stream">   --->   Core 5 'AXI4Stream' <Latency = 0> <II = 1> <Delay = 1.00> <Adapter> <Opcode : >
ST_15 : Operation 122 [1/1] (3.25ns)   --->   "store float %data_IN_M_real_read_14, float* %xin_M_real_addr_18, align 8" [vhls_src/fft.cpp:140->vhls_src/fft.cpp:115->vhls_src/fft.cpp:113]   --->   Operation 122 'store' <Predicate = true> <Delay = 3.25> <Core = "RAM">   --->   Core 37 'RAM' <Latency = 1> <II = 1> <Delay = 3.25> <Storage> <Opcode : 'load' 'store'> <Ports = 2> <Width = 32> <Depth = 32> <RAM>
ST_15 : Operation 123 [1/1] (0.00ns)   --->   "%data_IN_M_imag_read_14 = call float @_ssdm_op_Read.axis.volatile.floatP(float* %data_IN_M_imag)" [vhls_src/fft.cpp:140->vhls_src/fft.cpp:115->vhls_src/fft.cpp:113]   --->   Operation 123 'read' 'data_IN_M_imag_read_14' <Predicate = true> <Delay = 0.00> <Core = "AXI4Stream">   --->   Core 5 'AXI4Stream' <Latency = 0> <II = 1> <Delay = 1.00> <Adapter> <Opcode : >
ST_15 : Operation 124 [1/1] (3.25ns)   --->   "store float %data_IN_M_imag_read_14, float* %xin_M_imag_addr_18, align 8" [vhls_src/fft.cpp:140->vhls_src/fft.cpp:115->vhls_src/fft.cpp:113]   --->   Operation 124 'store' <Predicate = true> <Delay = 3.25> <Core = "RAM">   --->   Core 37 'RAM' <Latency = 1> <II = 1> <Delay = 3.25> <Storage> <Opcode : 'load' 'store'> <Ports = 2> <Width = 32> <Depth = 32> <RAM>

State 16 <SV = 15> <Delay = 3.25>
ST_16 : Operation 125 [1/1] (0.00ns)   --->   "%xin_M_real_addr_17 = getelementptr inbounds [32 x float]* %xin_M_real, i64 0, i64 15"   --->   Operation 125 'getelementptr' 'xin_M_real_addr_17' <Predicate = true> <Delay = 0.00>
ST_16 : Operation 126 [1/1] (0.00ns)   --->   "%xin_M_imag_addr_17 = getelementptr inbounds [32 x float]* %xin_M_imag, i64 0, i64 15"   --->   Operation 126 'getelementptr' 'xin_M_imag_addr_17' <Predicate = true> <Delay = 0.00>
ST_16 : Operation 127 [1/1] (0.00ns)   --->   "%data_IN_M_real_read_15 = call float @_ssdm_op_Read.axis.volatile.floatP(float* %data_IN_M_real)" [vhls_src/fft.cpp:140->vhls_src/fft.cpp:115->vhls_src/fft.cpp:113]   --->   Operation 127 'read' 'data_IN_M_real_read_15' <Predicate = true> <Delay = 0.00> <Core = "AXI4Stream">   --->   Core 5 'AXI4Stream' <Latency = 0> <II = 1> <Delay = 1.00> <Adapter> <Opcode : >
ST_16 : Operation 128 [1/1] (3.25ns)   --->   "store float %data_IN_M_real_read_15, float* %xin_M_real_addr_17, align 8" [vhls_src/fft.cpp:140->vhls_src/fft.cpp:115->vhls_src/fft.cpp:113]   --->   Operation 128 'store' <Predicate = true> <Delay = 3.25> <Core = "RAM">   --->   Core 37 'RAM' <Latency = 1> <II = 1> <Delay = 3.25> <Storage> <Opcode : 'load' 'store'> <Ports = 2> <Width = 32> <Depth = 32> <RAM>
ST_16 : Operation 129 [1/1] (0.00ns)   --->   "%data_IN_M_imag_read_15 = call float @_ssdm_op_Read.axis.volatile.floatP(float* %data_IN_M_imag)" [vhls_src/fft.cpp:140->vhls_src/fft.cpp:115->vhls_src/fft.cpp:113]   --->   Operation 129 'read' 'data_IN_M_imag_read_15' <Predicate = true> <Delay = 0.00> <Core = "AXI4Stream">   --->   Core 5 'AXI4Stream' <Latency = 0> <II = 1> <Delay = 1.00> <Adapter> <Opcode : >
ST_16 : Operation 130 [1/1] (3.25ns)   --->   "store float %data_IN_M_imag_read_15, float* %xin_M_imag_addr_17, align 4" [vhls_src/fft.cpp:140->vhls_src/fft.cpp:115->vhls_src/fft.cpp:113]   --->   Operation 130 'store' <Predicate = true> <Delay = 3.25> <Core = "RAM">   --->   Core 37 'RAM' <Latency = 1> <II = 1> <Delay = 3.25> <Storage> <Opcode : 'load' 'store'> <Ports = 2> <Width = 32> <Depth = 32> <RAM>

State 17 <SV = 16> <Delay = 3.25>
ST_17 : Operation 131 [1/1] (0.00ns)   --->   "%xin_M_real_addr_16 = getelementptr inbounds [32 x float]* %xin_M_real, i64 0, i64 16"   --->   Operation 131 'getelementptr' 'xin_M_real_addr_16' <Predicate = true> <Delay = 0.00>
ST_17 : Operation 132 [1/1] (0.00ns)   --->   "%xin_M_imag_addr_16 = getelementptr inbounds [32 x float]* %xin_M_imag, i64 0, i64 16"   --->   Operation 132 'getelementptr' 'xin_M_imag_addr_16' <Predicate = true> <Delay = 0.00>
ST_17 : Operation 133 [1/1] (0.00ns)   --->   "%data_IN_M_real_read_16 = call float @_ssdm_op_Read.axis.volatile.floatP(float* %data_IN_M_real)" [vhls_src/fft.cpp:140->vhls_src/fft.cpp:115->vhls_src/fft.cpp:113]   --->   Operation 133 'read' 'data_IN_M_real_read_16' <Predicate = true> <Delay = 0.00> <Core = "AXI4Stream">   --->   Core 5 'AXI4Stream' <Latency = 0> <II = 1> <Delay = 1.00> <Adapter> <Opcode : >
ST_17 : Operation 134 [1/1] (3.25ns)   --->   "store float %data_IN_M_real_read_16, float* %xin_M_real_addr_16, align 16" [vhls_src/fft.cpp:140->vhls_src/fft.cpp:115->vhls_src/fft.cpp:113]   --->   Operation 134 'store' <Predicate = true> <Delay = 3.25> <Core = "RAM">   --->   Core 37 'RAM' <Latency = 1> <II = 1> <Delay = 3.25> <Storage> <Opcode : 'load' 'store'> <Ports = 2> <Width = 32> <Depth = 32> <RAM>
ST_17 : Operation 135 [1/1] (0.00ns)   --->   "%data_IN_M_imag_read_16 = call float @_ssdm_op_Read.axis.volatile.floatP(float* %data_IN_M_imag)" [vhls_src/fft.cpp:140->vhls_src/fft.cpp:115->vhls_src/fft.cpp:113]   --->   Operation 135 'read' 'data_IN_M_imag_read_16' <Predicate = true> <Delay = 0.00> <Core = "AXI4Stream">   --->   Core 5 'AXI4Stream' <Latency = 0> <II = 1> <Delay = 1.00> <Adapter> <Opcode : >
ST_17 : Operation 136 [1/1] (3.25ns)   --->   "store float %data_IN_M_imag_read_16, float* %xin_M_imag_addr_16, align 16" [vhls_src/fft.cpp:140->vhls_src/fft.cpp:115->vhls_src/fft.cpp:113]   --->   Operation 136 'store' <Predicate = true> <Delay = 3.25> <Core = "RAM">   --->   Core 37 'RAM' <Latency = 1> <II = 1> <Delay = 3.25> <Storage> <Opcode : 'load' 'store'> <Ports = 2> <Width = 32> <Depth = 32> <RAM>

State 18 <SV = 17> <Delay = 3.25>
ST_18 : Operation 137 [1/1] (0.00ns)   --->   "%xin_M_real_addr_15 = getelementptr inbounds [32 x float]* %xin_M_real, i64 0, i64 17"   --->   Operation 137 'getelementptr' 'xin_M_real_addr_15' <Predicate = true> <Delay = 0.00>
ST_18 : Operation 138 [1/1] (0.00ns)   --->   "%xin_M_imag_addr_15 = getelementptr inbounds [32 x float]* %xin_M_imag, i64 0, i64 17"   --->   Operation 138 'getelementptr' 'xin_M_imag_addr_15' <Predicate = true> <Delay = 0.00>
ST_18 : Operation 139 [1/1] (0.00ns)   --->   "%data_IN_M_real_read_17 = call float @_ssdm_op_Read.axis.volatile.floatP(float* %data_IN_M_real)" [vhls_src/fft.cpp:140->vhls_src/fft.cpp:115->vhls_src/fft.cpp:113]   --->   Operation 139 'read' 'data_IN_M_real_read_17' <Predicate = true> <Delay = 0.00> <Core = "AXI4Stream">   --->   Core 5 'AXI4Stream' <Latency = 0> <II = 1> <Delay = 1.00> <Adapter> <Opcode : >
ST_18 : Operation 140 [1/1] (3.25ns)   --->   "store float %data_IN_M_real_read_17, float* %xin_M_real_addr_15, align 8" [vhls_src/fft.cpp:140->vhls_src/fft.cpp:115->vhls_src/fft.cpp:113]   --->   Operation 140 'store' <Predicate = true> <Delay = 3.25> <Core = "RAM">   --->   Core 37 'RAM' <Latency = 1> <II = 1> <Delay = 3.25> <Storage> <Opcode : 'load' 'store'> <Ports = 2> <Width = 32> <Depth = 32> <RAM>
ST_18 : Operation 141 [1/1] (0.00ns)   --->   "%data_IN_M_imag_read_17 = call float @_ssdm_op_Read.axis.volatile.floatP(float* %data_IN_M_imag)" [vhls_src/fft.cpp:140->vhls_src/fft.cpp:115->vhls_src/fft.cpp:113]   --->   Operation 141 'read' 'data_IN_M_imag_read_17' <Predicate = true> <Delay = 0.00> <Core = "AXI4Stream">   --->   Core 5 'AXI4Stream' <Latency = 0> <II = 1> <Delay = 1.00> <Adapter> <Opcode : >
ST_18 : Operation 142 [1/1] (3.25ns)   --->   "store float %data_IN_M_imag_read_17, float* %xin_M_imag_addr_15, align 4" [vhls_src/fft.cpp:140->vhls_src/fft.cpp:115->vhls_src/fft.cpp:113]   --->   Operation 142 'store' <Predicate = true> <Delay = 3.25> <Core = "RAM">   --->   Core 37 'RAM' <Latency = 1> <II = 1> <Delay = 3.25> <Storage> <Opcode : 'load' 'store'> <Ports = 2> <Width = 32> <Depth = 32> <RAM>

State 19 <SV = 18> <Delay = 3.25>
ST_19 : Operation 143 [1/1] (0.00ns)   --->   "%xin_M_real_addr_14 = getelementptr inbounds [32 x float]* %xin_M_real, i64 0, i64 18"   --->   Operation 143 'getelementptr' 'xin_M_real_addr_14' <Predicate = true> <Delay = 0.00>
ST_19 : Operation 144 [1/1] (0.00ns)   --->   "%xin_M_imag_addr_14 = getelementptr inbounds [32 x float]* %xin_M_imag, i64 0, i64 18"   --->   Operation 144 'getelementptr' 'xin_M_imag_addr_14' <Predicate = true> <Delay = 0.00>
ST_19 : Operation 145 [1/1] (0.00ns)   --->   "%data_IN_M_real_read_18 = call float @_ssdm_op_Read.axis.volatile.floatP(float* %data_IN_M_real)" [vhls_src/fft.cpp:140->vhls_src/fft.cpp:115->vhls_src/fft.cpp:113]   --->   Operation 145 'read' 'data_IN_M_real_read_18' <Predicate = true> <Delay = 0.00> <Core = "AXI4Stream">   --->   Core 5 'AXI4Stream' <Latency = 0> <II = 1> <Delay = 1.00> <Adapter> <Opcode : >
ST_19 : Operation 146 [1/1] (3.25ns)   --->   "store float %data_IN_M_real_read_18, float* %xin_M_real_addr_14, align 8" [vhls_src/fft.cpp:140->vhls_src/fft.cpp:115->vhls_src/fft.cpp:113]   --->   Operation 146 'store' <Predicate = true> <Delay = 3.25> <Core = "RAM">   --->   Core 37 'RAM' <Latency = 1> <II = 1> <Delay = 3.25> <Storage> <Opcode : 'load' 'store'> <Ports = 2> <Width = 32> <Depth = 32> <RAM>
ST_19 : Operation 147 [1/1] (0.00ns)   --->   "%data_IN_M_imag_read_18 = call float @_ssdm_op_Read.axis.volatile.floatP(float* %data_IN_M_imag)" [vhls_src/fft.cpp:140->vhls_src/fft.cpp:115->vhls_src/fft.cpp:113]   --->   Operation 147 'read' 'data_IN_M_imag_read_18' <Predicate = true> <Delay = 0.00> <Core = "AXI4Stream">   --->   Core 5 'AXI4Stream' <Latency = 0> <II = 1> <Delay = 1.00> <Adapter> <Opcode : >
ST_19 : Operation 148 [1/1] (3.25ns)   --->   "store float %data_IN_M_imag_read_18, float* %xin_M_imag_addr_14, align 8" [vhls_src/fft.cpp:140->vhls_src/fft.cpp:115->vhls_src/fft.cpp:113]   --->   Operation 148 'store' <Predicate = true> <Delay = 3.25> <Core = "RAM">   --->   Core 37 'RAM' <Latency = 1> <II = 1> <Delay = 3.25> <Storage> <Opcode : 'load' 'store'> <Ports = 2> <Width = 32> <Depth = 32> <RAM>

State 20 <SV = 19> <Delay = 3.25>
ST_20 : Operation 149 [1/1] (0.00ns)   --->   "%xin_M_real_addr_13 = getelementptr inbounds [32 x float]* %xin_M_real, i64 0, i64 19"   --->   Operation 149 'getelementptr' 'xin_M_real_addr_13' <Predicate = true> <Delay = 0.00>
ST_20 : Operation 150 [1/1] (0.00ns)   --->   "%xin_M_imag_addr_13 = getelementptr inbounds [32 x float]* %xin_M_imag, i64 0, i64 19"   --->   Operation 150 'getelementptr' 'xin_M_imag_addr_13' <Predicate = true> <Delay = 0.00>
ST_20 : Operation 151 [1/1] (0.00ns)   --->   "%data_IN_M_real_read_19 = call float @_ssdm_op_Read.axis.volatile.floatP(float* %data_IN_M_real)" [vhls_src/fft.cpp:140->vhls_src/fft.cpp:115->vhls_src/fft.cpp:113]   --->   Operation 151 'read' 'data_IN_M_real_read_19' <Predicate = true> <Delay = 0.00> <Core = "AXI4Stream">   --->   Core 5 'AXI4Stream' <Latency = 0> <II = 1> <Delay = 1.00> <Adapter> <Opcode : >
ST_20 : Operation 152 [1/1] (3.25ns)   --->   "store float %data_IN_M_real_read_19, float* %xin_M_real_addr_13, align 8" [vhls_src/fft.cpp:140->vhls_src/fft.cpp:115->vhls_src/fft.cpp:113]   --->   Operation 152 'store' <Predicate = true> <Delay = 3.25> <Core = "RAM">   --->   Core 37 'RAM' <Latency = 1> <II = 1> <Delay = 3.25> <Storage> <Opcode : 'load' 'store'> <Ports = 2> <Width = 32> <Depth = 32> <RAM>
ST_20 : Operation 153 [1/1] (0.00ns)   --->   "%data_IN_M_imag_read_19 = call float @_ssdm_op_Read.axis.volatile.floatP(float* %data_IN_M_imag)" [vhls_src/fft.cpp:140->vhls_src/fft.cpp:115->vhls_src/fft.cpp:113]   --->   Operation 153 'read' 'data_IN_M_imag_read_19' <Predicate = true> <Delay = 0.00> <Core = "AXI4Stream">   --->   Core 5 'AXI4Stream' <Latency = 0> <II = 1> <Delay = 1.00> <Adapter> <Opcode : >
ST_20 : Operation 154 [1/1] (3.25ns)   --->   "store float %data_IN_M_imag_read_19, float* %xin_M_imag_addr_13, align 4" [vhls_src/fft.cpp:140->vhls_src/fft.cpp:115->vhls_src/fft.cpp:113]   --->   Operation 154 'store' <Predicate = true> <Delay = 3.25> <Core = "RAM">   --->   Core 37 'RAM' <Latency = 1> <II = 1> <Delay = 3.25> <Storage> <Opcode : 'load' 'store'> <Ports = 2> <Width = 32> <Depth = 32> <RAM>

State 21 <SV = 20> <Delay = 3.25>
ST_21 : Operation 155 [1/1] (0.00ns)   --->   "%xin_M_real_addr_12 = getelementptr inbounds [32 x float]* %xin_M_real, i64 0, i64 20"   --->   Operation 155 'getelementptr' 'xin_M_real_addr_12' <Predicate = true> <Delay = 0.00>
ST_21 : Operation 156 [1/1] (0.00ns)   --->   "%xin_M_imag_addr_12 = getelementptr inbounds [32 x float]* %xin_M_imag, i64 0, i64 20"   --->   Operation 156 'getelementptr' 'xin_M_imag_addr_12' <Predicate = true> <Delay = 0.00>
ST_21 : Operation 157 [1/1] (0.00ns)   --->   "%data_IN_M_real_read_20 = call float @_ssdm_op_Read.axis.volatile.floatP(float* %data_IN_M_real)" [vhls_src/fft.cpp:140->vhls_src/fft.cpp:115->vhls_src/fft.cpp:113]   --->   Operation 157 'read' 'data_IN_M_real_read_20' <Predicate = true> <Delay = 0.00> <Core = "AXI4Stream">   --->   Core 5 'AXI4Stream' <Latency = 0> <II = 1> <Delay = 1.00> <Adapter> <Opcode : >
ST_21 : Operation 158 [1/1] (3.25ns)   --->   "store float %data_IN_M_real_read_20, float* %xin_M_real_addr_12, align 16" [vhls_src/fft.cpp:140->vhls_src/fft.cpp:115->vhls_src/fft.cpp:113]   --->   Operation 158 'store' <Predicate = true> <Delay = 3.25> <Core = "RAM">   --->   Core 37 'RAM' <Latency = 1> <II = 1> <Delay = 3.25> <Storage> <Opcode : 'load' 'store'> <Ports = 2> <Width = 32> <Depth = 32> <RAM>
ST_21 : Operation 159 [1/1] (0.00ns)   --->   "%data_IN_M_imag_read_20 = call float @_ssdm_op_Read.axis.volatile.floatP(float* %data_IN_M_imag)" [vhls_src/fft.cpp:140->vhls_src/fft.cpp:115->vhls_src/fft.cpp:113]   --->   Operation 159 'read' 'data_IN_M_imag_read_20' <Predicate = true> <Delay = 0.00> <Core = "AXI4Stream">   --->   Core 5 'AXI4Stream' <Latency = 0> <II = 1> <Delay = 1.00> <Adapter> <Opcode : >
ST_21 : Operation 160 [1/1] (3.25ns)   --->   "store float %data_IN_M_imag_read_20, float* %xin_M_imag_addr_12, align 16" [vhls_src/fft.cpp:140->vhls_src/fft.cpp:115->vhls_src/fft.cpp:113]   --->   Operation 160 'store' <Predicate = true> <Delay = 3.25> <Core = "RAM">   --->   Core 37 'RAM' <Latency = 1> <II = 1> <Delay = 3.25> <Storage> <Opcode : 'load' 'store'> <Ports = 2> <Width = 32> <Depth = 32> <RAM>

State 22 <SV = 21> <Delay = 3.25>
ST_22 : Operation 161 [1/1] (0.00ns)   --->   "%xin_M_real_addr_11 = getelementptr inbounds [32 x float]* %xin_M_real, i64 0, i64 21"   --->   Operation 161 'getelementptr' 'xin_M_real_addr_11' <Predicate = true> <Delay = 0.00>
ST_22 : Operation 162 [1/1] (0.00ns)   --->   "%xin_M_imag_addr_11 = getelementptr inbounds [32 x float]* %xin_M_imag, i64 0, i64 21"   --->   Operation 162 'getelementptr' 'xin_M_imag_addr_11' <Predicate = true> <Delay = 0.00>
ST_22 : Operation 163 [1/1] (0.00ns)   --->   "%data_IN_M_real_read_21 = call float @_ssdm_op_Read.axis.volatile.floatP(float* %data_IN_M_real)" [vhls_src/fft.cpp:140->vhls_src/fft.cpp:115->vhls_src/fft.cpp:113]   --->   Operation 163 'read' 'data_IN_M_real_read_21' <Predicate = true> <Delay = 0.00> <Core = "AXI4Stream">   --->   Core 5 'AXI4Stream' <Latency = 0> <II = 1> <Delay = 1.00> <Adapter> <Opcode : >
ST_22 : Operation 164 [1/1] (3.25ns)   --->   "store float %data_IN_M_real_read_21, float* %xin_M_real_addr_11, align 8" [vhls_src/fft.cpp:140->vhls_src/fft.cpp:115->vhls_src/fft.cpp:113]   --->   Operation 164 'store' <Predicate = true> <Delay = 3.25> <Core = "RAM">   --->   Core 37 'RAM' <Latency = 1> <II = 1> <Delay = 3.25> <Storage> <Opcode : 'load' 'store'> <Ports = 2> <Width = 32> <Depth = 32> <RAM>
ST_22 : Operation 165 [1/1] (0.00ns)   --->   "%data_IN_M_imag_read_21 = call float @_ssdm_op_Read.axis.volatile.floatP(float* %data_IN_M_imag)" [vhls_src/fft.cpp:140->vhls_src/fft.cpp:115->vhls_src/fft.cpp:113]   --->   Operation 165 'read' 'data_IN_M_imag_read_21' <Predicate = true> <Delay = 0.00> <Core = "AXI4Stream">   --->   Core 5 'AXI4Stream' <Latency = 0> <II = 1> <Delay = 1.00> <Adapter> <Opcode : >
ST_22 : Operation 166 [1/1] (3.25ns)   --->   "store float %data_IN_M_imag_read_21, float* %xin_M_imag_addr_11, align 4" [vhls_src/fft.cpp:140->vhls_src/fft.cpp:115->vhls_src/fft.cpp:113]   --->   Operation 166 'store' <Predicate = true> <Delay = 3.25> <Core = "RAM">   --->   Core 37 'RAM' <Latency = 1> <II = 1> <Delay = 3.25> <Storage> <Opcode : 'load' 'store'> <Ports = 2> <Width = 32> <Depth = 32> <RAM>

State 23 <SV = 22> <Delay = 3.25>
ST_23 : Operation 167 [1/1] (0.00ns)   --->   "%xin_M_real_addr_10 = getelementptr inbounds [32 x float]* %xin_M_real, i64 0, i64 22"   --->   Operation 167 'getelementptr' 'xin_M_real_addr_10' <Predicate = true> <Delay = 0.00>
ST_23 : Operation 168 [1/1] (0.00ns)   --->   "%xin_M_imag_addr_10 = getelementptr inbounds [32 x float]* %xin_M_imag, i64 0, i64 22"   --->   Operation 168 'getelementptr' 'xin_M_imag_addr_10' <Predicate = true> <Delay = 0.00>
ST_23 : Operation 169 [1/1] (0.00ns)   --->   "%data_IN_M_real_read_22 = call float @_ssdm_op_Read.axis.volatile.floatP(float* %data_IN_M_real)" [vhls_src/fft.cpp:140->vhls_src/fft.cpp:115->vhls_src/fft.cpp:113]   --->   Operation 169 'read' 'data_IN_M_real_read_22' <Predicate = true> <Delay = 0.00> <Core = "AXI4Stream">   --->   Core 5 'AXI4Stream' <Latency = 0> <II = 1> <Delay = 1.00> <Adapter> <Opcode : >
ST_23 : Operation 170 [1/1] (3.25ns)   --->   "store float %data_IN_M_real_read_22, float* %xin_M_real_addr_10, align 8" [vhls_src/fft.cpp:140->vhls_src/fft.cpp:115->vhls_src/fft.cpp:113]   --->   Operation 170 'store' <Predicate = true> <Delay = 3.25> <Core = "RAM">   --->   Core 37 'RAM' <Latency = 1> <II = 1> <Delay = 3.25> <Storage> <Opcode : 'load' 'store'> <Ports = 2> <Width = 32> <Depth = 32> <RAM>
ST_23 : Operation 171 [1/1] (0.00ns)   --->   "%data_IN_M_imag_read_22 = call float @_ssdm_op_Read.axis.volatile.floatP(float* %data_IN_M_imag)" [vhls_src/fft.cpp:140->vhls_src/fft.cpp:115->vhls_src/fft.cpp:113]   --->   Operation 171 'read' 'data_IN_M_imag_read_22' <Predicate = true> <Delay = 0.00> <Core = "AXI4Stream">   --->   Core 5 'AXI4Stream' <Latency = 0> <II = 1> <Delay = 1.00> <Adapter> <Opcode : >
ST_23 : Operation 172 [1/1] (3.25ns)   --->   "store float %data_IN_M_imag_read_22, float* %xin_M_imag_addr_10, align 8" [vhls_src/fft.cpp:140->vhls_src/fft.cpp:115->vhls_src/fft.cpp:113]   --->   Operation 172 'store' <Predicate = true> <Delay = 3.25> <Core = "RAM">   --->   Core 37 'RAM' <Latency = 1> <II = 1> <Delay = 3.25> <Storage> <Opcode : 'load' 'store'> <Ports = 2> <Width = 32> <Depth = 32> <RAM>

State 24 <SV = 23> <Delay = 3.25>
ST_24 : Operation 173 [1/1] (0.00ns)   --->   "%xin_M_real_addr_9 = getelementptr inbounds [32 x float]* %xin_M_real, i64 0, i64 23"   --->   Operation 173 'getelementptr' 'xin_M_real_addr_9' <Predicate = true> <Delay = 0.00>
ST_24 : Operation 174 [1/1] (0.00ns)   --->   "%xin_M_imag_addr_9 = getelementptr inbounds [32 x float]* %xin_M_imag, i64 0, i64 23"   --->   Operation 174 'getelementptr' 'xin_M_imag_addr_9' <Predicate = true> <Delay = 0.00>
ST_24 : Operation 175 [1/1] (0.00ns)   --->   "%data_IN_M_real_read_23 = call float @_ssdm_op_Read.axis.volatile.floatP(float* %data_IN_M_real)" [vhls_src/fft.cpp:140->vhls_src/fft.cpp:115->vhls_src/fft.cpp:113]   --->   Operation 175 'read' 'data_IN_M_real_read_23' <Predicate = true> <Delay = 0.00> <Core = "AXI4Stream">   --->   Core 5 'AXI4Stream' <Latency = 0> <II = 1> <Delay = 1.00> <Adapter> <Opcode : >
ST_24 : Operation 176 [1/1] (3.25ns)   --->   "store float %data_IN_M_real_read_23, float* %xin_M_real_addr_9, align 8" [vhls_src/fft.cpp:140->vhls_src/fft.cpp:115->vhls_src/fft.cpp:113]   --->   Operation 176 'store' <Predicate = true> <Delay = 3.25> <Core = "RAM">   --->   Core 37 'RAM' <Latency = 1> <II = 1> <Delay = 3.25> <Storage> <Opcode : 'load' 'store'> <Ports = 2> <Width = 32> <Depth = 32> <RAM>
ST_24 : Operation 177 [1/1] (0.00ns)   --->   "%data_IN_M_imag_read_23 = call float @_ssdm_op_Read.axis.volatile.floatP(float* %data_IN_M_imag)" [vhls_src/fft.cpp:140->vhls_src/fft.cpp:115->vhls_src/fft.cpp:113]   --->   Operation 177 'read' 'data_IN_M_imag_read_23' <Predicate = true> <Delay = 0.00> <Core = "AXI4Stream">   --->   Core 5 'AXI4Stream' <Latency = 0> <II = 1> <Delay = 1.00> <Adapter> <Opcode : >
ST_24 : Operation 178 [1/1] (3.25ns)   --->   "store float %data_IN_M_imag_read_23, float* %xin_M_imag_addr_9, align 4" [vhls_src/fft.cpp:140->vhls_src/fft.cpp:115->vhls_src/fft.cpp:113]   --->   Operation 178 'store' <Predicate = true> <Delay = 3.25> <Core = "RAM">   --->   Core 37 'RAM' <Latency = 1> <II = 1> <Delay = 3.25> <Storage> <Opcode : 'load' 'store'> <Ports = 2> <Width = 32> <Depth = 32> <RAM>

State 25 <SV = 24> <Delay = 3.25>
ST_25 : Operation 179 [1/1] (0.00ns)   --->   "%xin_M_real_addr_8 = getelementptr inbounds [32 x float]* %xin_M_real, i64 0, i64 24"   --->   Operation 179 'getelementptr' 'xin_M_real_addr_8' <Predicate = true> <Delay = 0.00>
ST_25 : Operation 180 [1/1] (0.00ns)   --->   "%xin_M_imag_addr_8 = getelementptr inbounds [32 x float]* %xin_M_imag, i64 0, i64 24"   --->   Operation 180 'getelementptr' 'xin_M_imag_addr_8' <Predicate = true> <Delay = 0.00>
ST_25 : Operation 181 [1/1] (0.00ns)   --->   "%data_IN_M_real_read_24 = call float @_ssdm_op_Read.axis.volatile.floatP(float* %data_IN_M_real)" [vhls_src/fft.cpp:140->vhls_src/fft.cpp:115->vhls_src/fft.cpp:113]   --->   Operation 181 'read' 'data_IN_M_real_read_24' <Predicate = true> <Delay = 0.00> <Core = "AXI4Stream">   --->   Core 5 'AXI4Stream' <Latency = 0> <II = 1> <Delay = 1.00> <Adapter> <Opcode : >
ST_25 : Operation 182 [1/1] (3.25ns)   --->   "store float %data_IN_M_real_read_24, float* %xin_M_real_addr_8, align 16" [vhls_src/fft.cpp:140->vhls_src/fft.cpp:115->vhls_src/fft.cpp:113]   --->   Operation 182 'store' <Predicate = true> <Delay = 3.25> <Core = "RAM">   --->   Core 37 'RAM' <Latency = 1> <II = 1> <Delay = 3.25> <Storage> <Opcode : 'load' 'store'> <Ports = 2> <Width = 32> <Depth = 32> <RAM>
ST_25 : Operation 183 [1/1] (0.00ns)   --->   "%data_IN_M_imag_read_24 = call float @_ssdm_op_Read.axis.volatile.floatP(float* %data_IN_M_imag)" [vhls_src/fft.cpp:140->vhls_src/fft.cpp:115->vhls_src/fft.cpp:113]   --->   Operation 183 'read' 'data_IN_M_imag_read_24' <Predicate = true> <Delay = 0.00> <Core = "AXI4Stream">   --->   Core 5 'AXI4Stream' <Latency = 0> <II = 1> <Delay = 1.00> <Adapter> <Opcode : >
ST_25 : Operation 184 [1/1] (3.25ns)   --->   "store float %data_IN_M_imag_read_24, float* %xin_M_imag_addr_8, align 16" [vhls_src/fft.cpp:140->vhls_src/fft.cpp:115->vhls_src/fft.cpp:113]   --->   Operation 184 'store' <Predicate = true> <Delay = 3.25> <Core = "RAM">   --->   Core 37 'RAM' <Latency = 1> <II = 1> <Delay = 3.25> <Storage> <Opcode : 'load' 'store'> <Ports = 2> <Width = 32> <Depth = 32> <RAM>

State 26 <SV = 25> <Delay = 3.25>
ST_26 : Operation 185 [1/1] (0.00ns)   --->   "%xin_M_real_addr_7 = getelementptr inbounds [32 x float]* %xin_M_real, i64 0, i64 25"   --->   Operation 185 'getelementptr' 'xin_M_real_addr_7' <Predicate = true> <Delay = 0.00>
ST_26 : Operation 186 [1/1] (0.00ns)   --->   "%xin_M_imag_addr_7 = getelementptr inbounds [32 x float]* %xin_M_imag, i64 0, i64 25"   --->   Operation 186 'getelementptr' 'xin_M_imag_addr_7' <Predicate = true> <Delay = 0.00>
ST_26 : Operation 187 [1/1] (0.00ns)   --->   "%data_IN_M_real_read_25 = call float @_ssdm_op_Read.axis.volatile.floatP(float* %data_IN_M_real)" [vhls_src/fft.cpp:140->vhls_src/fft.cpp:115->vhls_src/fft.cpp:113]   --->   Operation 187 'read' 'data_IN_M_real_read_25' <Predicate = true> <Delay = 0.00> <Core = "AXI4Stream">   --->   Core 5 'AXI4Stream' <Latency = 0> <II = 1> <Delay = 1.00> <Adapter> <Opcode : >
ST_26 : Operation 188 [1/1] (3.25ns)   --->   "store float %data_IN_M_real_read_25, float* %xin_M_real_addr_7, align 8" [vhls_src/fft.cpp:140->vhls_src/fft.cpp:115->vhls_src/fft.cpp:113]   --->   Operation 188 'store' <Predicate = true> <Delay = 3.25> <Core = "RAM">   --->   Core 37 'RAM' <Latency = 1> <II = 1> <Delay = 3.25> <Storage> <Opcode : 'load' 'store'> <Ports = 2> <Width = 32> <Depth = 32> <RAM>
ST_26 : Operation 189 [1/1] (0.00ns)   --->   "%data_IN_M_imag_read_25 = call float @_ssdm_op_Read.axis.volatile.floatP(float* %data_IN_M_imag)" [vhls_src/fft.cpp:140->vhls_src/fft.cpp:115->vhls_src/fft.cpp:113]   --->   Operation 189 'read' 'data_IN_M_imag_read_25' <Predicate = true> <Delay = 0.00> <Core = "AXI4Stream">   --->   Core 5 'AXI4Stream' <Latency = 0> <II = 1> <Delay = 1.00> <Adapter> <Opcode : >
ST_26 : Operation 190 [1/1] (3.25ns)   --->   "store float %data_IN_M_imag_read_25, float* %xin_M_imag_addr_7, align 4" [vhls_src/fft.cpp:140->vhls_src/fft.cpp:115->vhls_src/fft.cpp:113]   --->   Operation 190 'store' <Predicate = true> <Delay = 3.25> <Core = "RAM">   --->   Core 37 'RAM' <Latency = 1> <II = 1> <Delay = 3.25> <Storage> <Opcode : 'load' 'store'> <Ports = 2> <Width = 32> <Depth = 32> <RAM>

State 27 <SV = 26> <Delay = 3.25>
ST_27 : Operation 191 [1/1] (0.00ns)   --->   "%xin_M_real_addr_6 = getelementptr inbounds [32 x float]* %xin_M_real, i64 0, i64 26"   --->   Operation 191 'getelementptr' 'xin_M_real_addr_6' <Predicate = true> <Delay = 0.00>
ST_27 : Operation 192 [1/1] (0.00ns)   --->   "%xin_M_imag_addr_6 = getelementptr inbounds [32 x float]* %xin_M_imag, i64 0, i64 26"   --->   Operation 192 'getelementptr' 'xin_M_imag_addr_6' <Predicate = true> <Delay = 0.00>
ST_27 : Operation 193 [1/1] (0.00ns)   --->   "%data_IN_M_real_read_26 = call float @_ssdm_op_Read.axis.volatile.floatP(float* %data_IN_M_real)" [vhls_src/fft.cpp:140->vhls_src/fft.cpp:115->vhls_src/fft.cpp:113]   --->   Operation 193 'read' 'data_IN_M_real_read_26' <Predicate = true> <Delay = 0.00> <Core = "AXI4Stream">   --->   Core 5 'AXI4Stream' <Latency = 0> <II = 1> <Delay = 1.00> <Adapter> <Opcode : >
ST_27 : Operation 194 [1/1] (3.25ns)   --->   "store float %data_IN_M_real_read_26, float* %xin_M_real_addr_6, align 8" [vhls_src/fft.cpp:140->vhls_src/fft.cpp:115->vhls_src/fft.cpp:113]   --->   Operation 194 'store' <Predicate = true> <Delay = 3.25> <Core = "RAM">   --->   Core 37 'RAM' <Latency = 1> <II = 1> <Delay = 3.25> <Storage> <Opcode : 'load' 'store'> <Ports = 2> <Width = 32> <Depth = 32> <RAM>
ST_27 : Operation 195 [1/1] (0.00ns)   --->   "%data_IN_M_imag_read_26 = call float @_ssdm_op_Read.axis.volatile.floatP(float* %data_IN_M_imag)" [vhls_src/fft.cpp:140->vhls_src/fft.cpp:115->vhls_src/fft.cpp:113]   --->   Operation 195 'read' 'data_IN_M_imag_read_26' <Predicate = true> <Delay = 0.00> <Core = "AXI4Stream">   --->   Core 5 'AXI4Stream' <Latency = 0> <II = 1> <Delay = 1.00> <Adapter> <Opcode : >
ST_27 : Operation 196 [1/1] (3.25ns)   --->   "store float %data_IN_M_imag_read_26, float* %xin_M_imag_addr_6, align 8" [vhls_src/fft.cpp:140->vhls_src/fft.cpp:115->vhls_src/fft.cpp:113]   --->   Operation 196 'store' <Predicate = true> <Delay = 3.25> <Core = "RAM">   --->   Core 37 'RAM' <Latency = 1> <II = 1> <Delay = 3.25> <Storage> <Opcode : 'load' 'store'> <Ports = 2> <Width = 32> <Depth = 32> <RAM>

State 28 <SV = 27> <Delay = 3.25>
ST_28 : Operation 197 [1/1] (0.00ns)   --->   "%xin_M_real_addr_5 = getelementptr inbounds [32 x float]* %xin_M_real, i64 0, i64 27"   --->   Operation 197 'getelementptr' 'xin_M_real_addr_5' <Predicate = true> <Delay = 0.00>
ST_28 : Operation 198 [1/1] (0.00ns)   --->   "%xin_M_imag_addr_5 = getelementptr inbounds [32 x float]* %xin_M_imag, i64 0, i64 27"   --->   Operation 198 'getelementptr' 'xin_M_imag_addr_5' <Predicate = true> <Delay = 0.00>
ST_28 : Operation 199 [1/1] (0.00ns)   --->   "%data_IN_M_real_read_27 = call float @_ssdm_op_Read.axis.volatile.floatP(float* %data_IN_M_real)" [vhls_src/fft.cpp:140->vhls_src/fft.cpp:115->vhls_src/fft.cpp:113]   --->   Operation 199 'read' 'data_IN_M_real_read_27' <Predicate = true> <Delay = 0.00> <Core = "AXI4Stream">   --->   Core 5 'AXI4Stream' <Latency = 0> <II = 1> <Delay = 1.00> <Adapter> <Opcode : >
ST_28 : Operation 200 [1/1] (3.25ns)   --->   "store float %data_IN_M_real_read_27, float* %xin_M_real_addr_5, align 8" [vhls_src/fft.cpp:140->vhls_src/fft.cpp:115->vhls_src/fft.cpp:113]   --->   Operation 200 'store' <Predicate = true> <Delay = 3.25> <Core = "RAM">   --->   Core 37 'RAM' <Latency = 1> <II = 1> <Delay = 3.25> <Storage> <Opcode : 'load' 'store'> <Ports = 2> <Width = 32> <Depth = 32> <RAM>
ST_28 : Operation 201 [1/1] (0.00ns)   --->   "%data_IN_M_imag_read_27 = call float @_ssdm_op_Read.axis.volatile.floatP(float* %data_IN_M_imag)" [vhls_src/fft.cpp:140->vhls_src/fft.cpp:115->vhls_src/fft.cpp:113]   --->   Operation 201 'read' 'data_IN_M_imag_read_27' <Predicate = true> <Delay = 0.00> <Core = "AXI4Stream">   --->   Core 5 'AXI4Stream' <Latency = 0> <II = 1> <Delay = 1.00> <Adapter> <Opcode : >
ST_28 : Operation 202 [1/1] (3.25ns)   --->   "store float %data_IN_M_imag_read_27, float* %xin_M_imag_addr_5, align 4" [vhls_src/fft.cpp:140->vhls_src/fft.cpp:115->vhls_src/fft.cpp:113]   --->   Operation 202 'store' <Predicate = true> <Delay = 3.25> <Core = "RAM">   --->   Core 37 'RAM' <Latency = 1> <II = 1> <Delay = 3.25> <Storage> <Opcode : 'load' 'store'> <Ports = 2> <Width = 32> <Depth = 32> <RAM>

State 29 <SV = 28> <Delay = 3.25>
ST_29 : Operation 203 [1/1] (0.00ns)   --->   "%xin_M_real_addr_4 = getelementptr inbounds [32 x float]* %xin_M_real, i64 0, i64 28"   --->   Operation 203 'getelementptr' 'xin_M_real_addr_4' <Predicate = true> <Delay = 0.00>
ST_29 : Operation 204 [1/1] (0.00ns)   --->   "%xin_M_imag_addr_4 = getelementptr inbounds [32 x float]* %xin_M_imag, i64 0, i64 28"   --->   Operation 204 'getelementptr' 'xin_M_imag_addr_4' <Predicate = true> <Delay = 0.00>
ST_29 : Operation 205 [1/1] (0.00ns)   --->   "%data_IN_M_real_read_28 = call float @_ssdm_op_Read.axis.volatile.floatP(float* %data_IN_M_real)" [vhls_src/fft.cpp:140->vhls_src/fft.cpp:115->vhls_src/fft.cpp:113]   --->   Operation 205 'read' 'data_IN_M_real_read_28' <Predicate = true> <Delay = 0.00> <Core = "AXI4Stream">   --->   Core 5 'AXI4Stream' <Latency = 0> <II = 1> <Delay = 1.00> <Adapter> <Opcode : >
ST_29 : Operation 206 [1/1] (3.25ns)   --->   "store float %data_IN_M_real_read_28, float* %xin_M_real_addr_4, align 16" [vhls_src/fft.cpp:140->vhls_src/fft.cpp:115->vhls_src/fft.cpp:113]   --->   Operation 206 'store' <Predicate = true> <Delay = 3.25> <Core = "RAM">   --->   Core 37 'RAM' <Latency = 1> <II = 1> <Delay = 3.25> <Storage> <Opcode : 'load' 'store'> <Ports = 2> <Width = 32> <Depth = 32> <RAM>
ST_29 : Operation 207 [1/1] (0.00ns)   --->   "%data_IN_M_imag_read_28 = call float @_ssdm_op_Read.axis.volatile.floatP(float* %data_IN_M_imag)" [vhls_src/fft.cpp:140->vhls_src/fft.cpp:115->vhls_src/fft.cpp:113]   --->   Operation 207 'read' 'data_IN_M_imag_read_28' <Predicate = true> <Delay = 0.00> <Core = "AXI4Stream">   --->   Core 5 'AXI4Stream' <Latency = 0> <II = 1> <Delay = 1.00> <Adapter> <Opcode : >
ST_29 : Operation 208 [1/1] (3.25ns)   --->   "store float %data_IN_M_imag_read_28, float* %xin_M_imag_addr_4, align 16" [vhls_src/fft.cpp:140->vhls_src/fft.cpp:115->vhls_src/fft.cpp:113]   --->   Operation 208 'store' <Predicate = true> <Delay = 3.25> <Core = "RAM">   --->   Core 37 'RAM' <Latency = 1> <II = 1> <Delay = 3.25> <Storage> <Opcode : 'load' 'store'> <Ports = 2> <Width = 32> <Depth = 32> <RAM>

State 30 <SV = 29> <Delay = 3.25>
ST_30 : Operation 209 [1/1] (0.00ns)   --->   "%xin_M_real_addr_3 = getelementptr inbounds [32 x float]* %xin_M_real, i64 0, i64 29"   --->   Operation 209 'getelementptr' 'xin_M_real_addr_3' <Predicate = true> <Delay = 0.00>
ST_30 : Operation 210 [1/1] (0.00ns)   --->   "%xin_M_imag_addr_3 = getelementptr inbounds [32 x float]* %xin_M_imag, i64 0, i64 29"   --->   Operation 210 'getelementptr' 'xin_M_imag_addr_3' <Predicate = true> <Delay = 0.00>
ST_30 : Operation 211 [1/1] (0.00ns)   --->   "%data_IN_M_real_read_29 = call float @_ssdm_op_Read.axis.volatile.floatP(float* %data_IN_M_real)" [vhls_src/fft.cpp:140->vhls_src/fft.cpp:115->vhls_src/fft.cpp:113]   --->   Operation 211 'read' 'data_IN_M_real_read_29' <Predicate = true> <Delay = 0.00> <Core = "AXI4Stream">   --->   Core 5 'AXI4Stream' <Latency = 0> <II = 1> <Delay = 1.00> <Adapter> <Opcode : >
ST_30 : Operation 212 [1/1] (3.25ns)   --->   "store float %data_IN_M_real_read_29, float* %xin_M_real_addr_3, align 8" [vhls_src/fft.cpp:140->vhls_src/fft.cpp:115->vhls_src/fft.cpp:113]   --->   Operation 212 'store' <Predicate = true> <Delay = 3.25> <Core = "RAM">   --->   Core 37 'RAM' <Latency = 1> <II = 1> <Delay = 3.25> <Storage> <Opcode : 'load' 'store'> <Ports = 2> <Width = 32> <Depth = 32> <RAM>
ST_30 : Operation 213 [1/1] (0.00ns)   --->   "%data_IN_M_imag_read_29 = call float @_ssdm_op_Read.axis.volatile.floatP(float* %data_IN_M_imag)" [vhls_src/fft.cpp:140->vhls_src/fft.cpp:115->vhls_src/fft.cpp:113]   --->   Operation 213 'read' 'data_IN_M_imag_read_29' <Predicate = true> <Delay = 0.00> <Core = "AXI4Stream">   --->   Core 5 'AXI4Stream' <Latency = 0> <II = 1> <Delay = 1.00> <Adapter> <Opcode : >
ST_30 : Operation 214 [1/1] (3.25ns)   --->   "store float %data_IN_M_imag_read_29, float* %xin_M_imag_addr_3, align 4" [vhls_src/fft.cpp:140->vhls_src/fft.cpp:115->vhls_src/fft.cpp:113]   --->   Operation 214 'store' <Predicate = true> <Delay = 3.25> <Core = "RAM">   --->   Core 37 'RAM' <Latency = 1> <II = 1> <Delay = 3.25> <Storage> <Opcode : 'load' 'store'> <Ports = 2> <Width = 32> <Depth = 32> <RAM>

State 31 <SV = 30> <Delay = 3.25>
ST_31 : Operation 215 [1/1] (0.00ns)   --->   "%xin_M_real_addr_2 = getelementptr inbounds [32 x float]* %xin_M_real, i64 0, i64 30"   --->   Operation 215 'getelementptr' 'xin_M_real_addr_2' <Predicate = true> <Delay = 0.00>
ST_31 : Operation 216 [1/1] (0.00ns)   --->   "%xin_M_imag_addr_2 = getelementptr inbounds [32 x float]* %xin_M_imag, i64 0, i64 30"   --->   Operation 216 'getelementptr' 'xin_M_imag_addr_2' <Predicate = true> <Delay = 0.00>
ST_31 : Operation 217 [1/1] (0.00ns)   --->   "%data_IN_M_real_read_30 = call float @_ssdm_op_Read.axis.volatile.floatP(float* %data_IN_M_real)" [vhls_src/fft.cpp:140->vhls_src/fft.cpp:115->vhls_src/fft.cpp:113]   --->   Operation 217 'read' 'data_IN_M_real_read_30' <Predicate = true> <Delay = 0.00> <Core = "AXI4Stream">   --->   Core 5 'AXI4Stream' <Latency = 0> <II = 1> <Delay = 1.00> <Adapter> <Opcode : >
ST_31 : Operation 218 [1/1] (3.25ns)   --->   "store float %data_IN_M_real_read_30, float* %xin_M_real_addr_2, align 8" [vhls_src/fft.cpp:140->vhls_src/fft.cpp:115->vhls_src/fft.cpp:113]   --->   Operation 218 'store' <Predicate = true> <Delay = 3.25> <Core = "RAM">   --->   Core 37 'RAM' <Latency = 1> <II = 1> <Delay = 3.25> <Storage> <Opcode : 'load' 'store'> <Ports = 2> <Width = 32> <Depth = 32> <RAM>
ST_31 : Operation 219 [1/1] (0.00ns)   --->   "%data_IN_M_imag_read_30 = call float @_ssdm_op_Read.axis.volatile.floatP(float* %data_IN_M_imag)" [vhls_src/fft.cpp:140->vhls_src/fft.cpp:115->vhls_src/fft.cpp:113]   --->   Operation 219 'read' 'data_IN_M_imag_read_30' <Predicate = true> <Delay = 0.00> <Core = "AXI4Stream">   --->   Core 5 'AXI4Stream' <Latency = 0> <II = 1> <Delay = 1.00> <Adapter> <Opcode : >
ST_31 : Operation 220 [1/1] (3.25ns)   --->   "store float %data_IN_M_imag_read_30, float* %xin_M_imag_addr_2, align 8" [vhls_src/fft.cpp:140->vhls_src/fft.cpp:115->vhls_src/fft.cpp:113]   --->   Operation 220 'store' <Predicate = true> <Delay = 3.25> <Core = "RAM">   --->   Core 37 'RAM' <Latency = 1> <II = 1> <Delay = 3.25> <Storage> <Opcode : 'load' 'store'> <Ports = 2> <Width = 32> <Depth = 32> <RAM>

State 32 <SV = 31> <Delay = 3.25>
ST_32 : Operation 221 [1/1] (0.00ns)   --->   "call void (...)* @_ssdm_op_SpecInterface(float* %data_IN_M_imag, float* %data_IN_M_real, [5 x i8]* @p_str10, i32 1, i32 1, [5 x i8]* @p_str11, i32 0, i32 0, [1 x i8]* @p_str1, [1 x i8]* @p_str1, [1 x i8]* @p_str1, i32 0, i32 0, i32 0, i32 0, [1 x i8]* @p_str1, [1 x i8]* @p_str1)"   --->   Operation 221 'specinterface' <Predicate = true> <Delay = 0.00>
ST_32 : Operation 222 [1/1] (0.00ns)   --->   "call void (...)* @_ssdm_op_SpecInterface(float* %data_IN_M_imag, float* %data_IN_M_real, [5 x i8]* @p_str10, i32 1, i32 1, [5 x i8]* @p_str11, i32 0, i32 0, [1 x i8]* @p_str1, [1 x i8]* @p_str1, [1 x i8]* @p_str1, i32 0, i32 0, i32 0, i32 0, [1 x i8]* @p_str1, [1 x i8]* @p_str1)"   --->   Operation 222 'specinterface' <Predicate = true> <Delay = 0.00>
ST_32 : Operation 223 [1/1] (0.00ns)   --->   "call void (...)* @_ssdm_op_SpecInterface(i8* %win_mode_out, [8 x i8]* @ap_fifo_str, i32 0, i32 0, [1 x i8]* @p_str133, i32 0, i32 0, [1 x i8]* @p_str134, [1 x i8]* @p_str135, [1 x i8]* @p_str136, i32 2, i32 2, i32 16, i32 16, [1 x i8]* @p_str137, [11 x i8]* @ScalarProp_str)"   --->   Operation 223 'specinterface' <Predicate = true> <Delay = 0.00>
ST_32 : Operation 224 [1/1] (0.00ns)   --->   "call void (...)* @_ssdm_op_SpecInterface(i8* %win_mode, [8 x i8]* @ap_fifo_str, i32 0, i32 0, [1 x i8]* @p_str24, i32 0, i32 0, [1 x i8]* @p_str25, [1 x i8]* @p_str26, [1 x i8]* @p_str27, i32 2, i32 2, i32 16, i32 16, [1 x i8]* @p_str28, [11 x i8]* @ScalarProp_str)"   --->   Operation 224 'specinterface' <Predicate = true> <Delay = 0.00>
ST_32 : Operation 225 [1/1] (0.00ns)   --->   "call void (...)* @_ssdm_op_SpecInterface(float* %data_IN_M_imag, float* %data_IN_M_real, [5 x i8]* @p_str10, i32 1, i32 1, [5 x i8]* @p_str11, i32 0, i32 0, [1 x i8]* @p_str1, [1 x i8]* @p_str1, [1 x i8]* @p_str1, i32 0, i32 0, i32 0, i32 0, [1 x i8]* @p_str1, [1 x i8]* @p_str1)"   --->   Operation 225 'specinterface' <Predicate = true> <Delay = 0.00>
ST_32 : Operation 226 [1/1] (0.00ns)   --->   "call void (...)* @_ssdm_op_SpecInterface(i8* %win_mode_out, [8 x i8]* @ap_fifo_str, i32 0, i32 0, [1 x i8]* @p_str133, i32 0, i32 0, [1 x i8]* @p_str134, [1 x i8]* @p_str135, [1 x i8]* @p_str136, i32 2, i32 2, i32 16, i32 16, [1 x i8]* @p_str137, [11 x i8]* @ScalarProp_str)"   --->   Operation 226 'specinterface' <Predicate = true> <Delay = 0.00>
ST_32 : Operation 227 [1/1] (0.00ns)   --->   "%xin_M_real_addr = getelementptr inbounds [32 x float]* %xin_M_real, i64 0, i64 31"   --->   Operation 227 'getelementptr' 'xin_M_real_addr' <Predicate = true> <Delay = 0.00>
ST_32 : Operation 228 [1/1] (0.00ns)   --->   "%xin_M_imag_addr = getelementptr inbounds [32 x float]* %xin_M_imag, i64 0, i64 31"   --->   Operation 228 'getelementptr' 'xin_M_imag_addr' <Predicate = true> <Delay = 0.00>
ST_32 : Operation 229 [1/1] (0.00ns)   --->   "%data_IN_M_real_read_31 = call float @_ssdm_op_Read.axis.volatile.floatP(float* %data_IN_M_real)" [vhls_src/fft.cpp:140->vhls_src/fft.cpp:115->vhls_src/fft.cpp:113]   --->   Operation 229 'read' 'data_IN_M_real_read_31' <Predicate = true> <Delay = 0.00> <Core = "AXI4Stream">   --->   Core 5 'AXI4Stream' <Latency = 0> <II = 1> <Delay = 1.00> <Adapter> <Opcode : >
ST_32 : Operation 230 [1/1] (3.25ns)   --->   "store float %data_IN_M_real_read_31, float* %xin_M_real_addr, align 8" [vhls_src/fft.cpp:140->vhls_src/fft.cpp:115->vhls_src/fft.cpp:113]   --->   Operation 230 'store' <Predicate = true> <Delay = 3.25> <Core = "RAM">   --->   Core 37 'RAM' <Latency = 1> <II = 1> <Delay = 3.25> <Storage> <Opcode : 'load' 'store'> <Ports = 2> <Width = 32> <Depth = 32> <RAM>
ST_32 : Operation 231 [1/1] (0.00ns)   --->   "%data_IN_M_imag_read_31 = call float @_ssdm_op_Read.axis.volatile.floatP(float* %data_IN_M_imag)" [vhls_src/fft.cpp:140->vhls_src/fft.cpp:115->vhls_src/fft.cpp:113]   --->   Operation 231 'read' 'data_IN_M_imag_read_31' <Predicate = true> <Delay = 0.00> <Core = "AXI4Stream">   --->   Core 5 'AXI4Stream' <Latency = 0> <II = 1> <Delay = 1.00> <Adapter> <Opcode : >
ST_32 : Operation 232 [1/1] (3.25ns)   --->   "store float %data_IN_M_imag_read_31, float* %xin_M_imag_addr, align 4" [vhls_src/fft.cpp:140->vhls_src/fft.cpp:115->vhls_src/fft.cpp:113]   --->   Operation 232 'store' <Predicate = true> <Delay = 3.25> <Core = "RAM">   --->   Core 37 'RAM' <Latency = 1> <II = 1> <Delay = 3.25> <Storage> <Opcode : 'load' 'store'> <Ports = 2> <Width = 32> <Depth = 32> <RAM>
ST_32 : Operation 233 [1/1] (0.00ns)   --->   "ret void" [vhls_src/fft.cpp:113]   --->   Operation 233 'ret' <Predicate = true> <Delay = 0.00>


============================================================
+ Verbose Summary: Timing violations
============================================================
Target clock period: 10ns, clock uncertainty: 1.25ns.

 <State 1>: 7.27ns
The critical path consists of the following:
	fifo read on port 'win_mode' (vhls_src/fft.cpp:115) [11]  (3.63 ns)
	fifo write on port 'win_mode_out' (vhls_src/fft.cpp:115->vhls_src/fft.cpp:113) [14]  (3.63 ns)

 <State 2>: 3.25ns
The critical path consists of the following:
	'getelementptr' operation ('xin_M_real_addr_31') [45]  (0 ns)
	'store' operation ('store_ln140', vhls_src/fft.cpp:140->vhls_src/fft.cpp:115->vhls_src/fft.cpp:113) of variable 'data_IN_M_real_read_1', vhls_src/fft.cpp:140->vhls_src/fft.cpp:115->vhls_src/fft.cpp:113 on array 'xin_M_real' [84]  (3.25 ns)

 <State 3>: 3.25ns
The critical path consists of the following:
	'getelementptr' operation ('xin_M_real_addr_30') [44]  (0 ns)
	'store' operation ('store_ln140', vhls_src/fft.cpp:140->vhls_src/fft.cpp:115->vhls_src/fft.cpp:113) of variable 'data_IN_M_real_read_2', vhls_src/fft.cpp:140->vhls_src/fft.cpp:115->vhls_src/fft.cpp:113 on array 'xin_M_real' [88]  (3.25 ns)

 <State 4>: 3.25ns
The critical path consists of the following:
	'getelementptr' operation ('xin_M_real_addr_29') [43]  (0 ns)
	'store' operation ('store_ln140', vhls_src/fft.cpp:140->vhls_src/fft.cpp:115->vhls_src/fft.cpp:113) of variable 'data_IN_M_real_read_3', vhls_src/fft.cpp:140->vhls_src/fft.cpp:115->vhls_src/fft.cpp:113 on array 'xin_M_real' [92]  (3.25 ns)

 <State 5>: 3.25ns
The critical path consists of the following:
	'getelementptr' operation ('xin_M_real_addr_28') [42]  (0 ns)
	'store' operation ('store_ln140', vhls_src/fft.cpp:140->vhls_src/fft.cpp:115->vhls_src/fft.cpp:113) of variable 'data_IN_M_real_read_4', vhls_src/fft.cpp:140->vhls_src/fft.cpp:115->vhls_src/fft.cpp:113 on array 'xin_M_real' [96]  (3.25 ns)

 <State 6>: 3.25ns
The critical path consists of the following:
	'getelementptr' operation ('xin_M_real_addr_27') [41]  (0 ns)
	'store' operation ('store_ln140', vhls_src/fft.cpp:140->vhls_src/fft.cpp:115->vhls_src/fft.cpp:113) of variable 'data_IN_M_real_read_5', vhls_src/fft.cpp:140->vhls_src/fft.cpp:115->vhls_src/fft.cpp:113 on array 'xin_M_real' [100]  (3.25 ns)

 <State 7>: 3.25ns
The critical path consists of the following:
	'getelementptr' operation ('xin_M_real_addr_26') [40]  (0 ns)
	'store' operation ('store_ln140', vhls_src/fft.cpp:140->vhls_src/fft.cpp:115->vhls_src/fft.cpp:113) of variable 'data_IN_M_real_read_6', vhls_src/fft.cpp:140->vhls_src/fft.cpp:115->vhls_src/fft.cpp:113 on array 'xin_M_real' [104]  (3.25 ns)

 <State 8>: 3.25ns
The critical path consists of the following:
	'getelementptr' operation ('xin_M_real_addr_25') [39]  (0 ns)
	'store' operation ('store_ln140', vhls_src/fft.cpp:140->vhls_src/fft.cpp:115->vhls_src/fft.cpp:113) of variable 'data_IN_M_real_read_7', vhls_src/fft.cpp:140->vhls_src/fft.cpp:115->vhls_src/fft.cpp:113 on array 'xin_M_real' [108]  (3.25 ns)

 <State 9>: 3.25ns
The critical path consists of the following:
	'getelementptr' operation ('xin_M_real_addr_24') [38]  (0 ns)
	'store' operation ('store_ln140', vhls_src/fft.cpp:140->vhls_src/fft.cpp:115->vhls_src/fft.cpp:113) of variable 'data_IN_M_real_read_8', vhls_src/fft.cpp:140->vhls_src/fft.cpp:115->vhls_src/fft.cpp:113 on array 'xin_M_real' [112]  (3.25 ns)

 <State 10>: 3.25ns
The critical path consists of the following:
	'getelementptr' operation ('xin_M_real_addr_23') [37]  (0 ns)
	'store' operation ('store_ln140', vhls_src/fft.cpp:140->vhls_src/fft.cpp:115->vhls_src/fft.cpp:113) of variable 'data_IN_M_real_read_9', vhls_src/fft.cpp:140->vhls_src/fft.cpp:115->vhls_src/fft.cpp:113 on array 'xin_M_real' [116]  (3.25 ns)

 <State 11>: 3.25ns
The critical path consists of the following:
	'getelementptr' operation ('xin_M_real_addr_22') [36]  (0 ns)
	'store' operation ('store_ln140', vhls_src/fft.cpp:140->vhls_src/fft.cpp:115->vhls_src/fft.cpp:113) of variable 'data_IN_M_real_read_10', vhls_src/fft.cpp:140->vhls_src/fft.cpp:115->vhls_src/fft.cpp:113 on array 'xin_M_real' [120]  (3.25 ns)

 <State 12>: 3.25ns
The critical path consists of the following:
	'getelementptr' operation ('xin_M_real_addr_21') [35]  (0 ns)
	'store' operation ('store_ln140', vhls_src/fft.cpp:140->vhls_src/fft.cpp:115->vhls_src/fft.cpp:113) of variable 'data_IN_M_real_read_11', vhls_src/fft.cpp:140->vhls_src/fft.cpp:115->vhls_src/fft.cpp:113 on array 'xin_M_real' [124]  (3.25 ns)

 <State 13>: 3.25ns
The critical path consists of the following:
	'getelementptr' operation ('xin_M_real_addr_20') [34]  (0 ns)
	'store' operation ('store_ln140', vhls_src/fft.cpp:140->vhls_src/fft.cpp:115->vhls_src/fft.cpp:113) of variable 'data_IN_M_real_read_12', vhls_src/fft.cpp:140->vhls_src/fft.cpp:115->vhls_src/fft.cpp:113 on array 'xin_M_real' [128]  (3.25 ns)

 <State 14>: 3.25ns
The critical path consists of the following:
	'getelementptr' operation ('xin_M_real_addr_19') [33]  (0 ns)
	'store' operation ('store_ln140', vhls_src/fft.cpp:140->vhls_src/fft.cpp:115->vhls_src/fft.cpp:113) of variable 'data_IN_M_real_read_13', vhls_src/fft.cpp:140->vhls_src/fft.cpp:115->vhls_src/fft.cpp:113 on array 'xin_M_real' [132]  (3.25 ns)

 <State 15>: 3.25ns
The critical path consists of the following:
	'getelementptr' operation ('xin_M_real_addr_18') [32]  (0 ns)
	'store' operation ('store_ln140', vhls_src/fft.cpp:140->vhls_src/fft.cpp:115->vhls_src/fft.cpp:113) of variable 'data_IN_M_real_read_14', vhls_src/fft.cpp:140->vhls_src/fft.cpp:115->vhls_src/fft.cpp:113 on array 'xin_M_real' [136]  (3.25 ns)

 <State 16>: 3.25ns
The critical path consists of the following:
	'getelementptr' operation ('xin_M_real_addr_17') [31]  (0 ns)
	'store' operation ('store_ln140', vhls_src/fft.cpp:140->vhls_src/fft.cpp:115->vhls_src/fft.cpp:113) of variable 'data_IN_M_real_read_15', vhls_src/fft.cpp:140->vhls_src/fft.cpp:115->vhls_src/fft.cpp:113 on array 'xin_M_real' [140]  (3.25 ns)

 <State 17>: 3.25ns
The critical path consists of the following:
	'getelementptr' operation ('xin_M_real_addr_16') [30]  (0 ns)
	'store' operation ('store_ln140', vhls_src/fft.cpp:140->vhls_src/fft.cpp:115->vhls_src/fft.cpp:113) of variable 'data_IN_M_real_read_16', vhls_src/fft.cpp:140->vhls_src/fft.cpp:115->vhls_src/fft.cpp:113 on array 'xin_M_real' [144]  (3.25 ns)

 <State 18>: 3.25ns
The critical path consists of the following:
	'getelementptr' operation ('xin_M_real_addr_15') [29]  (0 ns)
	'store' operation ('store_ln140', vhls_src/fft.cpp:140->vhls_src/fft.cpp:115->vhls_src/fft.cpp:113) of variable 'data_IN_M_real_read_17', vhls_src/fft.cpp:140->vhls_src/fft.cpp:115->vhls_src/fft.cpp:113 on array 'xin_M_real' [148]  (3.25 ns)

 <State 19>: 3.25ns
The critical path consists of the following:
	'getelementptr' operation ('xin_M_real_addr_14') [28]  (0 ns)
	'store' operation ('store_ln140', vhls_src/fft.cpp:140->vhls_src/fft.cpp:115->vhls_src/fft.cpp:113) of variable 'data_IN_M_real_read_18', vhls_src/fft.cpp:140->vhls_src/fft.cpp:115->vhls_src/fft.cpp:113 on array 'xin_M_real' [152]  (3.25 ns)

 <State 20>: 3.25ns
The critical path consists of the following:
	'getelementptr' operation ('xin_M_real_addr_13') [27]  (0 ns)
	'store' operation ('store_ln140', vhls_src/fft.cpp:140->vhls_src/fft.cpp:115->vhls_src/fft.cpp:113) of variable 'data_IN_M_real_read_19', vhls_src/fft.cpp:140->vhls_src/fft.cpp:115->vhls_src/fft.cpp:113 on array 'xin_M_real' [156]  (3.25 ns)

 <State 21>: 3.25ns
The critical path consists of the following:
	'getelementptr' operation ('xin_M_real_addr_12') [26]  (0 ns)
	'store' operation ('store_ln140', vhls_src/fft.cpp:140->vhls_src/fft.cpp:115->vhls_src/fft.cpp:113) of variable 'data_IN_M_real_read_20', vhls_src/fft.cpp:140->vhls_src/fft.cpp:115->vhls_src/fft.cpp:113 on array 'xin_M_real' [160]  (3.25 ns)

 <State 22>: 3.25ns
The critical path consists of the following:
	'getelementptr' operation ('xin_M_real_addr_11') [25]  (0 ns)
	'store' operation ('store_ln140', vhls_src/fft.cpp:140->vhls_src/fft.cpp:115->vhls_src/fft.cpp:113) of variable 'data_IN_M_real_read_21', vhls_src/fft.cpp:140->vhls_src/fft.cpp:115->vhls_src/fft.cpp:113 on array 'xin_M_real' [164]  (3.25 ns)

 <State 23>: 3.25ns
The critical path consists of the following:
	'getelementptr' operation ('xin_M_real_addr_10') [24]  (0 ns)
	'store' operation ('store_ln140', vhls_src/fft.cpp:140->vhls_src/fft.cpp:115->vhls_src/fft.cpp:113) of variable 'data_IN_M_real_read_22', vhls_src/fft.cpp:140->vhls_src/fft.cpp:115->vhls_src/fft.cpp:113 on array 'xin_M_real' [168]  (3.25 ns)

 <State 24>: 3.25ns
The critical path consists of the following:
	'getelementptr' operation ('xin_M_real_addr_9') [23]  (0 ns)
	'store' operation ('store_ln140', vhls_src/fft.cpp:140->vhls_src/fft.cpp:115->vhls_src/fft.cpp:113) of variable 'data_IN_M_real_read_23', vhls_src/fft.cpp:140->vhls_src/fft.cpp:115->vhls_src/fft.cpp:113 on array 'xin_M_real' [172]  (3.25 ns)

 <State 25>: 3.25ns
The critical path consists of the following:
	'getelementptr' operation ('xin_M_real_addr_8') [22]  (0 ns)
	'store' operation ('store_ln140', vhls_src/fft.cpp:140->vhls_src/fft.cpp:115->vhls_src/fft.cpp:113) of variable 'data_IN_M_real_read_24', vhls_src/fft.cpp:140->vhls_src/fft.cpp:115->vhls_src/fft.cpp:113 on array 'xin_M_real' [176]  (3.25 ns)

 <State 26>: 3.25ns
The critical path consists of the following:
	'getelementptr' operation ('xin_M_real_addr_7') [21]  (0 ns)
	'store' operation ('store_ln140', vhls_src/fft.cpp:140->vhls_src/fft.cpp:115->vhls_src/fft.cpp:113) of variable 'data_IN_M_real_read_25', vhls_src/fft.cpp:140->vhls_src/fft.cpp:115->vhls_src/fft.cpp:113 on array 'xin_M_real' [180]  (3.25 ns)

 <State 27>: 3.25ns
The critical path consists of the following:
	'getelementptr' operation ('xin_M_real_addr_6') [20]  (0 ns)
	'store' operation ('store_ln140', vhls_src/fft.cpp:140->vhls_src/fft.cpp:115->vhls_src/fft.cpp:113) of variable 'data_IN_M_real_read_26', vhls_src/fft.cpp:140->vhls_src/fft.cpp:115->vhls_src/fft.cpp:113 on array 'xin_M_real' [184]  (3.25 ns)

 <State 28>: 3.25ns
The critical path consists of the following:
	'getelementptr' operation ('xin_M_real_addr_5') [19]  (0 ns)
	'store' operation ('store_ln140', vhls_src/fft.cpp:140->vhls_src/fft.cpp:115->vhls_src/fft.cpp:113) of variable 'data_IN_M_real_read_27', vhls_src/fft.cpp:140->vhls_src/fft.cpp:115->vhls_src/fft.cpp:113 on array 'xin_M_real' [188]  (3.25 ns)

 <State 29>: 3.25ns
The critical path consists of the following:
	'getelementptr' operation ('xin_M_real_addr_4') [18]  (0 ns)
	'store' operation ('store_ln140', vhls_src/fft.cpp:140->vhls_src/fft.cpp:115->vhls_src/fft.cpp:113) of variable 'data_IN_M_real_read_28', vhls_src/fft.cpp:140->vhls_src/fft.cpp:115->vhls_src/fft.cpp:113 on array 'xin_M_real' [192]  (3.25 ns)

 <State 30>: 3.25ns
The critical path consists of the following:
	'getelementptr' operation ('xin_M_real_addr_3') [17]  (0 ns)
	'store' operation ('store_ln140', vhls_src/fft.cpp:140->vhls_src/fft.cpp:115->vhls_src/fft.cpp:113) of variable 'data_IN_M_real_read_29', vhls_src/fft.cpp:140->vhls_src/fft.cpp:115->vhls_src/fft.cpp:113 on array 'xin_M_real' [196]  (3.25 ns)

 <State 31>: 3.25ns
The critical path consists of the following:
	'getelementptr' operation ('xin_M_real_addr_2') [16]  (0 ns)
	'store' operation ('store_ln140', vhls_src/fft.cpp:140->vhls_src/fft.cpp:115->vhls_src/fft.cpp:113) of variable 'data_IN_M_real_read_30', vhls_src/fft.cpp:140->vhls_src/fft.cpp:115->vhls_src/fft.cpp:113 on array 'xin_M_real' [200]  (3.25 ns)

 <State 32>: 3.25ns
The critical path consists of the following:
	'getelementptr' operation ('xin_M_real_addr') [15]  (0 ns)
	'store' operation ('store_ln140', vhls_src/fft.cpp:140->vhls_src/fft.cpp:115->vhls_src/fft.cpp:113) of variable 'data_IN_M_real_read_31', vhls_src/fft.cpp:140->vhls_src/fft.cpp:115->vhls_src/fft.cpp:113 on array 'xin_M_real' [204]  (3.25 ns)


============================================================
+ Verbose Summary: Binding
============================================================
N/A
* FSMD analyzer results:
  - Output states:
 - Input state : 
  - Chain level:
	State 1
	State 2
	State 3
	State 4
	State 5
	State 6
	State 7
	State 8
	State 9
	State 10
	State 11
	State 12
	State 13
	State 14
	State 15
	State 16
	State 17
	State 18
	State 19
	State 20
	State 21
	State 22
	State 23
	State 24
	State 25
	State 26
	State 27
	State 28
	State 29
	State 30
	State 31
	State 32


============================================================
+ Verbose Summary: Datapath Resource usage 
============================================================
N/A
