

================================================================
== Vivado HLS Report for 'FFT'
================================================================
* Date:           Fri Jan  1 20:14:29 2021

* Version:        2020.1 (Build 2897737 on Wed May 27 20:21:37 MDT 2020)
* Project:        vhls_v3
* Solution:       solnv3
* Product family: zynq
* Target device:  xc7z020-clg400-1


================================================================
== Performance Estimates
================================================================
+ Timing: 
    * Summary: 
    +--------+----------+----------+------------+
    |  Clock |  Target  | Estimated| Uncertainty|
    +--------+----------+----------+------------+
    |ap_clk  | 10.00 ns | 8.358 ns |   1.25 ns  |
    +--------+----------+----------+------------+

+ Latency: 
    * Summary: 
    +---------+---------+----------+----------+-----+-----+----------+
    |  Latency (cycles) |  Latency (absolute) |  Interval | Pipeline |
    |   min   |   max   |    min   |    max   | min | max |   Type   |
    +---------+---------+----------+----------+-----+-----+----------+
    |      365|      365| 3.650 us | 3.650 us |   99|   99| dataflow |
    +---------+---------+----------+----------+-----+-----+----------+

    + Detail: 
        * Instance: 
        +----------------------------------+-----------------------+---------+---------+----------+----------+-----+-----+---------+
        |                                  |                       |  Latency (cycles) |  Latency (absolute) |  Interval | Pipeline|
        |             Instance             |         Module        |   min   |   max   |    min   |    max   | min | max |   Type  |
        +----------------------------------+-----------------------+---------+---------+----------+----------+-----+-----+---------+
        |grp_mult_window_fu_170            |mult_window            |       46|       46| 0.460 us | 0.460 us |   46|   46|   none  |
        |grp_Block_codeRepl12432_s_fu_189  |Block_codeRepl12432_s  |       98|       98| 0.980 us | 0.980 us |   98|   98|   none  |
        |grp_FFT0119_fu_203                |FFT0119                |       33|       33| 0.330 us | 0.330 us |   33|   33|   none  |
        |grp_FFT0120_fu_219                |FFT0120                |       33|       33| 0.330 us | 0.330 us |   33|   33|   none  |
        |grp_FFT0121_fu_235                |FFT0121                |       33|       33| 0.330 us | 0.330 us |   33|   33|   none  |
        |grp_FFT0118_fu_251                |FFT0118                |       33|       33| 0.330 us | 0.330 us |   33|   33|   none  |
        |grp_FFT0122_fu_267                |FFT0122                |       33|       33| 0.330 us | 0.330 us |   33|   33|   none  |
        |grp_bitreverse_fu_283             |bitreverse             |       16|       16| 0.160 us | 0.160 us |   16|   16|   none  |
        |grp_Block_codeRepl124_pr_fu_295   |Block_codeRepl124_pr   |       31|       31| 0.310 us | 0.310 us |   31|   31|   none  |
        |call_ln118_FFT_entry3_fu_307      |FFT_entry3             |        0|        0|   0 ns   |   0 ns   |    0|    0|   none  |
        +----------------------------------+-----------------------+---------+---------+----------+----------+-----+-----+---------+

        * Loop: 
        N/A

============================================================
+ Verbose Summary: Synthesis Manager
============================================================
InlineROM: 1
ExposeGlobal: 0
============================================================
+ Verbose Summary: CDFG Model
============================================================
IsTopModel: 1
ResetActiveHigh: 1
IsCombinational: 2
IsDatapathOnly: 0
HasWiredReturn: 1
HasMFsm: 0
HasVarLatency: 1
IsPipeline: 0
IsRtlPipelined: 0
IsInstanceOverlapped: 0
IsDontTouch: 0
HasImplIP: 0
IsGatedGlobalClock: 0


============================================================
+ Verbose Summary: Schedule
============================================================
* Number of FSM states : 20
* Pipeline : 0
* Dataflow Pipeline: 1
  DF-Pipeline-0: Size = 20, States = { 1 2 3 4 5 6 7 8 9 10 11 12 13 14 15 16 17 18 19 20 }

* FSM state transitions: 
1 --> 2 
2 --> 3 
3 --> 4 
4 --> 5 
5 --> 6 
6 --> 7 
7 --> 8 
8 --> 9 
9 --> 10 
10 --> 11 
11 --> 12 
12 --> 13 
13 --> 14 
14 --> 15 
15 --> 16 
16 --> 17 
17 --> 18 
18 --> 19 
19 --> 20 
20 --> 

* FSM state operations: 

State 1 <SV = 0> <Delay = 4.63>
ST_1 : Operation 21 [1/1] (1.00ns)   --->   "%win_mode_read = call i8 @_ssdm_op_Read.s_axilite.i8(i8 %win_mode)" [vhls_src/fft.cpp:118]   --->   Operation 21 'read' 'win_mode_read' <Predicate = true> <Delay = 1.00> <Core = "s_axilite">   --->   Core 10 's_axilite' <Latency = 0> <II = 1> <Delay = 1.00> <Adapter> <Opcode : 'read' 'write'>
ST_1 : Operation 22 [1/1] (0.00ns)   --->   "%win_mode_c1 = alloca i8, align 1" [vhls_src/fft.cpp:118]   --->   Operation 22 'alloca' 'win_mode_c1' <Predicate = true> <Delay = 0.00> <Core = "FIFO">   --->   Core 32 'FIFO' <Latency = 0> <II = 1> <Delay = 3.63> <Storage> <Opcode : 'read' 'write' 'nbread' 'nbwrite'> <Ports = 0> <Width = 8> <Depth = 2> <FIFO>
ST_1 : Operation 23 [1/1] (0.00ns)   --->   "%win_mode_c = alloca i8, align 1" [vhls_src/fft.cpp:118]   --->   Operation 23 'alloca' 'win_mode_c' <Predicate = true> <Delay = 0.00> <Core = "FIFO">   --->   Core 32 'FIFO' <Latency = 0> <II = 1> <Delay = 3.63> <Storage> <Opcode : 'read' 'write' 'nbread' 'nbwrite'> <Ports = 0> <Width = 8> <Depth = 2> <FIFO>
ST_1 : Operation 24 [1/1] (3.63ns)   --->   "call void @FFT.entry3(i8 %win_mode_read, i8* %win_mode_c1)" [vhls_src/fft.cpp:118]   --->   Operation 24 'call' <Predicate = true> <Delay = 3.63> <CoreType = "Generic">   --->   Core 0 '' <Latency = 0> <II = 1> <Delay = 1.00> <Generic> <Opcode : >

State 2 <SV = 1> <Delay = 0.00>
ST_2 : Operation 25 [2/2] (0.00ns)   --->   "call fastcc void @Block_codeRepl124_pr(i64* %data_IN, [32 x float]* @xin_M_imag, [32 x float]* @xin_M_real, i8* nocapture %win_mode_c1, i8* %win_mode_c)" [vhls_src/fft.cpp:118]   --->   Operation 25 'call' <Predicate = true> <Delay = 0.00> <CoreType = "Generic">   --->   Core 0 '' <Latency = 0> <II = 1> <Delay = 1.00> <Generic> <Opcode : >

State 3 <SV = 2> <Delay = 0.00>
ST_3 : Operation 26 [1/2] (0.00ns)   --->   "call fastcc void @Block_codeRepl124_pr(i64* %data_IN, [32 x float]* @xin_M_imag, [32 x float]* @xin_M_real, i8* nocapture %win_mode_c1, i8* %win_mode_c)" [vhls_src/fft.cpp:118]   --->   Operation 26 'call' <Predicate = true> <Delay = 0.00> <CoreType = "Generic">   --->   Core 0 '' <Latency = 0> <II = 1> <Delay = 1.00> <Generic> <Opcode : >

State 4 <SV = 3> <Delay = 0.00>
ST_4 : Operation 27 [2/2] (0.00ns)   --->   "call fastcc void @mult_window(i8* nocapture %win_mode_c)" [vhls_src/fft.cpp:149]   --->   Operation 27 'call' <Predicate = true> <Delay = 0.00> <CoreType = "Generic">   --->   Core 0 '' <Latency = 0> <II = 1> <Delay = 1.00> <Generic> <Opcode : >

State 5 <SV = 4> <Delay = 0.00>
ST_5 : Operation 28 [1/2] (0.00ns)   --->   "call fastcc void @mult_window(i8* nocapture %win_mode_c)" [vhls_src/fft.cpp:149]   --->   Operation 28 'call' <Predicate = true> <Delay = 0.00> <CoreType = "Generic">   --->   Core 0 '' <Latency = 0> <II = 1> <Delay = 1.00> <Generic> <Opcode : >

State 6 <SV = 5> <Delay = 0.00>
ST_6 : Operation 29 [2/2] (0.00ns)   --->   "call fastcc void @bitreverse([32 x float]* @prod_IN_M_imag, [32 x float]* @prod_IN_M_real)" [vhls_src/fft.cpp:150]   --->   Operation 29 'call' <Predicate = true> <Delay = 0.00> <CoreType = "Generic">   --->   Core 0 '' <Latency = 0> <II = 1> <Delay = 1.00> <Generic> <Opcode : >

State 7 <SV = 6> <Delay = 0.00>
ST_7 : Operation 30 [1/2] (0.00ns)   --->   "call fastcc void @bitreverse([32 x float]* @prod_IN_M_imag, [32 x float]* @prod_IN_M_real)" [vhls_src/fft.cpp:150]   --->   Operation 30 'call' <Predicate = true> <Delay = 0.00> <CoreType = "Generic">   --->   Core 0 '' <Latency = 0> <II = 1> <Delay = 1.00> <Generic> <Opcode : >

State 8 <SV = 7> <Delay = 0.00>
ST_8 : Operation 31 [2/2] (0.00ns)   --->   "call fastcc void @FFT0118([32 x float]* nocapture @data_OUT0_M_real, [32 x float]* nocapture @data_OUT0_M_imag, [32 x float]* @data_OUT1_M_imag, [32 x float]* @data_OUT1_M_real)" [vhls_src/fft.cpp:151]   --->   Operation 31 'call' <Predicate = true> <Delay = 0.00> <CoreType = "Generic">   --->   Core 0 '' <Latency = 0> <II = 1> <Delay = 1.00> <Generic> <Opcode : >

State 9 <SV = 8> <Delay = 0.00>
ST_9 : Operation 32 [1/2] (0.00ns)   --->   "call fastcc void @FFT0118([32 x float]* nocapture @data_OUT0_M_real, [32 x float]* nocapture @data_OUT0_M_imag, [32 x float]* @data_OUT1_M_imag, [32 x float]* @data_OUT1_M_real)" [vhls_src/fft.cpp:151]   --->   Operation 32 'call' <Predicate = true> <Delay = 0.00> <CoreType = "Generic">   --->   Core 0 '' <Latency = 0> <II = 1> <Delay = 1.00> <Generic> <Opcode : >

State 10 <SV = 9> <Delay = 0.00>
ST_10 : Operation 33 [2/2] (0.00ns)   --->   "call fastcc void @FFT0119([32 x float]* @data_OUT2_M_imag, [32 x float]* @data_OUT2_M_real)" [vhls_src/fft.cpp:152]   --->   Operation 33 'call' <Predicate = true> <Delay = 0.00> <CoreType = "Generic">   --->   Core 0 '' <Latency = 0> <II = 1> <Delay = 1.00> <Generic> <Opcode : >

State 11 <SV = 10> <Delay = 0.00>
ST_11 : Operation 34 [1/2] (0.00ns)   --->   "call fastcc void @FFT0119([32 x float]* @data_OUT2_M_imag, [32 x float]* @data_OUT2_M_real)" [vhls_src/fft.cpp:152]   --->   Operation 34 'call' <Predicate = true> <Delay = 0.00> <CoreType = "Generic">   --->   Core 0 '' <Latency = 0> <II = 1> <Delay = 1.00> <Generic> <Opcode : >

State 12 <SV = 11> <Delay = 0.00>
ST_12 : Operation 35 [2/2] (0.00ns)   --->   "call fastcc void @FFT0120([32 x float]* @data_OUT3_M_imag, [32 x float]* @data_OUT3_M_real)" [vhls_src/fft.cpp:153]   --->   Operation 35 'call' <Predicate = true> <Delay = 0.00> <CoreType = "Generic">   --->   Core 0 '' <Latency = 0> <II = 1> <Delay = 1.00> <Generic> <Opcode : >

State 13 <SV = 12> <Delay = 0.00>
ST_13 : Operation 36 [1/2] (0.00ns)   --->   "call fastcc void @FFT0120([32 x float]* @data_OUT3_M_imag, [32 x float]* @data_OUT3_M_real)" [vhls_src/fft.cpp:153]   --->   Operation 36 'call' <Predicate = true> <Delay = 0.00> <CoreType = "Generic">   --->   Core 0 '' <Latency = 0> <II = 1> <Delay = 1.00> <Generic> <Opcode : >

State 14 <SV = 13> <Delay = 0.00>
ST_14 : Operation 37 [2/2] (0.00ns)   --->   "call fastcc void @FFT0121([32 x float]* @data_OUT4_M_imag, [32 x float]* @data_OUT4_M_real)" [vhls_src/fft.cpp:154]   --->   Operation 37 'call' <Predicate = true> <Delay = 0.00> <CoreType = "Generic">   --->   Core 0 '' <Latency = 0> <II = 1> <Delay = 1.00> <Generic> <Opcode : >

State 15 <SV = 14> <Delay = 0.00>
ST_15 : Operation 38 [1/2] (0.00ns)   --->   "call fastcc void @FFT0121([32 x float]* @data_OUT4_M_imag, [32 x float]* @data_OUT4_M_real)" [vhls_src/fft.cpp:154]   --->   Operation 38 'call' <Predicate = true> <Delay = 0.00> <CoreType = "Generic">   --->   Core 0 '' <Latency = 0> <II = 1> <Delay = 1.00> <Generic> <Opcode : >

State 16 <SV = 15> <Delay = 0.00>
ST_16 : Operation 39 [2/2] (0.00ns)   --->   "call fastcc void @FFT0122()" [vhls_src/fft.cpp:155]   --->   Operation 39 'call' <Predicate = true> <Delay = 0.00> <CoreType = "Generic">   --->   Core 0 '' <Latency = 0> <II = 1> <Delay = 1.00> <Generic> <Opcode : >

State 17 <SV = 16> <Delay = 0.00>
ST_17 : Operation 40 [1/2] (0.00ns)   --->   "call fastcc void @FFT0122()" [vhls_src/fft.cpp:155]   --->   Operation 40 'call' <Predicate = true> <Delay = 0.00> <CoreType = "Generic">   --->   Core 0 '' <Latency = 0> <II = 1> <Delay = 1.00> <Generic> <Opcode : >

State 18 <SV = 17> <Delay = 0.00>
ST_18 : Operation 41 [2/2] (0.00ns)   --->   "call fastcc void @Block_codeRepl12432_(float* %mag_OUT, i64* %data_OUT, [32 x float]* @data_OUTfft_M_imag, [32 x float]* @data_OUTfft_M_real)"   --->   Operation 41 'call' <Predicate = true> <Delay = 0.00> <CoreType = "Generic">   --->   Core 0 '' <Latency = 0> <II = 1> <Delay = 1.00> <Generic> <Opcode : >

State 19 <SV = 18> <Delay = 0.00>
ST_19 : Operation 42 [1/2] (0.00ns)   --->   "call fastcc void @Block_codeRepl12432_(float* %mag_OUT, i64* %data_OUT, [32 x float]* @data_OUTfft_M_imag, [32 x float]* @data_OUTfft_M_real)"   --->   Operation 42 'call' <Predicate = true> <Delay = 0.00> <CoreType = "Generic">   --->   Core 0 '' <Latency = 0> <II = 1> <Delay = 1.00> <Generic> <Opcode : >

State 20 <SV = 19> <Delay = 0.00>
ST_20 : Operation 43 [1/1] (0.00ns)   --->   "call void (...)* @_ssdm_op_SpecDataflowPipeline(i32 -1, i32 0, [1 x i8]* @p_str1) nounwind" [vhls_src/fft.cpp:123]   --->   Operation 43 'specdataflowpipeline' <Predicate = true> <Delay = 0.00>
ST_20 : Operation 44 [1/1] (0.00ns)   --->   "call void (...)* @_ssdm_op_SpecBitsMap(i64* %data_OUT), !map !145"   --->   Operation 44 'specbitsmap' <Predicate = true> <Delay = 0.00>
ST_20 : Operation 45 [1/1] (0.00ns)   --->   "call void (...)* @_ssdm_op_SpecBitsMap(i64* %data_IN), !map !154"   --->   Operation 45 'specbitsmap' <Predicate = true> <Delay = 0.00>
ST_20 : Operation 46 [1/1] (0.00ns)   --->   "call void (...)* @_ssdm_op_SpecBitsMap(i8 %win_mode), !map !161"   --->   Operation 46 'specbitsmap' <Predicate = true> <Delay = 0.00>
ST_20 : Operation 47 [1/1] (0.00ns)   --->   "call void (...)* @_ssdm_op_SpecBitsMap(float* %mag_OUT), !map !167"   --->   Operation 47 'specbitsmap' <Predicate = true> <Delay = 0.00>
ST_20 : Operation 48 [1/1] (0.00ns)   --->   "call void (...)* @_ssdm_op_SpecTopModule([4 x i8]* @FFT_str) nounwind"   --->   Operation 48 'spectopmodule' <Predicate = true> <Delay = 0.00>
ST_20 : Operation 49 [1/1] (0.00ns)   --->   "call void (...)* @_ssdm_op_SpecInterface(i8 %win_mode, [10 x i8]* @p_str9, i32 0, i32 0, [1 x i8]* @p_str1, i32 0, i32 0, [1 x i8]* @p_str1, [1 x i8]* @p_str1, [1 x i8]* @p_str1, i32 0, i32 0, i32 0, i32 0, [1 x i8]* @p_str1, [1 x i8]* @p_str1) nounwind" [vhls_src/fft.cpp:122]   --->   Operation 49 'specinterface' <Predicate = true> <Delay = 0.00>
ST_20 : Operation 50 [1/1] (0.00ns)   --->   "call void (...)* @_ssdm_op_SpecInterface(float* %mag_OUT, [5 x i8]* @p_str10, i32 1, i32 1, [5 x i8]* @p_str11, i32 0, i32 0, [1 x i8]* @p_str1, [1 x i8]* @p_str1, [1 x i8]* @p_str1, i32 0, i32 0, i32 0, i32 0, [1 x i8]* @p_str1, [1 x i8]* @p_str1)" [vhls_src/fft.cpp:124]   --->   Operation 50 'specinterface' <Predicate = true> <Delay = 0.00>
ST_20 : Operation 51 [1/1] (0.00ns)   --->   "call void (...)* @_ssdm_op_SpecInterface(i64* %data_OUT, [5 x i8]* @p_str10, i32 1, i32 1, [5 x i8]* @p_str11, i32 0, i32 0, [1 x i8]* @p_str1, [1 x i8]* @p_str1, [1 x i8]* @p_str1, i32 0, i32 0, i32 0, i32 0, [1 x i8]* @p_str1, [1 x i8]* @p_str1)" [vhls_src/fft.cpp:125]   --->   Operation 51 'specinterface' <Predicate = true> <Delay = 0.00>
ST_20 : Operation 52 [1/1] (0.00ns)   --->   "call void (...)* @_ssdm_op_SpecInterface(i64* %data_IN, [5 x i8]* @p_str10, i32 1, i32 1, [5 x i8]* @p_str11, i32 0, i32 0, [1 x i8]* @p_str1, [1 x i8]* @p_str1, [1 x i8]* @p_str1, i32 0, i32 0, i32 0, i32 0, [1 x i8]* @p_str1, [1 x i8]* @p_str1)" [vhls_src/fft.cpp:126]   --->   Operation 52 'specinterface' <Predicate = true> <Delay = 0.00>
ST_20 : Operation 53 [1/1] (0.00ns)   --->   "%empty = call i32 (...)* @_ssdm_op_SpecChannel([11 x i8]* @win_mode_c_str, i32 1, [1 x i8]* @p_str138, [1 x i8]* @p_str138, i32 2, i32 0, i8* %win_mode_c, i8* %win_mode_c)" [vhls_src/fft.cpp:118]   --->   Operation 53 'specchannel' 'empty' <Predicate = true> <Delay = 0.00>
ST_20 : Operation 54 [1/1] (0.00ns)   --->   "call void (...)* @_ssdm_op_SpecInterface(i8* %win_mode_c, [8 x i8]* @ap_fifo_str, i32 0, i32 0, [1 x i8]* @p_str139, i32 0, i32 0, [1 x i8]* @p_str140, [1 x i8]* @p_str141, [1 x i8]* @p_str142, i32 2, i32 2, i32 16, i32 16, [1 x i8]* @p_str143, [1 x i8]* @p_str144)" [vhls_src/fft.cpp:118]   --->   Operation 54 'specinterface' <Predicate = true> <Delay = 0.00>
ST_20 : Operation 55 [1/1] (0.00ns)   --->   "%empty_31 = call i32 (...)* @_ssdm_op_SpecChannel([12 x i8]* @win_mode_c1_str, i32 1, [1 x i8]* @p_str16, [1 x i8]* @p_str16, i32 2, i32 0, i8* %win_mode_c1, i8* %win_mode_c1)" [vhls_src/fft.cpp:118]   --->   Operation 55 'specchannel' 'empty_31' <Predicate = true> <Delay = 0.00>
ST_20 : Operation 56 [1/1] (0.00ns)   --->   "call void (...)* @_ssdm_op_SpecInterface(i8* %win_mode_c1, [8 x i8]* @ap_fifo_str, i32 0, i32 0, [1 x i8]* @p_str17, i32 0, i32 0, [1 x i8]* @p_str18, [1 x i8]* @p_str19, [1 x i8]* @p_str20, i32 2, i32 2, i32 16, i32 16, [1 x i8]* @p_str21, [1 x i8]* @p_str22)" [vhls_src/fft.cpp:118]   --->   Operation 56 'specinterface' <Predicate = true> <Delay = 0.00>
ST_20 : Operation 57 [1/1] (0.00ns)   --->   "ret void" [vhls_src/fft.cpp:164]   --->   Operation 57 'ret' <Predicate = true> <Delay = 0.00>


============================================================
+ Verbose Summary: Binding
============================================================
STG Binding: 
---------------- STG Properties BEGIN ----------------
- Is combinational: 0
- Is one-state seq: 0
- Is datapath-only: 0
- Is pipelined: 0
- Is top level: 1
Port [ Return ] is wired: 1; IO mode=ap_ctrl_hs:ce=0
Port [ data_IN]:  wired=1; compound=1; hidden=0; nouse=0; global=0; static=0; extern=0; dir=0; type=0; pingpong=0; private_global=0; IO mode=axis:ce=0
Port [ win_mode]:  wired=1; compound=0; hidden=0; nouse=0; global=0; static=0; extern=0; dir=0; type=0; pingpong=0; private_global=0; IO mode=ap_none:ce=0
Port [ data_OUT]:  wired=1; compound=1; hidden=0; nouse=0; global=0; static=0; extern=0; dir=1; type=0; pingpong=0; private_global=0; IO mode=axis:ce=0
Port [ mag_OUT]:  wired=1; compound=1; hidden=0; nouse=0; global=0; static=0; extern=0; dir=1; type=0; pingpong=0; private_global=0; IO mode=axis:ce=0
Port [ xin_M_imag]:  wired=0; compound=1; hidden=1; nouse=0; global=1; static=1; extern=0; dir=2; type=1; pingpong=0; private_global=1; linkage=7; visibility=0; MemPort=[21]; IO mode=ap_memory:ce=0
Port [ xin_M_real]:  wired=0; compound=1; hidden=1; nouse=0; global=1; static=1; extern=0; dir=2; type=1; pingpong=0; private_global=1; linkage=7; visibility=0; MemPort=[21]; IO mode=ap_memory:ce=0
Port [ Blackman32]:  wired=0; compound=1; hidden=1; nouse=1; global=1; static=1; extern=0; dir=0; type=1; pingpong=0; private_global=0; linkage=7; visibility=0; MemPort=[11]; IO mode=ap_memory:ce=0
Port [ Hamm32]:  wired=0; compound=1; hidden=1; nouse=1; global=1; static=1; extern=0; dir=0; type=1; pingpong=0; private_global=0; linkage=7; visibility=0; MemPort=[11]; IO mode=ap_memory:ce=0
Port [ Hann32]:  wired=0; compound=1; hidden=1; nouse=1; global=1; static=1; extern=0; dir=0; type=1; pingpong=0; private_global=0; linkage=7; visibility=0; MemPort=[11]; IO mode=ap_memory:ce=0
Port [ prod_IN_M_real]:  wired=0; compound=1; hidden=1; nouse=0; global=1; static=1; extern=0; dir=2; type=1; pingpong=0; private_global=1; linkage=7; visibility=0; MemPort=[22]; IO mode=ap_memory:ce=0
Port [ prod_IN_M_imag]:  wired=0; compound=1; hidden=1; nouse=0; global=1; static=1; extern=0; dir=2; type=1; pingpong=0; private_global=1; linkage=7; visibility=0; MemPort=[22]; IO mode=ap_memory:ce=0
Port [ data_OUT0_M_real]:  wired=0; compound=1; hidden=1; nouse=0; global=1; static=1; extern=0; dir=2; type=1; pingpong=0; private_global=1; linkage=7; visibility=0; MemPort=[22]; IO mode=ap_memory:ce=0
Port [ data_OUT0_M_imag]:  wired=0; compound=1; hidden=1; nouse=0; global=1; static=1; extern=0; dir=2; type=1; pingpong=0; private_global=1; linkage=7; visibility=0; MemPort=[22]; IO mode=ap_memory:ce=0
Port [ W_M_real130]:  wired=0; compound=1; hidden=1; nouse=1; global=1; static=1; extern=0; dir=0; type=1; pingpong=0; private_global=0; linkage=7; visibility=0; MemPort=[1]; IO mode=ap_memory:ce=0
Port [ W_M_imag126]:  wired=0; compound=1; hidden=1; nouse=1; global=1; static=1; extern=0; dir=0; type=1; pingpong=0; private_global=0; linkage=7; visibility=0; MemPort=[1]; IO mode=ap_memory:ce=0
Port [ data_OUT1_M_imag]:  wired=0; compound=1; hidden=1; nouse=0; global=1; static=1; extern=0; dir=2; type=1; pingpong=0; private_global=1; linkage=7; visibility=0; MemPort=[22]; IO mode=ap_memory:ce=0
Port [ data_OUT1_M_real]:  wired=0; compound=1; hidden=1; nouse=0; global=1; static=1; extern=0; dir=2; type=1; pingpong=0; private_global=1; linkage=7; visibility=0; MemPort=[22]; IO mode=ap_memory:ce=0
Port [ W_M_real129]:  wired=0; compound=1; hidden=1; nouse=1; global=1; static=1; extern=0; dir=0; type=1; pingpong=0; private_global=0; linkage=7; visibility=0; MemPort=[1]; IO mode=ap_memory:ce=0
Port [ W_M_imag125]:  wired=0; compound=1; hidden=1; nouse=1; global=1; static=1; extern=0; dir=0; type=1; pingpong=0; private_global=0; linkage=7; visibility=0; MemPort=[1]; IO mode=ap_memory:ce=0
Port [ data_OUT2_M_imag]:  wired=0; compound=1; hidden=1; nouse=0; global=1; static=1; extern=0; dir=2; type=1; pingpong=0; private_global=1; linkage=7; visibility=0; MemPort=[22]; IO mode=ap_memory:ce=0
Port [ data_OUT2_M_real]:  wired=0; compound=1; hidden=1; nouse=0; global=1; static=1; extern=0; dir=2; type=1; pingpong=0; private_global=1; linkage=7; visibility=0; MemPort=[22]; IO mode=ap_memory:ce=0
Port [ W_M_real128]:  wired=0; compound=1; hidden=1; nouse=1; global=1; static=1; extern=0; dir=0; type=1; pingpong=0; private_global=0; linkage=7; visibility=0; MemPort=[1]; IO mode=ap_memory:ce=0
Port [ W_M_imag124]:  wired=0; compound=1; hidden=1; nouse=1; global=1; static=1; extern=0; dir=0; type=1; pingpong=0; private_global=0; linkage=7; visibility=0; MemPort=[1]; IO mode=ap_memory:ce=0
Port [ data_OUT3_M_imag]:  wired=0; compound=1; hidden=1; nouse=0; global=1; static=1; extern=0; dir=2; type=1; pingpong=0; private_global=1; linkage=7; visibility=0; MemPort=[22]; IO mode=ap_memory:ce=0
Port [ data_OUT3_M_real]:  wired=0; compound=1; hidden=1; nouse=0; global=1; static=1; extern=0; dir=2; type=1; pingpong=0; private_global=1; linkage=7; visibility=0; MemPort=[22]; IO mode=ap_memory:ce=0
Port [ W_M_real127]:  wired=0; compound=1; hidden=1; nouse=1; global=1; static=1; extern=0; dir=0; type=1; pingpong=0; private_global=0; linkage=7; visibility=0; MemPort=[1]; IO mode=ap_memory:ce=0
Port [ W_M_imag123]:  wired=0; compound=1; hidden=1; nouse=1; global=1; static=1; extern=0; dir=0; type=1; pingpong=0; private_global=0; linkage=7; visibility=0; MemPort=[1]; IO mode=ap_memory:ce=0
Port [ data_OUT4_M_imag]:  wired=0; compound=1; hidden=1; nouse=0; global=1; static=1; extern=0; dir=2; type=1; pingpong=0; private_global=1; linkage=7; visibility=0; MemPort=[22]; IO mode=ap_memory:ce=0
Port [ data_OUT4_M_real]:  wired=0; compound=1; hidden=1; nouse=0; global=1; static=1; extern=0; dir=2; type=1; pingpong=0; private_global=1; linkage=7; visibility=0; MemPort=[22]; IO mode=ap_memory:ce=0
Port [ W_M_real]:  wired=0; compound=1; hidden=1; nouse=1; global=1; static=1; extern=0; dir=0; type=1; pingpong=0; private_global=0; linkage=7; visibility=0; MemPort=[1]; IO mode=ap_memory:ce=0
Port [ W_M_imag]:  wired=0; compound=1; hidden=1; nouse=1; global=1; static=1; extern=0; dir=0; type=1; pingpong=0; private_global=0; linkage=7; visibility=0; MemPort=[1]; IO mode=ap_memory:ce=0
Port [ data_OUTfft_M_real]:  wired=0; compound=1; hidden=1; nouse=0; global=1; static=1; extern=0; dir=2; type=1; pingpong=0; private_global=1; linkage=7; visibility=0; MemPort=[20]; IO mode=ap_memory:ce=0
Port [ data_OUTfft_M_imag]:  wired=0; compound=1; hidden=1; nouse=0; global=1; static=1; extern=0; dir=2; type=1; pingpong=0; private_global=1; linkage=7; visibility=0; MemPort=[20]; IO mode=ap_memory:ce=0
Port [ xout_mag]:  wired=0; compound=1; hidden=1; nouse=1; global=1; static=1; extern=0; dir=2; type=1; pingpong=0; private_global=0; linkage=7; visibility=0; MemPort=[23]; IO mode=ap_memory:ce=0
---------------- STG Properties END ------------------

---------------- Datapath Model BEGIN ----------------

<LifeTime>
<method=bitvector/>
win_mode_read              (read                ) [ 000000000000000000000]
win_mode_c1                (alloca              ) [ 011111111111111111111]
win_mode_c                 (alloca              ) [ 001111111111111111111]
call_ln118                 (call                ) [ 000000000000000000000]
call_ln118                 (call                ) [ 000000000000000000000]
call_ln149                 (call                ) [ 000000000000000000000]
call_ln150                 (call                ) [ 000000000000000000000]
call_ln151                 (call                ) [ 000000000000000000000]
call_ln152                 (call                ) [ 000000000000000000000]
call_ln153                 (call                ) [ 000000000000000000000]
call_ln154                 (call                ) [ 000000000000000000000]
call_ln155                 (call                ) [ 000000000000000000000]
call_ln0                   (call                ) [ 000000000000000000000]
specdataflowpipeline_ln123 (specdataflowpipeline) [ 000000000000000000000]
specbitsmap_ln0            (specbitsmap         ) [ 000000000000000000000]
specbitsmap_ln0            (specbitsmap         ) [ 000000000000000000000]
specbitsmap_ln0            (specbitsmap         ) [ 000000000000000000000]
specbitsmap_ln0            (specbitsmap         ) [ 000000000000000000000]
spectopmodule_ln0          (spectopmodule       ) [ 000000000000000000000]
specinterface_ln122        (specinterface       ) [ 000000000000000000000]
specinterface_ln124        (specinterface       ) [ 000000000000000000000]
specinterface_ln125        (specinterface       ) [ 000000000000000000000]
specinterface_ln126        (specinterface       ) [ 000000000000000000000]
empty                      (specchannel         ) [ 000000000000000000000]
specinterface_ln118        (specinterface       ) [ 000000000000000000000]
empty_31                   (specchannel         ) [ 000000000000000000000]
specinterface_ln118        (specinterface       ) [ 000000000000000000000]
ret_ln164                  (ret                 ) [ 000000000000000000000]
</LifeTime>

<model>

<comp_list>
<comp id="0" class="1000" name="data_IN">
<pin_list>
<pin id="1" dir="1" index="0" bw="1" slack="0"/>
</pin_list>
<bind>
<StgValue><ssdm name="data_IN"/></StgValue>
</bind>
</comp>

<comp id="2" class="1000" name="win_mode">
<pin_list>
<pin id="3" dir="1" index="0" bw="1" slack="0"/>
</pin_list>
<bind>
<StgValue><ssdm name="win_mode"/></StgValue>
</bind>
</comp>

<comp id="4" class="1000" name="data_OUT">
<pin_list>
<pin id="5" dir="1" index="0" bw="1" slack="0"/>
</pin_list>
<bind>
<StgValue><ssdm name="data_OUT"/></StgValue>
</bind>
</comp>

<comp id="6" class="1000" name="mag_OUT">
<pin_list>
<pin id="7" dir="1" index="0" bw="1" slack="0"/>
</pin_list>
<bind>
<StgValue><ssdm name="mag_OUT"/></StgValue>
</bind>
</comp>

<comp id="8" class="1000" name="xin_M_imag">
<pin_list>
<pin id="9" dir="1" index="0" bw="1" slack="0"/>
</pin_list>
<bind>
<StgValue><ssdm name="xin_M_imag"/><MemPortTyVec>2 1 </MemPortTyVec>
</StgValue>
</bind>
</comp>

<comp id="10" class="1000" name="xin_M_real">
<pin_list>
<pin id="11" dir="1" index="0" bw="1" slack="0"/>
</pin_list>
<bind>
<StgValue><ssdm name="xin_M_real"/><MemPortTyVec>2 1 </MemPortTyVec>
</StgValue>
</bind>
</comp>

<comp id="12" class="1000" name="Blackman32">
<pin_list>
<pin id="13" dir="1" index="0" bw="1" slack="0"/>
</pin_list>
<bind>
<StgValue><ssdm name="Blackman32"/><MemPortTyVec>1 1 </MemPortTyVec>
</StgValue>
</bind>
</comp>

<comp id="14" class="1000" name="Hamm32">
<pin_list>
<pin id="15" dir="1" index="0" bw="1" slack="0"/>
</pin_list>
<bind>
<StgValue><ssdm name="Hamm32"/><MemPortTyVec>1 1 </MemPortTyVec>
</StgValue>
</bind>
</comp>

<comp id="16" class="1000" name="Hann32">
<pin_list>
<pin id="17" dir="1" index="0" bw="1" slack="0"/>
</pin_list>
<bind>
<StgValue><ssdm name="Hann32"/><MemPortTyVec>1 1 </MemPortTyVec>
</StgValue>
</bind>
</comp>

<comp id="18" class="1000" name="prod_IN_M_real">
<pin_list>
<pin id="19" dir="1" index="0" bw="1" slack="0"/>
</pin_list>
<bind>
<StgValue><ssdm name="prod_IN_M_real"/><MemPortTyVec>2 2 </MemPortTyVec>
</StgValue>
</bind>
</comp>

<comp id="20" class="1000" name="prod_IN_M_imag">
<pin_list>
<pin id="21" dir="1" index="0" bw="1" slack="0"/>
</pin_list>
<bind>
<StgValue><ssdm name="prod_IN_M_imag"/><MemPortTyVec>2 2 </MemPortTyVec>
</StgValue>
</bind>
</comp>

<comp id="22" class="1000" name="data_OUT0_M_real">
<pin_list>
<pin id="23" dir="1" index="0" bw="1" slack="0"/>
</pin_list>
<bind>
<StgValue><ssdm name="data_OUT0_M_real"/><MemPortTyVec>2 2 </MemPortTyVec>
</StgValue>
</bind>
</comp>

<comp id="24" class="1000" name="data_OUT0_M_imag">
<pin_list>
<pin id="25" dir="1" index="0" bw="1" slack="0"/>
</pin_list>
<bind>
<StgValue><ssdm name="data_OUT0_M_imag"/><MemPortTyVec>2 2 </MemPortTyVec>
</StgValue>
</bind>
</comp>

<comp id="26" class="1000" name="W_M_real130">
<pin_list>
<pin id="27" dir="1" index="0" bw="1" slack="0"/>
</pin_list>
<bind>
<StgValue><ssdm name="W_M_real130"/><MemPortTyVec>1 </MemPortTyVec>
</StgValue>
</bind>
</comp>

<comp id="28" class="1000" name="W_M_imag126">
<pin_list>
<pin id="29" dir="1" index="0" bw="1" slack="0"/>
</pin_list>
<bind>
<StgValue><ssdm name="W_M_imag126"/><MemPortTyVec>1 </MemPortTyVec>
</StgValue>
</bind>
</comp>

<comp id="30" class="1000" name="data_OUT1_M_imag">
<pin_list>
<pin id="31" dir="1" index="0" bw="1" slack="0"/>
</pin_list>
<bind>
<StgValue><ssdm name="data_OUT1_M_imag"/><MemPortTyVec>2 2 </MemPortTyVec>
</StgValue>
</bind>
</comp>

<comp id="32" class="1000" name="data_OUT1_M_real">
<pin_list>
<pin id="33" dir="1" index="0" bw="1" slack="0"/>
</pin_list>
<bind>
<StgValue><ssdm name="data_OUT1_M_real"/><MemPortTyVec>2 2 </MemPortTyVec>
</StgValue>
</bind>
</comp>

<comp id="34" class="1000" name="W_M_real129">
<pin_list>
<pin id="35" dir="1" index="0" bw="1" slack="0"/>
</pin_list>
<bind>
<StgValue><ssdm name="W_M_real129"/><MemPortTyVec>1 </MemPortTyVec>
</StgValue>
</bind>
</comp>

<comp id="36" class="1000" name="W_M_imag125">
<pin_list>
<pin id="37" dir="1" index="0" bw="1" slack="0"/>
</pin_list>
<bind>
<StgValue><ssdm name="W_M_imag125"/><MemPortTyVec>1 </MemPortTyVec>
</StgValue>
</bind>
</comp>

<comp id="38" class="1000" name="data_OUT2_M_imag">
<pin_list>
<pin id="39" dir="1" index="0" bw="1" slack="0"/>
</pin_list>
<bind>
<StgValue><ssdm name="data_OUT2_M_imag"/><MemPortTyVec>2 2 </MemPortTyVec>
</StgValue>
</bind>
</comp>

<comp id="40" class="1000" name="data_OUT2_M_real">
<pin_list>
<pin id="41" dir="1" index="0" bw="1" slack="0"/>
</pin_list>
<bind>
<StgValue><ssdm name="data_OUT2_M_real"/><MemPortTyVec>2 2 </MemPortTyVec>
</StgValue>
</bind>
</comp>

<comp id="42" class="1000" name="W_M_real128">
<pin_list>
<pin id="43" dir="1" index="0" bw="1" slack="0"/>
</pin_list>
<bind>
<StgValue><ssdm name="W_M_real128"/><MemPortTyVec>1 </MemPortTyVec>
</StgValue>
</bind>
</comp>

<comp id="44" class="1000" name="W_M_imag124">
<pin_list>
<pin id="45" dir="1" index="0" bw="1" slack="0"/>
</pin_list>
<bind>
<StgValue><ssdm name="W_M_imag124"/><MemPortTyVec>1 </MemPortTyVec>
</StgValue>
</bind>
</comp>

<comp id="46" class="1000" name="data_OUT3_M_imag">
<pin_list>
<pin id="47" dir="1" index="0" bw="1" slack="0"/>
</pin_list>
<bind>
<StgValue><ssdm name="data_OUT3_M_imag"/><MemPortTyVec>2 2 </MemPortTyVec>
</StgValue>
</bind>
</comp>

<comp id="48" class="1000" name="data_OUT3_M_real">
<pin_list>
<pin id="49" dir="1" index="0" bw="1" slack="0"/>
</pin_list>
<bind>
<StgValue><ssdm name="data_OUT3_M_real"/><MemPortTyVec>2 2 </MemPortTyVec>
</StgValue>
</bind>
</comp>

<comp id="50" class="1000" name="W_M_real127">
<pin_list>
<pin id="51" dir="1" index="0" bw="1" slack="0"/>
</pin_list>
<bind>
<StgValue><ssdm name="W_M_real127"/><MemPortTyVec>1 </MemPortTyVec>
</StgValue>
</bind>
</comp>

<comp id="52" class="1000" name="W_M_imag123">
<pin_list>
<pin id="53" dir="1" index="0" bw="1" slack="0"/>
</pin_list>
<bind>
<StgValue><ssdm name="W_M_imag123"/><MemPortTyVec>1 </MemPortTyVec>
</StgValue>
</bind>
</comp>

<comp id="54" class="1000" name="data_OUT4_M_imag">
<pin_list>
<pin id="55" dir="1" index="0" bw="1" slack="0"/>
</pin_list>
<bind>
<StgValue><ssdm name="data_OUT4_M_imag"/><MemPortTyVec>2 2 </MemPortTyVec>
</StgValue>
</bind>
</comp>

<comp id="56" class="1000" name="data_OUT4_M_real">
<pin_list>
<pin id="57" dir="1" index="0" bw="1" slack="0"/>
</pin_list>
<bind>
<StgValue><ssdm name="data_OUT4_M_real"/><MemPortTyVec>2 2 </MemPortTyVec>
</StgValue>
</bind>
</comp>

<comp id="58" class="1000" name="W_M_real">
<pin_list>
<pin id="59" dir="1" index="0" bw="1" slack="0"/>
</pin_list>
<bind>
<StgValue><ssdm name="W_M_real"/><MemPortTyVec>1 </MemPortTyVec>
</StgValue>
</bind>
</comp>

<comp id="60" class="1000" name="W_M_imag">
<pin_list>
<pin id="61" dir="1" index="0" bw="1" slack="0"/>
</pin_list>
<bind>
<StgValue><ssdm name="W_M_imag"/><MemPortTyVec>1 </MemPortTyVec>
</StgValue>
</bind>
</comp>

<comp id="62" class="1000" name="data_OUTfft_M_real">
<pin_list>
<pin id="63" dir="1" index="0" bw="1" slack="0"/>
</pin_list>
<bind>
<StgValue><ssdm name="data_OUTfft_M_real"/><MemPortTyVec>2 0 </MemPortTyVec>
</StgValue>
</bind>
</comp>

<comp id="64" class="1000" name="data_OUTfft_M_imag">
<pin_list>
<pin id="65" dir="1" index="0" bw="1" slack="0"/>
</pin_list>
<bind>
<StgValue><ssdm name="data_OUTfft_M_imag"/><MemPortTyVec>2 0 </MemPortTyVec>
</StgValue>
</bind>
</comp>

<comp id="66" class="1000" name="xout_mag">
<pin_list>
<pin id="67" dir="1" index="0" bw="1" slack="0"/>
</pin_list>
<bind>
<StgValue><ssdm name="xout_mag"/><MemPortTyVec>2 3 </MemPortTyVec>
</StgValue>
</bind>
</comp>

<comp id="68" class="1001" name="const_68">
<pin_list>
<pin id="69" dir="1" index="0" bw="1" slack="0"/>
</pin_list>
<bind>
<StgValue><ssdm name="_ssdm_op_Read.s_axilite.i8"/></StgValue>
</bind>
</comp>

<comp id="70" class="1001" name="const_70">
<pin_list>
<pin id="71" dir="1" index="0" bw="1" slack="0"/>
</pin_list>
<bind>
<StgValue><ssdm name=""/></StgValue>
</bind>
</comp>

<comp id="72" class="1001" name="const_72">
<pin_list>
<pin id="73" dir="1" index="0" bw="1" slack="0"/>
</pin_list>
<bind>
<StgValue><ssdm name="FFT.entry3"/></StgValue>
</bind>
</comp>

<comp id="74" class="1001" name="const_74">
<pin_list>
<pin id="75" dir="1" index="0" bw="1" slack="0"/>
</pin_list>
<bind>
<StgValue><ssdm name="Block_codeRepl124_pr"/></StgValue>
</bind>
</comp>

<comp id="76" class="1001" name="const_76">
<pin_list>
<pin id="77" dir="1" index="0" bw="1" slack="0"/>
</pin_list>
<bind>
<StgValue><ssdm name="mult_window"/></StgValue>
</bind>
</comp>

<comp id="78" class="1001" name="const_78">
<pin_list>
<pin id="79" dir="1" index="0" bw="1" slack="0"/>
</pin_list>
<bind>
<StgValue><ssdm name="bitreverse"/></StgValue>
</bind>
</comp>

<comp id="80" class="1001" name="const_80">
<pin_list>
<pin id="81" dir="1" index="0" bw="1" slack="0"/>
</pin_list>
<bind>
<StgValue><ssdm name="FFT0118"/></StgValue>
</bind>
</comp>

<comp id="82" class="1001" name="const_82">
<pin_list>
<pin id="83" dir="1" index="0" bw="1" slack="0"/>
</pin_list>
<bind>
<StgValue><ssdm name="FFT0119"/></StgValue>
</bind>
</comp>

<comp id="84" class="1001" name="const_84">
<pin_list>
<pin id="85" dir="1" index="0" bw="1" slack="0"/>
</pin_list>
<bind>
<StgValue><ssdm name="FFT0120"/></StgValue>
</bind>
</comp>

<comp id="86" class="1001" name="const_86">
<pin_list>
<pin id="87" dir="1" index="0" bw="1" slack="0"/>
</pin_list>
<bind>
<StgValue><ssdm name="FFT0121"/></StgValue>
</bind>
</comp>

<comp id="88" class="1001" name="const_88">
<pin_list>
<pin id="89" dir="1" index="0" bw="1" slack="0"/>
</pin_list>
<bind>
<StgValue><ssdm name="FFT0122"/></StgValue>
</bind>
</comp>

<comp id="90" class="1001" name="const_90">
<pin_list>
<pin id="91" dir="1" index="0" bw="1" slack="0"/>
</pin_list>
<bind>
<StgValue><ssdm name="Block_codeRepl12432_"/></StgValue>
</bind>
</comp>

<comp id="92" class="1001" name="const_92">
<pin_list>
<pin id="93" dir="1" index="0" bw="1" slack="2147483647"/>
</pin_list>
<bind>
<StgValue><ssdm name="_ssdm_op_SpecDataflowPipeline"/></StgValue>
</bind>
</comp>

<comp id="94" class="1001" name="const_94">
<pin_list>
<pin id="95" dir="1" index="0" bw="1" slack="2147483647"/>
</pin_list>
<bind>
<StgValue><ssdm name=""/></StgValue>
</bind>
</comp>

<comp id="96" class="1001" name="const_96">
<pin_list>
<pin id="97" dir="1" index="0" bw="1" slack="2147483647"/>
</pin_list>
<bind>
<StgValue><ssdm name=""/></StgValue>
</bind>
</comp>

<comp id="98" class="1001" name="const_98">
<pin_list>
<pin id="99" dir="1" index="0" bw="1" slack="2147483647"/>
</pin_list>
<bind>
<StgValue><ssdm name="p_str1"/></StgValue>
</bind>
</comp>

<comp id="100" class="1001" name="const_100">
<pin_list>
<pin id="101" dir="1" index="0" bw="1" slack="2147483647"/>
</pin_list>
<bind>
<StgValue><ssdm name="_ssdm_op_SpecBitsMap"/></StgValue>
</bind>
</comp>

<comp id="102" class="1001" name="const_102">
<pin_list>
<pin id="103" dir="1" index="0" bw="1" slack="2147483647"/>
</pin_list>
<bind>
<StgValue><ssdm name="_ssdm_op_SpecTopModule"/></StgValue>
</bind>
</comp>

<comp id="104" class="1001" name="const_104">
<pin_list>
<pin id="105" dir="1" index="0" bw="1" slack="2147483647"/>
</pin_list>
<bind>
<StgValue><ssdm name="FFT_str"/></StgValue>
</bind>
</comp>

<comp id="106" class="1001" name="const_106">
<pin_list>
<pin id="107" dir="1" index="0" bw="1" slack="2147483647"/>
</pin_list>
<bind>
<StgValue><ssdm name="_ssdm_op_SpecInterface"/></StgValue>
</bind>
</comp>

<comp id="108" class="1001" name="const_108">
<pin_list>
<pin id="109" dir="1" index="0" bw="1" slack="2147483647"/>
</pin_list>
<bind>
<StgValue><ssdm name="p_str9"/></StgValue>
</bind>
</comp>

<comp id="110" class="1001" name="const_110">
<pin_list>
<pin id="111" dir="1" index="0" bw="1" slack="2147483647"/>
</pin_list>
<bind>
<StgValue><ssdm name="p_str10"/></StgValue>
</bind>
</comp>

<comp id="112" class="1001" name="const_112">
<pin_list>
<pin id="113" dir="1" index="0" bw="1" slack="2147483647"/>
</pin_list>
<bind>
<StgValue><ssdm name=""/></StgValue>
</bind>
</comp>

<comp id="114" class="1001" name="const_114">
<pin_list>
<pin id="115" dir="1" index="0" bw="1" slack="2147483647"/>
</pin_list>
<bind>
<StgValue><ssdm name="p_str11"/></StgValue>
</bind>
</comp>

<comp id="116" class="1001" name="const_116">
<pin_list>
<pin id="117" dir="1" index="0" bw="1" slack="2147483647"/>
</pin_list>
<bind>
<StgValue><ssdm name="_ssdm_op_SpecChannel"/></StgValue>
</bind>
</comp>

<comp id="118" class="1001" name="const_118">
<pin_list>
<pin id="119" dir="1" index="0" bw="1" slack="2147483647"/>
</pin_list>
<bind>
<StgValue><ssdm name="win_mode_c_str"/></StgValue>
</bind>
</comp>

<comp id="120" class="1001" name="const_120">
<pin_list>
<pin id="121" dir="1" index="0" bw="1" slack="2147483647"/>
</pin_list>
<bind>
<StgValue><ssdm name="p_str138"/></StgValue>
</bind>
</comp>

<comp id="122" class="1001" name="const_122">
<pin_list>
<pin id="123" dir="1" index="0" bw="1" slack="2147483647"/>
</pin_list>
<bind>
<StgValue><ssdm name=""/></StgValue>
</bind>
</comp>

<comp id="124" class="1001" name="const_124">
<pin_list>
<pin id="125" dir="1" index="0" bw="1" slack="2147483647"/>
</pin_list>
<bind>
<StgValue><ssdm name="ap_fifo_str"/></StgValue>
</bind>
</comp>

<comp id="126" class="1001" name="const_126">
<pin_list>
<pin id="127" dir="1" index="0" bw="1" slack="2147483647"/>
</pin_list>
<bind>
<StgValue><ssdm name="p_str139"/></StgValue>
</bind>
</comp>

<comp id="128" class="1001" name="const_128">
<pin_list>
<pin id="129" dir="1" index="0" bw="1" slack="2147483647"/>
</pin_list>
<bind>
<StgValue><ssdm name="p_str140"/></StgValue>
</bind>
</comp>

<comp id="130" class="1001" name="const_130">
<pin_list>
<pin id="131" dir="1" index="0" bw="1" slack="2147483647"/>
</pin_list>
<bind>
<StgValue><ssdm name="p_str141"/></StgValue>
</bind>
</comp>

<comp id="132" class="1001" name="const_132">
<pin_list>
<pin id="133" dir="1" index="0" bw="1" slack="2147483647"/>
</pin_list>
<bind>
<StgValue><ssdm name="p_str142"/></StgValue>
</bind>
</comp>

<comp id="134" class="1001" name="const_134">
<pin_list>
<pin id="135" dir="1" index="0" bw="1" slack="2147483647"/>
</pin_list>
<bind>
<StgValue><ssdm name=""/></StgValue>
</bind>
</comp>

<comp id="136" class="1001" name="const_136">
<pin_list>
<pin id="137" dir="1" index="0" bw="1" slack="2147483647"/>
</pin_list>
<bind>
<StgValue><ssdm name="p_str143"/></StgValue>
</bind>
</comp>

<comp id="138" class="1001" name="const_138">
<pin_list>
<pin id="139" dir="1" index="0" bw="1" slack="2147483647"/>
</pin_list>
<bind>
<StgValue><ssdm name="p_str144"/></StgValue>
</bind>
</comp>

<comp id="140" class="1001" name="const_140">
<pin_list>
<pin id="141" dir="1" index="0" bw="1" slack="2147483647"/>
</pin_list>
<bind>
<StgValue><ssdm name="win_mode_c1_str"/></StgValue>
</bind>
</comp>

<comp id="142" class="1001" name="const_142">
<pin_list>
<pin id="143" dir="1" index="0" bw="1" slack="2147483647"/>
</pin_list>
<bind>
<StgValue><ssdm name="p_str16"/></StgValue>
</bind>
</comp>

<comp id="144" class="1001" name="const_144">
<pin_list>
<pin id="145" dir="1" index="0" bw="1" slack="2147483647"/>
</pin_list>
<bind>
<StgValue><ssdm name="p_str17"/></StgValue>
</bind>
</comp>

<comp id="146" class="1001" name="const_146">
<pin_list>
<pin id="147" dir="1" index="0" bw="1" slack="2147483647"/>
</pin_list>
<bind>
<StgValue><ssdm name="p_str18"/></StgValue>
</bind>
</comp>

<comp id="148" class="1001" name="const_148">
<pin_list>
<pin id="149" dir="1" index="0" bw="1" slack="2147483647"/>
</pin_list>
<bind>
<StgValue><ssdm name="p_str19"/></StgValue>
</bind>
</comp>

<comp id="150" class="1001" name="const_150">
<pin_list>
<pin id="151" dir="1" index="0" bw="1" slack="2147483647"/>
</pin_list>
<bind>
<StgValue><ssdm name="p_str20"/></StgValue>
</bind>
</comp>

<comp id="152" class="1001" name="const_152">
<pin_list>
<pin id="153" dir="1" index="0" bw="1" slack="2147483647"/>
</pin_list>
<bind>
<StgValue><ssdm name="p_str21"/></StgValue>
</bind>
</comp>

<comp id="154" class="1001" name="const_154">
<pin_list>
<pin id="155" dir="1" index="0" bw="1" slack="2147483647"/>
</pin_list>
<bind>
<StgValue><ssdm name="p_str22"/></StgValue>
</bind>
</comp>

<comp id="156" class="1004" name="win_mode_c1_fu_156">
<pin_list>
<pin id="157" dir="0" index="0" bw="1" slack="0"/>
<pin id="158" dir="1" index="1" bw="8" slack="0"/>
</pin_list>
<bind>
<opcode="alloca(26) " fcode="alloca"/>
<opset="win_mode_c1/1 "/>
</bind>
</comp>

<comp id="160" class="1004" name="win_mode_c_fu_160">
<pin_list>
<pin id="161" dir="0" index="0" bw="1" slack="0"/>
<pin id="162" dir="1" index="1" bw="8" slack="1"/>
</pin_list>
<bind>
<opcode="alloca(26) " fcode="alloca"/>
<opset="win_mode_c/1 "/>
</bind>
</comp>

<comp id="164" class="1004" name="win_mode_read_read_fu_164">
<pin_list>
<pin id="165" dir="0" index="0" bw="8" slack="0"/>
<pin id="166" dir="0" index="1" bw="8" slack="0"/>
<pin id="167" dir="1" index="2" bw="8" slack="0"/>
</pin_list>
<bind>
<opcode="read(1150) " fcode="read"/>
<opset="win_mode_read/1 "/>
</bind>
</comp>

<comp id="170" class="1004" name="grp_mult_window_fu_170">
<pin_list>
<pin id="171" dir="0" index="0" bw="0" slack="0"/>
<pin id="172" dir="0" index="1" bw="8" slack="3"/>
<pin id="173" dir="0" index="2" bw="32" slack="0"/>
<pin id="174" dir="0" index="3" bw="32" slack="0"/>
<pin id="175" dir="0" index="4" bw="32" slack="0"/>
<pin id="176" dir="0" index="5" bw="32" slack="0"/>
<pin id="177" dir="0" index="6" bw="32" slack="0"/>
<pin id="178" dir="0" index="7" bw="32" slack="0"/>
<pin id="179" dir="0" index="8" bw="32" slack="0"/>
<pin id="180" dir="1" index="9" bw="0" slack="2147483647"/>
</pin_list>
<bind>
<opcode="call(48) " fcode="call"/>
<opset="call_ln149/4 "/>
</bind>
</comp>

<comp id="189" class="1004" name="grp_Block_codeRepl12432_s_fu_189">
<pin_list>
<pin id="190" dir="0" index="0" bw="0" slack="0"/>
<pin id="191" dir="0" index="1" bw="32" slack="0"/>
<pin id="192" dir="0" index="2" bw="64" slack="0"/>
<pin id="193" dir="0" index="3" bw="32" slack="0"/>
<pin id="194" dir="0" index="4" bw="32" slack="0"/>
<pin id="195" dir="0" index="5" bw="32" slack="0"/>
<pin id="196" dir="1" index="6" bw="0" slack="2147483647"/>
</pin_list>
<bind>
<opcode="call(48) " fcode="call"/>
<opset="call_ln0/18 "/>
</bind>
</comp>

<comp id="203" class="1004" name="grp_FFT0119_fu_203">
<pin_list>
<pin id="204" dir="0" index="0" bw="0" slack="0"/>
<pin id="205" dir="0" index="1" bw="32" slack="0"/>
<pin id="206" dir="0" index="2" bw="32" slack="0"/>
<pin id="207" dir="0" index="3" bw="32" slack="0"/>
<pin id="208" dir="0" index="4" bw="32" slack="0"/>
<pin id="209" dir="0" index="5" bw="32" slack="0"/>
<pin id="210" dir="0" index="6" bw="32" slack="0"/>
<pin id="211" dir="1" index="7" bw="0" slack="2147483647"/>
</pin_list>
<bind>
<opcode="call(48) " fcode="call"/>
<opset="call_ln152/10 "/>
</bind>
</comp>

<comp id="219" class="1004" name="grp_FFT0120_fu_219">
<pin_list>
<pin id="220" dir="0" index="0" bw="0" slack="0"/>
<pin id="221" dir="0" index="1" bw="32" slack="0"/>
<pin id="222" dir="0" index="2" bw="32" slack="0"/>
<pin id="223" dir="0" index="3" bw="32" slack="0"/>
<pin id="224" dir="0" index="4" bw="32" slack="0"/>
<pin id="225" dir="0" index="5" bw="32" slack="0"/>
<pin id="226" dir="0" index="6" bw="32" slack="0"/>
<pin id="227" dir="1" index="7" bw="0" slack="2147483647"/>
</pin_list>
<bind>
<opcode="call(48) " fcode="call"/>
<opset="call_ln153/12 "/>
</bind>
</comp>

<comp id="235" class="1004" name="grp_FFT0121_fu_235">
<pin_list>
<pin id="236" dir="0" index="0" bw="0" slack="0"/>
<pin id="237" dir="0" index="1" bw="32" slack="0"/>
<pin id="238" dir="0" index="2" bw="32" slack="0"/>
<pin id="239" dir="0" index="3" bw="32" slack="0"/>
<pin id="240" dir="0" index="4" bw="32" slack="0"/>
<pin id="241" dir="0" index="5" bw="32" slack="0"/>
<pin id="242" dir="0" index="6" bw="32" slack="0"/>
<pin id="243" dir="1" index="7" bw="0" slack="2147483647"/>
</pin_list>
<bind>
<opcode="call(48) " fcode="call"/>
<opset="call_ln154/14 "/>
</bind>
</comp>

<comp id="251" class="1004" name="grp_FFT0118_fu_251">
<pin_list>
<pin id="252" dir="0" index="0" bw="0" slack="0"/>
<pin id="253" dir="0" index="1" bw="32" slack="0"/>
<pin id="254" dir="0" index="2" bw="32" slack="0"/>
<pin id="255" dir="0" index="3" bw="32" slack="0"/>
<pin id="256" dir="0" index="4" bw="32" slack="0"/>
<pin id="257" dir="0" index="5" bw="32" slack="0"/>
<pin id="258" dir="0" index="6" bw="32" slack="0"/>
<pin id="259" dir="1" index="7" bw="0" slack="2147483647"/>
</pin_list>
<bind>
<opcode="call(48) " fcode="call"/>
<opset="call_ln151/8 "/>
</bind>
</comp>

<comp id="267" class="1004" name="grp_FFT0122_fu_267">
<pin_list>
<pin id="268" dir="0" index="0" bw="0" slack="0"/>
<pin id="269" dir="0" index="1" bw="32" slack="0"/>
<pin id="270" dir="0" index="2" bw="32" slack="0"/>
<pin id="271" dir="0" index="3" bw="32" slack="0"/>
<pin id="272" dir="0" index="4" bw="32" slack="0"/>
<pin id="273" dir="0" index="5" bw="32" slack="0"/>
<pin id="274" dir="0" index="6" bw="32" slack="0"/>
<pin id="275" dir="1" index="7" bw="0" slack="2147483647"/>
</pin_list>
<bind>
<opcode="call(48) " fcode="call"/>
<opset="call_ln155/16 "/>
</bind>
</comp>

<comp id="283" class="1004" name="grp_bitreverse_fu_283">
<pin_list>
<pin id="284" dir="0" index="0" bw="0" slack="0"/>
<pin id="285" dir="0" index="1" bw="32" slack="0"/>
<pin id="286" dir="0" index="2" bw="32" slack="0"/>
<pin id="287" dir="0" index="3" bw="32" slack="0"/>
<pin id="288" dir="0" index="4" bw="32" slack="0"/>
<pin id="289" dir="1" index="5" bw="0" slack="2147483647"/>
</pin_list>
<bind>
<opcode="call(48) " fcode="call"/>
<opset="call_ln150/6 "/>
</bind>
</comp>

<comp id="295" class="1004" name="grp_Block_codeRepl124_pr_fu_295">
<pin_list>
<pin id="296" dir="0" index="0" bw="0" slack="0"/>
<pin id="297" dir="0" index="1" bw="64" slack="0"/>
<pin id="298" dir="0" index="2" bw="32" slack="0"/>
<pin id="299" dir="0" index="3" bw="32" slack="0"/>
<pin id="300" dir="0" index="4" bw="8" slack="1"/>
<pin id="301" dir="0" index="5" bw="8" slack="1"/>
<pin id="302" dir="1" index="6" bw="0" slack="2147483647"/>
</pin_list>
<bind>
<opcode="call(48) " fcode="call"/>
<opset="call_ln118/2 "/>
</bind>
</comp>

<comp id="307" class="1004" name="call_ln118_FFT_entry3_fu_307">
<pin_list>
<pin id="308" dir="0" index="0" bw="0" slack="0"/>
<pin id="309" dir="0" index="1" bw="8" slack="0"/>
<pin id="310" dir="0" index="2" bw="8" slack="0"/>
<pin id="311" dir="1" index="3" bw="0" slack="2147483647"/>
</pin_list>
<bind>
<opcode="call(48) " fcode="call"/>
<opset="call_ln118/1 "/>
</bind>
</comp>

<comp id="314" class="1005" name="win_mode_c1_reg_314">
<pin_list>
<pin id="315" dir="0" index="0" bw="8" slack="0"/>
<pin id="316" dir="1" index="1" bw="8" slack="0"/>
</pin_list>
<bind>
<opset="win_mode_c1 "/>
</bind>
</comp>

<comp id="320" class="1005" name="win_mode_c_reg_320">
<pin_list>
<pin id="321" dir="0" index="0" bw="8" slack="1"/>
<pin id="322" dir="1" index="1" bw="8" slack="1"/>
</pin_list>
<bind>
<opset="win_mode_c "/>
</bind>
</comp>

</comp_list>

<net_list>
<net id="159"><net_src comp="70" pin="0"/><net_sink comp="156" pin=0"/></net>

<net id="163"><net_src comp="70" pin="0"/><net_sink comp="160" pin=0"/></net>

<net id="168"><net_src comp="68" pin="0"/><net_sink comp="164" pin=0"/></net>

<net id="169"><net_src comp="2" pin="0"/><net_sink comp="164" pin=1"/></net>

<net id="181"><net_src comp="76" pin="0"/><net_sink comp="170" pin=0"/></net>

<net id="182"><net_src comp="12" pin="0"/><net_sink comp="170" pin=2"/></net>

<net id="183"><net_src comp="14" pin="0"/><net_sink comp="170" pin=3"/></net>

<net id="184"><net_src comp="16" pin="0"/><net_sink comp="170" pin=4"/></net>

<net id="185"><net_src comp="10" pin="0"/><net_sink comp="170" pin=5"/></net>

<net id="186"><net_src comp="8" pin="0"/><net_sink comp="170" pin=6"/></net>

<net id="187"><net_src comp="18" pin="0"/><net_sink comp="170" pin=7"/></net>

<net id="188"><net_src comp="20" pin="0"/><net_sink comp="170" pin=8"/></net>

<net id="197"><net_src comp="90" pin="0"/><net_sink comp="189" pin=0"/></net>

<net id="198"><net_src comp="6" pin="0"/><net_sink comp="189" pin=1"/></net>

<net id="199"><net_src comp="4" pin="0"/><net_sink comp="189" pin=2"/></net>

<net id="200"><net_src comp="64" pin="0"/><net_sink comp="189" pin=3"/></net>

<net id="201"><net_src comp="62" pin="0"/><net_sink comp="189" pin=4"/></net>

<net id="202"><net_src comp="66" pin="0"/><net_sink comp="189" pin=5"/></net>

<net id="212"><net_src comp="82" pin="0"/><net_sink comp="203" pin=0"/></net>

<net id="213"><net_src comp="38" pin="0"/><net_sink comp="203" pin=1"/></net>

<net id="214"><net_src comp="40" pin="0"/><net_sink comp="203" pin=2"/></net>

<net id="215"><net_src comp="34" pin="0"/><net_sink comp="203" pin=3"/></net>

<net id="216"><net_src comp="36" pin="0"/><net_sink comp="203" pin=4"/></net>

<net id="217"><net_src comp="32" pin="0"/><net_sink comp="203" pin=5"/></net>

<net id="218"><net_src comp="30" pin="0"/><net_sink comp="203" pin=6"/></net>

<net id="228"><net_src comp="84" pin="0"/><net_sink comp="219" pin=0"/></net>

<net id="229"><net_src comp="46" pin="0"/><net_sink comp="219" pin=1"/></net>

<net id="230"><net_src comp="48" pin="0"/><net_sink comp="219" pin=2"/></net>

<net id="231"><net_src comp="42" pin="0"/><net_sink comp="219" pin=3"/></net>

<net id="232"><net_src comp="44" pin="0"/><net_sink comp="219" pin=4"/></net>

<net id="233"><net_src comp="40" pin="0"/><net_sink comp="219" pin=5"/></net>

<net id="234"><net_src comp="38" pin="0"/><net_sink comp="219" pin=6"/></net>

<net id="244"><net_src comp="86" pin="0"/><net_sink comp="235" pin=0"/></net>

<net id="245"><net_src comp="54" pin="0"/><net_sink comp="235" pin=1"/></net>

<net id="246"><net_src comp="56" pin="0"/><net_sink comp="235" pin=2"/></net>

<net id="247"><net_src comp="50" pin="0"/><net_sink comp="235" pin=3"/></net>

<net id="248"><net_src comp="52" pin="0"/><net_sink comp="235" pin=4"/></net>

<net id="249"><net_src comp="48" pin="0"/><net_sink comp="235" pin=5"/></net>

<net id="250"><net_src comp="46" pin="0"/><net_sink comp="235" pin=6"/></net>

<net id="260"><net_src comp="80" pin="0"/><net_sink comp="251" pin=0"/></net>

<net id="261"><net_src comp="22" pin="0"/><net_sink comp="251" pin=1"/></net>

<net id="262"><net_src comp="24" pin="0"/><net_sink comp="251" pin=2"/></net>

<net id="263"><net_src comp="30" pin="0"/><net_sink comp="251" pin=3"/></net>

<net id="264"><net_src comp="32" pin="0"/><net_sink comp="251" pin=4"/></net>

<net id="265"><net_src comp="26" pin="0"/><net_sink comp="251" pin=5"/></net>

<net id="266"><net_src comp="28" pin="0"/><net_sink comp="251" pin=6"/></net>

<net id="276"><net_src comp="88" pin="0"/><net_sink comp="267" pin=0"/></net>

<net id="277"><net_src comp="58" pin="0"/><net_sink comp="267" pin=1"/></net>

<net id="278"><net_src comp="60" pin="0"/><net_sink comp="267" pin=2"/></net>

<net id="279"><net_src comp="56" pin="0"/><net_sink comp="267" pin=3"/></net>

<net id="280"><net_src comp="54" pin="0"/><net_sink comp="267" pin=4"/></net>

<net id="281"><net_src comp="62" pin="0"/><net_sink comp="267" pin=5"/></net>

<net id="282"><net_src comp="64" pin="0"/><net_sink comp="267" pin=6"/></net>

<net id="290"><net_src comp="78" pin="0"/><net_sink comp="283" pin=0"/></net>

<net id="291"><net_src comp="20" pin="0"/><net_sink comp="283" pin=1"/></net>

<net id="292"><net_src comp="18" pin="0"/><net_sink comp="283" pin=2"/></net>

<net id="293"><net_src comp="22" pin="0"/><net_sink comp="283" pin=3"/></net>

<net id="294"><net_src comp="24" pin="0"/><net_sink comp="283" pin=4"/></net>

<net id="303"><net_src comp="74" pin="0"/><net_sink comp="295" pin=0"/></net>

<net id="304"><net_src comp="0" pin="0"/><net_sink comp="295" pin=1"/></net>

<net id="305"><net_src comp="8" pin="0"/><net_sink comp="295" pin=2"/></net>

<net id="306"><net_src comp="10" pin="0"/><net_sink comp="295" pin=3"/></net>

<net id="312"><net_src comp="72" pin="0"/><net_sink comp="307" pin=0"/></net>

<net id="313"><net_src comp="164" pin="2"/><net_sink comp="307" pin=1"/></net>

<net id="317"><net_src comp="156" pin="1"/><net_sink comp="314" pin=0"/></net>

<net id="318"><net_src comp="314" pin="1"/><net_sink comp="307" pin=2"/></net>

<net id="319"><net_src comp="314" pin="1"/><net_sink comp="295" pin=4"/></net>

<net id="323"><net_src comp="160" pin="1"/><net_sink comp="320" pin=0"/></net>

<net id="324"><net_src comp="320" pin="1"/><net_sink comp="295" pin=5"/></net>

<net id="325"><net_src comp="320" pin="1"/><net_sink comp="170" pin=1"/></net>

</net_list>

</model> 
---------------- Datapath Model END ------------------

* FSMD analyzer results:
  - Output states:
	Port: data_OUT | {18 19 }
	Port: mag_OUT | {18 19 }
	Port: xin_M_imag | {2 3 }
	Port: xin_M_real | {2 3 }
	Port: prod_IN_M_real | {4 5 }
	Port: prod_IN_M_imag | {4 5 }
	Port: data_OUT0_M_real | {6 7 }
	Port: data_OUT0_M_imag | {6 7 }
	Port: data_OUT1_M_imag | {8 9 }
	Port: data_OUT1_M_real | {8 9 }
	Port: data_OUT2_M_imag | {10 11 }
	Port: data_OUT2_M_real | {10 11 }
	Port: data_OUT3_M_imag | {12 13 }
	Port: data_OUT3_M_real | {12 13 }
	Port: data_OUT4_M_imag | {14 15 }
	Port: data_OUT4_M_real | {14 15 }
	Port: data_OUTfft_M_real | {16 17 }
	Port: data_OUTfft_M_imag | {16 17 }
	Port: xout_mag | {18 19 }
 - Input state : 
	Port: FFT : data_IN | {2 3 }
	Port: FFT : win_mode | {1 }
	Port: FFT : xin_M_imag | {4 5 }
	Port: FFT : xin_M_real | {4 5 }
	Port: FFT : Blackman32 | {4 5 }
	Port: FFT : Hamm32 | {4 5 }
	Port: FFT : Hann32 | {4 5 }
	Port: FFT : prod_IN_M_real | {6 7 }
	Port: FFT : prod_IN_M_imag | {6 7 }
	Port: FFT : data_OUT0_M_real | {8 9 }
	Port: FFT : data_OUT0_M_imag | {8 9 }
	Port: FFT : W_M_real130 | {8 9 }
	Port: FFT : W_M_imag126 | {8 9 }
	Port: FFT : data_OUT1_M_imag | {10 11 }
	Port: FFT : data_OUT1_M_real | {10 11 }
	Port: FFT : W_M_real129 | {10 11 }
	Port: FFT : W_M_imag125 | {10 11 }
	Port: FFT : data_OUT2_M_imag | {12 13 }
	Port: FFT : data_OUT2_M_real | {12 13 }
	Port: FFT : W_M_real128 | {12 13 }
	Port: FFT : W_M_imag124 | {12 13 }
	Port: FFT : data_OUT3_M_imag | {14 15 }
	Port: FFT : data_OUT3_M_real | {14 15 }
	Port: FFT : W_M_real127 | {14 15 }
	Port: FFT : W_M_imag123 | {14 15 }
	Port: FFT : data_OUT4_M_imag | {16 17 }
	Port: FFT : data_OUT4_M_real | {16 17 }
	Port: FFT : W_M_real | {16 17 }
	Port: FFT : W_M_imag | {16 17 }
	Port: FFT : data_OUTfft_M_real | {18 19 }
	Port: FFT : data_OUTfft_M_imag | {18 19 }
	Port: FFT : xout_mag | {18 19 }
  - Chain level:
	State 1
		call_ln118 : 1
	State 2
	State 3
	State 4
	State 5
	State 6
	State 7
	State 8
	State 9
	State 10
	State 11
	State 12
	State 13
	State 14
	State 15
	State 16
	State 17
	State 18
	State 19
	State 20


============================================================
+ Verbose Summary: Datapath Resource usage 
============================================================

* Functional unit list:
|----------|----------------------------------|---------|---------|---------|---------|---------|---------|
| Operation|          Functional Unit         |   BRAM  |  DSP48E |  Delay  |    FF   |   LUT   |   URAM  |
|----------|----------------------------------|---------|---------|---------|---------|---------|---------|
|          |      grp_mult_window_fu_170      |    2    |    32   |  25.315 |   3184  |   4456  |    0    |
|          | grp_Block_codeRepl12432_s_fu_189 |    0    |    27   | 13.2365 |   4005  |   2955  |    0    |
|          |        grp_FFT0119_fu_203        |    0    |    24   |  10.614 |   2641  |   3992  |    0    |
|          |        grp_FFT0120_fu_219        |    0    |    24   |  10.614 |   2641  |   3992  |    0    |
|   call   |        grp_FFT0121_fu_235        |    0    |    24   |  10.614 |   2641  |   3992  |    0    |
|          |        grp_FFT0118_fu_251        |    0    |    24   |  10.614 |   2641  |   3974  |    0    |
|          |        grp_FFT0122_fu_267        |    0    |    24   |  10.614 |   2641  |   3974  |    0    |
|          |       grp_bitreverse_fu_283      |    0    |    0    |  19.736 |   320   |   712   |    0    |
|          |  grp_Block_codeRepl124_pr_fu_295 |    0    |    0    |  10.94  |    0    |   580   |    0    |
|          |   call_ln118_FFT_entry3_fu_307   |    0    |    0    |    0    |    0    |    0    |    0    |
|----------|----------------------------------|---------|---------|---------|---------|---------|---------|
|   read   |     win_mode_read_read_fu_164    |    0    |    0    |    0    |    0    |    0    |    0    |
|----------|----------------------------------|---------|---------|---------|---------|---------|---------|
|   Total  |                                  |    2    |   179   | 122.297 |  20714  |  28627  |    0    |
|----------|----------------------------------|---------|---------|---------|---------|---------|---------|

Memories:
+------------------+--------+--------+--------+--------+
|                  |  BRAM  |   FF   |   LUT  |  URAM  |
+------------------+--------+--------+--------+--------+
|    Blackman32    |    1   |    0   |    0   |    -   |
|      Hamm32      |    1   |    0   |    0   |    -   |
|      Hann32      |    1   |    0   |    0   |    -   |
|     W_M_imag     |    0   |   32   |    8   |    -   |
|    W_M_imag123   |    0   |   32   |    8   |    -   |
|    W_M_imag124   |    0   |   32   |    8   |    -   |
|    W_M_imag125   |    0   |   32   |    8   |    -   |
|    W_M_imag126   |    0   |   32   |    8   |    -   |
|     W_M_real     |    0   |   32   |    8   |    -   |
|    W_M_real127   |    0   |   32   |    8   |    -   |
|    W_M_real128   |    0   |   32   |    8   |    -   |
|    W_M_real129   |    0   |   32   |    8   |    -   |
|    W_M_real130   |    0   |   32   |    8   |    -   |
| data_OUT0_M_imag |    2   |    0   |    0   |    0   |
| data_OUT0_M_real |    2   |    0   |    0   |    0   |
| data_OUT1_M_imag |    2   |    0   |    0   |    0   |
| data_OUT1_M_real |    2   |    0   |    0   |    0   |
| data_OUT2_M_imag |    2   |    0   |    0   |    0   |
| data_OUT2_M_real |    2   |    0   |    0   |    0   |
| data_OUT3_M_imag |    2   |    0   |    0   |    0   |
| data_OUT3_M_real |    2   |    0   |    0   |    0   |
| data_OUT4_M_imag |    2   |    0   |    0   |    0   |
| data_OUT4_M_real |    2   |    0   |    0   |    0   |
|data_OUTfft_M_imag|    2   |    0   |    0   |    0   |
|data_OUTfft_M_real|    2   |    0   |    0   |    0   |
|  prod_IN_M_imag  |    2   |    0   |    0   |    0   |
|  prod_IN_M_real  |    2   |    0   |    0   |    0   |
|    xin_M_imag    |    2   |    0   |    0   |    0   |
|    xin_M_real    |    2   |    0   |    0   |    0   |
|     xout_mag     |    1   |    0   |    0   |    0   |
+------------------+--------+--------+--------+--------+
|       Total      |   36   |   320  |   80   |    0   |
+------------------+--------+--------+--------+--------+

* Register list:
+-------------------+--------+
|                   |   FF   |
+-------------------+--------+
|win_mode_c1_reg_314|    8   |
| win_mode_c_reg_320|    8   |
+-------------------+--------+
|       Total       |   16   |
+-------------------+--------+

* Multiplexer (MUX) list: 
|--------|------|------|------|--------|
|  Comp  |  Pin | Size |  BW  | S x BW |
|--------|------|------|------|--------|
|  Total |      |      |      |    0   |
|--------|------|------|------|--------|



* Summary:
+-----------+--------+--------+--------+--------+--------+--------+
|           |  BRAM  | DSP48E |  Delay |   FF   |   LUT  |  URAM  |
+-----------+--------+--------+--------+--------+--------+--------+
|  Function |    2   |   179  |   122  |  20714 |  28627 |    0   |
|   Memory  |   36   |    -   |    -   |   320  |   80   |    0   |
|Multiplexer|    -   |    -   |    -   |    -   |    -   |    -   |
|  Register |    -   |    -   |    -   |   16   |    -   |    -   |
+-----------+--------+--------+--------+--------+--------+--------+
|   Total   |   38   |   179  |   122  |  21050 |  28707 |    0   |
+-----------+--------+--------+--------+--------+--------+--------+
