

================================================================
== Vivado HLS Report for 'bitreverse'
================================================================
* Date:           Mon Jan  4 10:50:05 2021

* Version:        2020.1 (Build 2897737 on Wed May 27 20:21:37 MDT 2020)
* Project:        vhlsv2.9
* Solution:       solution1
* Product family: zynq
* Target device:  xc7z020-clg400-1


================================================================
== Performance Estimates
================================================================
+ Timing: 
    * Summary: 
    +--------+----------+----------+------------+
    |  Clock |  Target  | Estimated| Uncertainty|
    +--------+----------+----------+------------+
    |ap_clk  | 10.00 ns | 6.508 ns |   1.25 ns  |
    +--------+----------+----------+------------+

+ Latency: 
    * Summary: 
    +---------+---------+----------+----------+-----+-----+---------+
    |  Latency (cycles) |  Latency (absolute) |  Interval | Pipeline|
    |   min   |   max   |    min   |    max   | min | max |   Type  |
    +---------+---------+----------+----------+-----+-----+---------+
    |       16|       16| 0.160 us | 0.160 us |   16|   16|   none  |
    +---------+---------+----------+----------+-----+-----+---------+

    + Detail: 
        * Instance: 
        N/A

        * Loop: 
        N/A

============================================================
+ Verbose Summary: Synthesis Manager
============================================================
InlineROM: 1
ExposeGlobal: 0
============================================================
+ Verbose Summary: CDFG Model
============================================================
IsTopModel: 0
ResetActiveHigh: 1
IsCombinational: 0
IsDatapathOnly: 0
HasWiredReturn: 1
HasMFsm: 0
HasVarLatency: 1
IsPipeline: 0
IsRtlPipelined: 0
IsInstanceOverlapped: 0
IsDontTouch: 0
HasImplIP: 0
IsGatedGlobalClock: 0


============================================================
+ Verbose Summary: Schedule
============================================================
* Number of FSM states : 17
* Pipeline : 0
* Dataflow Pipeline: 0

* FSM state transitions: 
1 --> 2 
2 --> 3 
3 --> 4 
4 --> 5 
5 --> 6 
6 --> 7 
7 --> 8 
8 --> 9 
9 --> 10 
10 --> 11 
11 --> 12 
12 --> 13 
13 --> 14 
14 --> 15 
15 --> 16 
16 --> 17 
17 --> 

* FSM state operations: 

State 1 <SV = 0> <Delay = 3.25>
ST_1 : Operation 18 [2/2] (3.25ns)   --->   "%prod_IN_M_real_load = load float* getelementptr inbounds ([32 x float]* @prod_IN_M_real, i64 0, i64 0), align 16" [vhls_src/fft.cpp:71]   --->   Operation 18 'load' 'prod_IN_M_real_load' <Predicate = true> <Delay = 3.25> <Core = "RAM">   --->   Core 37 'RAM' <Latency = 1> <II = 1> <Delay = 3.25> <Storage> <Opcode : 'load' 'store'> <Ports = 2> <Width = 32> <Depth = 32> <RAM>
ST_1 : Operation 19 [2/2] (3.25ns)   --->   "%prod_IN_M_imag_load = load float* getelementptr inbounds ([32 x float]* @prod_IN_M_imag, i64 0, i64 0), align 16" [vhls_src/fft.cpp:71]   --->   Operation 19 'load' 'prod_IN_M_imag_load' <Predicate = true> <Delay = 3.25> <Core = "RAM">   --->   Core 37 'RAM' <Latency = 1> <II = 1> <Delay = 3.25> <Storage> <Opcode : 'load' 'store'> <Ports = 2> <Width = 32> <Depth = 32> <RAM>
ST_1 : Operation 20 [2/2] (3.25ns)   --->   "%prod_IN_M_real_load_1 = load float* getelementptr inbounds ([32 x float]* @prod_IN_M_real, i64 0, i64 16), align 16" [vhls_src/fft.cpp:71]   --->   Operation 20 'load' 'prod_IN_M_real_load_1' <Predicate = true> <Delay = 3.25> <Core = "RAM">   --->   Core 37 'RAM' <Latency = 1> <II = 1> <Delay = 3.25> <Storage> <Opcode : 'load' 'store'> <Ports = 2> <Width = 32> <Depth = 32> <RAM>
ST_1 : Operation 21 [2/2] (3.25ns)   --->   "%prod_IN_M_imag_load_1 = load float* getelementptr inbounds ([32 x float]* @prod_IN_M_imag, i64 0, i64 16), align 16" [vhls_src/fft.cpp:71]   --->   Operation 21 'load' 'prod_IN_M_imag_load_1' <Predicate = true> <Delay = 3.25> <Core = "RAM">   --->   Core 37 'RAM' <Latency = 1> <II = 1> <Delay = 3.25> <Storage> <Opcode : 'load' 'store'> <Ports = 2> <Width = 32> <Depth = 32> <RAM>

State 2 <SV = 1> <Delay = 6.50>
ST_2 : Operation 22 [1/2] (3.25ns)   --->   "%prod_IN_M_real_load = load float* getelementptr inbounds ([32 x float]* @prod_IN_M_real, i64 0, i64 0), align 16" [vhls_src/fft.cpp:71]   --->   Operation 22 'load' 'prod_IN_M_real_load' <Predicate = true> <Delay = 3.25> <Core = "RAM">   --->   Core 37 'RAM' <Latency = 1> <II = 1> <Delay = 3.25> <Storage> <Opcode : 'load' 'store'> <Ports = 2> <Width = 32> <Depth = 32> <RAM>
ST_2 : Operation 23 [1/1] (3.25ns)   --->   "store float %prod_IN_M_real_load, float* getelementptr inbounds ([32 x float]* @data_OUT0_M_real, i64 0, i64 0), align 16" [vhls_src/fft.cpp:71]   --->   Operation 23 'store' <Predicate = true> <Delay = 3.25> <Core = "RAM">   --->   Core 37 'RAM' <Latency = 1> <II = 1> <Delay = 3.25> <Storage> <Opcode : 'load' 'store'> <Ports = 2> <Width = 32> <Depth = 32> <RAM>
ST_2 : Operation 24 [1/2] (3.25ns)   --->   "%prod_IN_M_imag_load = load float* getelementptr inbounds ([32 x float]* @prod_IN_M_imag, i64 0, i64 0), align 16" [vhls_src/fft.cpp:71]   --->   Operation 24 'load' 'prod_IN_M_imag_load' <Predicate = true> <Delay = 3.25> <Core = "RAM">   --->   Core 37 'RAM' <Latency = 1> <II = 1> <Delay = 3.25> <Storage> <Opcode : 'load' 'store'> <Ports = 2> <Width = 32> <Depth = 32> <RAM>
ST_2 : Operation 25 [1/1] (3.25ns)   --->   "store float %prod_IN_M_imag_load, float* getelementptr inbounds ([32 x float]* @data_OUT0_M_imag, i64 0, i64 0), align 16" [vhls_src/fft.cpp:71]   --->   Operation 25 'store' <Predicate = true> <Delay = 3.25> <Core = "RAM">   --->   Core 37 'RAM' <Latency = 1> <II = 1> <Delay = 3.25> <Storage> <Opcode : 'load' 'store'> <Ports = 2> <Width = 32> <Depth = 32> <RAM>
ST_2 : Operation 26 [1/2] (3.25ns)   --->   "%prod_IN_M_real_load_1 = load float* getelementptr inbounds ([32 x float]* @prod_IN_M_real, i64 0, i64 16), align 16" [vhls_src/fft.cpp:71]   --->   Operation 26 'load' 'prod_IN_M_real_load_1' <Predicate = true> <Delay = 3.25> <Core = "RAM">   --->   Core 37 'RAM' <Latency = 1> <II = 1> <Delay = 3.25> <Storage> <Opcode : 'load' 'store'> <Ports = 2> <Width = 32> <Depth = 32> <RAM>
ST_2 : Operation 27 [1/1] (3.25ns)   --->   "store float %prod_IN_M_real_load_1, float* getelementptr inbounds ([32 x float]* @data_OUT0_M_real, i64 0, i64 1), align 4" [vhls_src/fft.cpp:71]   --->   Operation 27 'store' <Predicate = true> <Delay = 3.25> <Core = "RAM">   --->   Core 37 'RAM' <Latency = 1> <II = 1> <Delay = 3.25> <Storage> <Opcode : 'load' 'store'> <Ports = 2> <Width = 32> <Depth = 32> <RAM>
ST_2 : Operation 28 [1/2] (3.25ns)   --->   "%prod_IN_M_imag_load_1 = load float* getelementptr inbounds ([32 x float]* @prod_IN_M_imag, i64 0, i64 16), align 16" [vhls_src/fft.cpp:71]   --->   Operation 28 'load' 'prod_IN_M_imag_load_1' <Predicate = true> <Delay = 3.25> <Core = "RAM">   --->   Core 37 'RAM' <Latency = 1> <II = 1> <Delay = 3.25> <Storage> <Opcode : 'load' 'store'> <Ports = 2> <Width = 32> <Depth = 32> <RAM>
ST_2 : Operation 29 [1/1] (3.25ns)   --->   "store float %prod_IN_M_imag_load_1, float* getelementptr inbounds ([32 x float]* @data_OUT0_M_imag, i64 0, i64 1), align 4" [vhls_src/fft.cpp:71]   --->   Operation 29 'store' <Predicate = true> <Delay = 3.25> <Core = "RAM">   --->   Core 37 'RAM' <Latency = 1> <II = 1> <Delay = 3.25> <Storage> <Opcode : 'load' 'store'> <Ports = 2> <Width = 32> <Depth = 32> <RAM>
ST_2 : Operation 30 [2/2] (3.25ns)   --->   "%prod_IN_M_real_load_2 = load float* getelementptr inbounds ([32 x float]* @prod_IN_M_real, i64 0, i64 8), align 16" [vhls_src/fft.cpp:71]   --->   Operation 30 'load' 'prod_IN_M_real_load_2' <Predicate = true> <Delay = 3.25> <Core = "RAM">   --->   Core 37 'RAM' <Latency = 1> <II = 1> <Delay = 3.25> <Storage> <Opcode : 'load' 'store'> <Ports = 2> <Width = 32> <Depth = 32> <RAM>
ST_2 : Operation 31 [2/2] (3.25ns)   --->   "%prod_IN_M_imag_load_2 = load float* getelementptr inbounds ([32 x float]* @prod_IN_M_imag, i64 0, i64 8), align 16" [vhls_src/fft.cpp:71]   --->   Operation 31 'load' 'prod_IN_M_imag_load_2' <Predicate = true> <Delay = 3.25> <Core = "RAM">   --->   Core 37 'RAM' <Latency = 1> <II = 1> <Delay = 3.25> <Storage> <Opcode : 'load' 'store'> <Ports = 2> <Width = 32> <Depth = 32> <RAM>
ST_2 : Operation 32 [2/2] (3.25ns)   --->   "%prod_IN_M_real_load_3 = load float* getelementptr inbounds ([32 x float]* @prod_IN_M_real, i64 0, i64 24), align 16" [vhls_src/fft.cpp:71]   --->   Operation 32 'load' 'prod_IN_M_real_load_3' <Predicate = true> <Delay = 3.25> <Core = "RAM">   --->   Core 37 'RAM' <Latency = 1> <II = 1> <Delay = 3.25> <Storage> <Opcode : 'load' 'store'> <Ports = 2> <Width = 32> <Depth = 32> <RAM>
ST_2 : Operation 33 [2/2] (3.25ns)   --->   "%prod_IN_M_imag_load_3 = load float* getelementptr inbounds ([32 x float]* @prod_IN_M_imag, i64 0, i64 24), align 16" [vhls_src/fft.cpp:71]   --->   Operation 33 'load' 'prod_IN_M_imag_load_3' <Predicate = true> <Delay = 3.25> <Core = "RAM">   --->   Core 37 'RAM' <Latency = 1> <II = 1> <Delay = 3.25> <Storage> <Opcode : 'load' 'store'> <Ports = 2> <Width = 32> <Depth = 32> <RAM>

State 3 <SV = 2> <Delay = 6.50>
ST_3 : Operation 34 [1/2] (3.25ns)   --->   "%prod_IN_M_real_load_2 = load float* getelementptr inbounds ([32 x float]* @prod_IN_M_real, i64 0, i64 8), align 16" [vhls_src/fft.cpp:71]   --->   Operation 34 'load' 'prod_IN_M_real_load_2' <Predicate = true> <Delay = 3.25> <Core = "RAM">   --->   Core 37 'RAM' <Latency = 1> <II = 1> <Delay = 3.25> <Storage> <Opcode : 'load' 'store'> <Ports = 2> <Width = 32> <Depth = 32> <RAM>
ST_3 : Operation 35 [1/1] (3.25ns)   --->   "store float %prod_IN_M_real_load_2, float* getelementptr inbounds ([32 x float]* @data_OUT0_M_real, i64 0, i64 2), align 8" [vhls_src/fft.cpp:71]   --->   Operation 35 'store' <Predicate = true> <Delay = 3.25> <Core = "RAM">   --->   Core 37 'RAM' <Latency = 1> <II = 1> <Delay = 3.25> <Storage> <Opcode : 'load' 'store'> <Ports = 2> <Width = 32> <Depth = 32> <RAM>
ST_3 : Operation 36 [1/2] (3.25ns)   --->   "%prod_IN_M_imag_load_2 = load float* getelementptr inbounds ([32 x float]* @prod_IN_M_imag, i64 0, i64 8), align 16" [vhls_src/fft.cpp:71]   --->   Operation 36 'load' 'prod_IN_M_imag_load_2' <Predicate = true> <Delay = 3.25> <Core = "RAM">   --->   Core 37 'RAM' <Latency = 1> <II = 1> <Delay = 3.25> <Storage> <Opcode : 'load' 'store'> <Ports = 2> <Width = 32> <Depth = 32> <RAM>
ST_3 : Operation 37 [1/1] (3.25ns)   --->   "store float %prod_IN_M_imag_load_2, float* getelementptr inbounds ([32 x float]* @data_OUT0_M_imag, i64 0, i64 2), align 8" [vhls_src/fft.cpp:71]   --->   Operation 37 'store' <Predicate = true> <Delay = 3.25> <Core = "RAM">   --->   Core 37 'RAM' <Latency = 1> <II = 1> <Delay = 3.25> <Storage> <Opcode : 'load' 'store'> <Ports = 2> <Width = 32> <Depth = 32> <RAM>
ST_3 : Operation 38 [1/2] (3.25ns)   --->   "%prod_IN_M_real_load_3 = load float* getelementptr inbounds ([32 x float]* @prod_IN_M_real, i64 0, i64 24), align 16" [vhls_src/fft.cpp:71]   --->   Operation 38 'load' 'prod_IN_M_real_load_3' <Predicate = true> <Delay = 3.25> <Core = "RAM">   --->   Core 37 'RAM' <Latency = 1> <II = 1> <Delay = 3.25> <Storage> <Opcode : 'load' 'store'> <Ports = 2> <Width = 32> <Depth = 32> <RAM>
ST_3 : Operation 39 [1/1] (3.25ns)   --->   "store float %prod_IN_M_real_load_3, float* getelementptr inbounds ([32 x float]* @data_OUT0_M_real, i64 0, i64 3), align 4" [vhls_src/fft.cpp:71]   --->   Operation 39 'store' <Predicate = true> <Delay = 3.25> <Core = "RAM">   --->   Core 37 'RAM' <Latency = 1> <II = 1> <Delay = 3.25> <Storage> <Opcode : 'load' 'store'> <Ports = 2> <Width = 32> <Depth = 32> <RAM>
ST_3 : Operation 40 [1/2] (3.25ns)   --->   "%prod_IN_M_imag_load_3 = load float* getelementptr inbounds ([32 x float]* @prod_IN_M_imag, i64 0, i64 24), align 16" [vhls_src/fft.cpp:71]   --->   Operation 40 'load' 'prod_IN_M_imag_load_3' <Predicate = true> <Delay = 3.25> <Core = "RAM">   --->   Core 37 'RAM' <Latency = 1> <II = 1> <Delay = 3.25> <Storage> <Opcode : 'load' 'store'> <Ports = 2> <Width = 32> <Depth = 32> <RAM>
ST_3 : Operation 41 [1/1] (3.25ns)   --->   "store float %prod_IN_M_imag_load_3, float* getelementptr inbounds ([32 x float]* @data_OUT0_M_imag, i64 0, i64 3), align 4" [vhls_src/fft.cpp:71]   --->   Operation 41 'store' <Predicate = true> <Delay = 3.25> <Core = "RAM">   --->   Core 37 'RAM' <Latency = 1> <II = 1> <Delay = 3.25> <Storage> <Opcode : 'load' 'store'> <Ports = 2> <Width = 32> <Depth = 32> <RAM>
ST_3 : Operation 42 [2/2] (3.25ns)   --->   "%prod_IN_M_real_load_4 = load float* getelementptr inbounds ([32 x float]* @prod_IN_M_real, i64 0, i64 4), align 16" [vhls_src/fft.cpp:71]   --->   Operation 42 'load' 'prod_IN_M_real_load_4' <Predicate = true> <Delay = 3.25> <Core = "RAM">   --->   Core 37 'RAM' <Latency = 1> <II = 1> <Delay = 3.25> <Storage> <Opcode : 'load' 'store'> <Ports = 2> <Width = 32> <Depth = 32> <RAM>
ST_3 : Operation 43 [2/2] (3.25ns)   --->   "%prod_IN_M_imag_load_4 = load float* getelementptr inbounds ([32 x float]* @prod_IN_M_imag, i64 0, i64 4), align 16" [vhls_src/fft.cpp:71]   --->   Operation 43 'load' 'prod_IN_M_imag_load_4' <Predicate = true> <Delay = 3.25> <Core = "RAM">   --->   Core 37 'RAM' <Latency = 1> <II = 1> <Delay = 3.25> <Storage> <Opcode : 'load' 'store'> <Ports = 2> <Width = 32> <Depth = 32> <RAM>
ST_3 : Operation 44 [2/2] (3.25ns)   --->   "%prod_IN_M_real_load_5 = load float* getelementptr inbounds ([32 x float]* @prod_IN_M_real, i64 0, i64 20), align 16" [vhls_src/fft.cpp:71]   --->   Operation 44 'load' 'prod_IN_M_real_load_5' <Predicate = true> <Delay = 3.25> <Core = "RAM">   --->   Core 37 'RAM' <Latency = 1> <II = 1> <Delay = 3.25> <Storage> <Opcode : 'load' 'store'> <Ports = 2> <Width = 32> <Depth = 32> <RAM>
ST_3 : Operation 45 [2/2] (3.25ns)   --->   "%prod_IN_M_imag_load_5 = load float* getelementptr inbounds ([32 x float]* @prod_IN_M_imag, i64 0, i64 20), align 16" [vhls_src/fft.cpp:71]   --->   Operation 45 'load' 'prod_IN_M_imag_load_5' <Predicate = true> <Delay = 3.25> <Core = "RAM">   --->   Core 37 'RAM' <Latency = 1> <II = 1> <Delay = 3.25> <Storage> <Opcode : 'load' 'store'> <Ports = 2> <Width = 32> <Depth = 32> <RAM>

State 4 <SV = 3> <Delay = 6.50>
ST_4 : Operation 46 [1/2] (3.25ns)   --->   "%prod_IN_M_real_load_4 = load float* getelementptr inbounds ([32 x float]* @prod_IN_M_real, i64 0, i64 4), align 16" [vhls_src/fft.cpp:71]   --->   Operation 46 'load' 'prod_IN_M_real_load_4' <Predicate = true> <Delay = 3.25> <Core = "RAM">   --->   Core 37 'RAM' <Latency = 1> <II = 1> <Delay = 3.25> <Storage> <Opcode : 'load' 'store'> <Ports = 2> <Width = 32> <Depth = 32> <RAM>
ST_4 : Operation 47 [1/1] (3.25ns)   --->   "store float %prod_IN_M_real_load_4, float* getelementptr inbounds ([32 x float]* @data_OUT0_M_real, i64 0, i64 4), align 16" [vhls_src/fft.cpp:71]   --->   Operation 47 'store' <Predicate = true> <Delay = 3.25> <Core = "RAM">   --->   Core 37 'RAM' <Latency = 1> <II = 1> <Delay = 3.25> <Storage> <Opcode : 'load' 'store'> <Ports = 2> <Width = 32> <Depth = 32> <RAM>
ST_4 : Operation 48 [1/2] (3.25ns)   --->   "%prod_IN_M_imag_load_4 = load float* getelementptr inbounds ([32 x float]* @prod_IN_M_imag, i64 0, i64 4), align 16" [vhls_src/fft.cpp:71]   --->   Operation 48 'load' 'prod_IN_M_imag_load_4' <Predicate = true> <Delay = 3.25> <Core = "RAM">   --->   Core 37 'RAM' <Latency = 1> <II = 1> <Delay = 3.25> <Storage> <Opcode : 'load' 'store'> <Ports = 2> <Width = 32> <Depth = 32> <RAM>
ST_4 : Operation 49 [1/1] (3.25ns)   --->   "store float %prod_IN_M_imag_load_4, float* getelementptr inbounds ([32 x float]* @data_OUT0_M_imag, i64 0, i64 4), align 16" [vhls_src/fft.cpp:71]   --->   Operation 49 'store' <Predicate = true> <Delay = 3.25> <Core = "RAM">   --->   Core 37 'RAM' <Latency = 1> <II = 1> <Delay = 3.25> <Storage> <Opcode : 'load' 'store'> <Ports = 2> <Width = 32> <Depth = 32> <RAM>
ST_4 : Operation 50 [1/2] (3.25ns)   --->   "%prod_IN_M_real_load_5 = load float* getelementptr inbounds ([32 x float]* @prod_IN_M_real, i64 0, i64 20), align 16" [vhls_src/fft.cpp:71]   --->   Operation 50 'load' 'prod_IN_M_real_load_5' <Predicate = true> <Delay = 3.25> <Core = "RAM">   --->   Core 37 'RAM' <Latency = 1> <II = 1> <Delay = 3.25> <Storage> <Opcode : 'load' 'store'> <Ports = 2> <Width = 32> <Depth = 32> <RAM>
ST_4 : Operation 51 [1/1] (3.25ns)   --->   "store float %prod_IN_M_real_load_5, float* getelementptr inbounds ([32 x float]* @data_OUT0_M_real, i64 0, i64 5), align 4" [vhls_src/fft.cpp:71]   --->   Operation 51 'store' <Predicate = true> <Delay = 3.25> <Core = "RAM">   --->   Core 37 'RAM' <Latency = 1> <II = 1> <Delay = 3.25> <Storage> <Opcode : 'load' 'store'> <Ports = 2> <Width = 32> <Depth = 32> <RAM>
ST_4 : Operation 52 [1/2] (3.25ns)   --->   "%prod_IN_M_imag_load_5 = load float* getelementptr inbounds ([32 x float]* @prod_IN_M_imag, i64 0, i64 20), align 16" [vhls_src/fft.cpp:71]   --->   Operation 52 'load' 'prod_IN_M_imag_load_5' <Predicate = true> <Delay = 3.25> <Core = "RAM">   --->   Core 37 'RAM' <Latency = 1> <II = 1> <Delay = 3.25> <Storage> <Opcode : 'load' 'store'> <Ports = 2> <Width = 32> <Depth = 32> <RAM>
ST_4 : Operation 53 [1/1] (3.25ns)   --->   "store float %prod_IN_M_imag_load_5, float* getelementptr inbounds ([32 x float]* @data_OUT0_M_imag, i64 0, i64 5), align 4" [vhls_src/fft.cpp:71]   --->   Operation 53 'store' <Predicate = true> <Delay = 3.25> <Core = "RAM">   --->   Core 37 'RAM' <Latency = 1> <II = 1> <Delay = 3.25> <Storage> <Opcode : 'load' 'store'> <Ports = 2> <Width = 32> <Depth = 32> <RAM>
ST_4 : Operation 54 [2/2] (3.25ns)   --->   "%prod_IN_M_real_load_6 = load float* getelementptr inbounds ([32 x float]* @prod_IN_M_real, i64 0, i64 12), align 16" [vhls_src/fft.cpp:71]   --->   Operation 54 'load' 'prod_IN_M_real_load_6' <Predicate = true> <Delay = 3.25> <Core = "RAM">   --->   Core 37 'RAM' <Latency = 1> <II = 1> <Delay = 3.25> <Storage> <Opcode : 'load' 'store'> <Ports = 2> <Width = 32> <Depth = 32> <RAM>
ST_4 : Operation 55 [2/2] (3.25ns)   --->   "%prod_IN_M_imag_load_6 = load float* getelementptr inbounds ([32 x float]* @prod_IN_M_imag, i64 0, i64 12), align 16" [vhls_src/fft.cpp:71]   --->   Operation 55 'load' 'prod_IN_M_imag_load_6' <Predicate = true> <Delay = 3.25> <Core = "RAM">   --->   Core 37 'RAM' <Latency = 1> <II = 1> <Delay = 3.25> <Storage> <Opcode : 'load' 'store'> <Ports = 2> <Width = 32> <Depth = 32> <RAM>
ST_4 : Operation 56 [2/2] (3.25ns)   --->   "%prod_IN_M_real_load_7 = load float* getelementptr inbounds ([32 x float]* @prod_IN_M_real, i64 0, i64 28), align 16" [vhls_src/fft.cpp:71]   --->   Operation 56 'load' 'prod_IN_M_real_load_7' <Predicate = true> <Delay = 3.25> <Core = "RAM">   --->   Core 37 'RAM' <Latency = 1> <II = 1> <Delay = 3.25> <Storage> <Opcode : 'load' 'store'> <Ports = 2> <Width = 32> <Depth = 32> <RAM>
ST_4 : Operation 57 [2/2] (3.25ns)   --->   "%prod_IN_M_imag_load_7 = load float* getelementptr inbounds ([32 x float]* @prod_IN_M_imag, i64 0, i64 28), align 16" [vhls_src/fft.cpp:71]   --->   Operation 57 'load' 'prod_IN_M_imag_load_7' <Predicate = true> <Delay = 3.25> <Core = "RAM">   --->   Core 37 'RAM' <Latency = 1> <II = 1> <Delay = 3.25> <Storage> <Opcode : 'load' 'store'> <Ports = 2> <Width = 32> <Depth = 32> <RAM>

State 5 <SV = 4> <Delay = 6.50>
ST_5 : Operation 58 [1/2] (3.25ns)   --->   "%prod_IN_M_real_load_6 = load float* getelementptr inbounds ([32 x float]* @prod_IN_M_real, i64 0, i64 12), align 16" [vhls_src/fft.cpp:71]   --->   Operation 58 'load' 'prod_IN_M_real_load_6' <Predicate = true> <Delay = 3.25> <Core = "RAM">   --->   Core 37 'RAM' <Latency = 1> <II = 1> <Delay = 3.25> <Storage> <Opcode : 'load' 'store'> <Ports = 2> <Width = 32> <Depth = 32> <RAM>
ST_5 : Operation 59 [1/1] (3.25ns)   --->   "store float %prod_IN_M_real_load_6, float* getelementptr inbounds ([32 x float]* @data_OUT0_M_real, i64 0, i64 6), align 8" [vhls_src/fft.cpp:71]   --->   Operation 59 'store' <Predicate = true> <Delay = 3.25> <Core = "RAM">   --->   Core 37 'RAM' <Latency = 1> <II = 1> <Delay = 3.25> <Storage> <Opcode : 'load' 'store'> <Ports = 2> <Width = 32> <Depth = 32> <RAM>
ST_5 : Operation 60 [1/2] (3.25ns)   --->   "%prod_IN_M_imag_load_6 = load float* getelementptr inbounds ([32 x float]* @prod_IN_M_imag, i64 0, i64 12), align 16" [vhls_src/fft.cpp:71]   --->   Operation 60 'load' 'prod_IN_M_imag_load_6' <Predicate = true> <Delay = 3.25> <Core = "RAM">   --->   Core 37 'RAM' <Latency = 1> <II = 1> <Delay = 3.25> <Storage> <Opcode : 'load' 'store'> <Ports = 2> <Width = 32> <Depth = 32> <RAM>
ST_5 : Operation 61 [1/1] (3.25ns)   --->   "store float %prod_IN_M_imag_load_6, float* getelementptr inbounds ([32 x float]* @data_OUT0_M_imag, i64 0, i64 6), align 8" [vhls_src/fft.cpp:71]   --->   Operation 61 'store' <Predicate = true> <Delay = 3.25> <Core = "RAM">   --->   Core 37 'RAM' <Latency = 1> <II = 1> <Delay = 3.25> <Storage> <Opcode : 'load' 'store'> <Ports = 2> <Width = 32> <Depth = 32> <RAM>
ST_5 : Operation 62 [1/2] (3.25ns)   --->   "%prod_IN_M_real_load_7 = load float* getelementptr inbounds ([32 x float]* @prod_IN_M_real, i64 0, i64 28), align 16" [vhls_src/fft.cpp:71]   --->   Operation 62 'load' 'prod_IN_M_real_load_7' <Predicate = true> <Delay = 3.25> <Core = "RAM">   --->   Core 37 'RAM' <Latency = 1> <II = 1> <Delay = 3.25> <Storage> <Opcode : 'load' 'store'> <Ports = 2> <Width = 32> <Depth = 32> <RAM>
ST_5 : Operation 63 [1/1] (3.25ns)   --->   "store float %prod_IN_M_real_load_7, float* getelementptr inbounds ([32 x float]* @data_OUT0_M_real, i64 0, i64 7), align 4" [vhls_src/fft.cpp:71]   --->   Operation 63 'store' <Predicate = true> <Delay = 3.25> <Core = "RAM">   --->   Core 37 'RAM' <Latency = 1> <II = 1> <Delay = 3.25> <Storage> <Opcode : 'load' 'store'> <Ports = 2> <Width = 32> <Depth = 32> <RAM>
ST_5 : Operation 64 [1/2] (3.25ns)   --->   "%prod_IN_M_imag_load_7 = load float* getelementptr inbounds ([32 x float]* @prod_IN_M_imag, i64 0, i64 28), align 16" [vhls_src/fft.cpp:71]   --->   Operation 64 'load' 'prod_IN_M_imag_load_7' <Predicate = true> <Delay = 3.25> <Core = "RAM">   --->   Core 37 'RAM' <Latency = 1> <II = 1> <Delay = 3.25> <Storage> <Opcode : 'load' 'store'> <Ports = 2> <Width = 32> <Depth = 32> <RAM>
ST_5 : Operation 65 [1/1] (3.25ns)   --->   "store float %prod_IN_M_imag_load_7, float* getelementptr inbounds ([32 x float]* @data_OUT0_M_imag, i64 0, i64 7), align 4" [vhls_src/fft.cpp:71]   --->   Operation 65 'store' <Predicate = true> <Delay = 3.25> <Core = "RAM">   --->   Core 37 'RAM' <Latency = 1> <II = 1> <Delay = 3.25> <Storage> <Opcode : 'load' 'store'> <Ports = 2> <Width = 32> <Depth = 32> <RAM>
ST_5 : Operation 66 [2/2] (3.25ns)   --->   "%prod_IN_M_real_load_8 = load float* getelementptr inbounds ([32 x float]* @prod_IN_M_real, i64 0, i64 2), align 8" [vhls_src/fft.cpp:71]   --->   Operation 66 'load' 'prod_IN_M_real_load_8' <Predicate = true> <Delay = 3.25> <Core = "RAM">   --->   Core 37 'RAM' <Latency = 1> <II = 1> <Delay = 3.25> <Storage> <Opcode : 'load' 'store'> <Ports = 2> <Width = 32> <Depth = 32> <RAM>
ST_5 : Operation 67 [2/2] (3.25ns)   --->   "%prod_IN_M_imag_load_8 = load float* getelementptr inbounds ([32 x float]* @prod_IN_M_imag, i64 0, i64 2), align 8" [vhls_src/fft.cpp:71]   --->   Operation 67 'load' 'prod_IN_M_imag_load_8' <Predicate = true> <Delay = 3.25> <Core = "RAM">   --->   Core 37 'RAM' <Latency = 1> <II = 1> <Delay = 3.25> <Storage> <Opcode : 'load' 'store'> <Ports = 2> <Width = 32> <Depth = 32> <RAM>
ST_5 : Operation 68 [2/2] (3.25ns)   --->   "%prod_IN_M_real_load_9 = load float* getelementptr inbounds ([32 x float]* @prod_IN_M_real, i64 0, i64 18), align 8" [vhls_src/fft.cpp:71]   --->   Operation 68 'load' 'prod_IN_M_real_load_9' <Predicate = true> <Delay = 3.25> <Core = "RAM">   --->   Core 37 'RAM' <Latency = 1> <II = 1> <Delay = 3.25> <Storage> <Opcode : 'load' 'store'> <Ports = 2> <Width = 32> <Depth = 32> <RAM>
ST_5 : Operation 69 [2/2] (3.25ns)   --->   "%prod_IN_M_imag_load_9 = load float* getelementptr inbounds ([32 x float]* @prod_IN_M_imag, i64 0, i64 18), align 8" [vhls_src/fft.cpp:71]   --->   Operation 69 'load' 'prod_IN_M_imag_load_9' <Predicate = true> <Delay = 3.25> <Core = "RAM">   --->   Core 37 'RAM' <Latency = 1> <II = 1> <Delay = 3.25> <Storage> <Opcode : 'load' 'store'> <Ports = 2> <Width = 32> <Depth = 32> <RAM>

State 6 <SV = 5> <Delay = 6.50>
ST_6 : Operation 70 [1/2] (3.25ns)   --->   "%prod_IN_M_real_load_8 = load float* getelementptr inbounds ([32 x float]* @prod_IN_M_real, i64 0, i64 2), align 8" [vhls_src/fft.cpp:71]   --->   Operation 70 'load' 'prod_IN_M_real_load_8' <Predicate = true> <Delay = 3.25> <Core = "RAM">   --->   Core 37 'RAM' <Latency = 1> <II = 1> <Delay = 3.25> <Storage> <Opcode : 'load' 'store'> <Ports = 2> <Width = 32> <Depth = 32> <RAM>
ST_6 : Operation 71 [1/1] (3.25ns)   --->   "store float %prod_IN_M_real_load_8, float* getelementptr inbounds ([32 x float]* @data_OUT0_M_real, i64 0, i64 8), align 16" [vhls_src/fft.cpp:71]   --->   Operation 71 'store' <Predicate = true> <Delay = 3.25> <Core = "RAM">   --->   Core 37 'RAM' <Latency = 1> <II = 1> <Delay = 3.25> <Storage> <Opcode : 'load' 'store'> <Ports = 2> <Width = 32> <Depth = 32> <RAM>
ST_6 : Operation 72 [1/2] (3.25ns)   --->   "%prod_IN_M_imag_load_8 = load float* getelementptr inbounds ([32 x float]* @prod_IN_M_imag, i64 0, i64 2), align 8" [vhls_src/fft.cpp:71]   --->   Operation 72 'load' 'prod_IN_M_imag_load_8' <Predicate = true> <Delay = 3.25> <Core = "RAM">   --->   Core 37 'RAM' <Latency = 1> <II = 1> <Delay = 3.25> <Storage> <Opcode : 'load' 'store'> <Ports = 2> <Width = 32> <Depth = 32> <RAM>
ST_6 : Operation 73 [1/1] (3.25ns)   --->   "store float %prod_IN_M_imag_load_8, float* getelementptr inbounds ([32 x float]* @data_OUT0_M_imag, i64 0, i64 8), align 16" [vhls_src/fft.cpp:71]   --->   Operation 73 'store' <Predicate = true> <Delay = 3.25> <Core = "RAM">   --->   Core 37 'RAM' <Latency = 1> <II = 1> <Delay = 3.25> <Storage> <Opcode : 'load' 'store'> <Ports = 2> <Width = 32> <Depth = 32> <RAM>
ST_6 : Operation 74 [1/2] (3.25ns)   --->   "%prod_IN_M_real_load_9 = load float* getelementptr inbounds ([32 x float]* @prod_IN_M_real, i64 0, i64 18), align 8" [vhls_src/fft.cpp:71]   --->   Operation 74 'load' 'prod_IN_M_real_load_9' <Predicate = true> <Delay = 3.25> <Core = "RAM">   --->   Core 37 'RAM' <Latency = 1> <II = 1> <Delay = 3.25> <Storage> <Opcode : 'load' 'store'> <Ports = 2> <Width = 32> <Depth = 32> <RAM>
ST_6 : Operation 75 [1/1] (3.25ns)   --->   "store float %prod_IN_M_real_load_9, float* getelementptr inbounds ([32 x float]* @data_OUT0_M_real, i64 0, i64 9), align 4" [vhls_src/fft.cpp:71]   --->   Operation 75 'store' <Predicate = true> <Delay = 3.25> <Core = "RAM">   --->   Core 37 'RAM' <Latency = 1> <II = 1> <Delay = 3.25> <Storage> <Opcode : 'load' 'store'> <Ports = 2> <Width = 32> <Depth = 32> <RAM>
ST_6 : Operation 76 [1/2] (3.25ns)   --->   "%prod_IN_M_imag_load_9 = load float* getelementptr inbounds ([32 x float]* @prod_IN_M_imag, i64 0, i64 18), align 8" [vhls_src/fft.cpp:71]   --->   Operation 76 'load' 'prod_IN_M_imag_load_9' <Predicate = true> <Delay = 3.25> <Core = "RAM">   --->   Core 37 'RAM' <Latency = 1> <II = 1> <Delay = 3.25> <Storage> <Opcode : 'load' 'store'> <Ports = 2> <Width = 32> <Depth = 32> <RAM>
ST_6 : Operation 77 [1/1] (3.25ns)   --->   "store float %prod_IN_M_imag_load_9, float* getelementptr inbounds ([32 x float]* @data_OUT0_M_imag, i64 0, i64 9), align 4" [vhls_src/fft.cpp:71]   --->   Operation 77 'store' <Predicate = true> <Delay = 3.25> <Core = "RAM">   --->   Core 37 'RAM' <Latency = 1> <II = 1> <Delay = 3.25> <Storage> <Opcode : 'load' 'store'> <Ports = 2> <Width = 32> <Depth = 32> <RAM>
ST_6 : Operation 78 [2/2] (3.25ns)   --->   "%prod_IN_M_real_load_10 = load float* getelementptr inbounds ([32 x float]* @prod_IN_M_real, i64 0, i64 10), align 8" [vhls_src/fft.cpp:71]   --->   Operation 78 'load' 'prod_IN_M_real_load_10' <Predicate = true> <Delay = 3.25> <Core = "RAM">   --->   Core 37 'RAM' <Latency = 1> <II = 1> <Delay = 3.25> <Storage> <Opcode : 'load' 'store'> <Ports = 2> <Width = 32> <Depth = 32> <RAM>
ST_6 : Operation 79 [2/2] (3.25ns)   --->   "%prod_IN_M_imag_load_10 = load float* getelementptr inbounds ([32 x float]* @prod_IN_M_imag, i64 0, i64 10), align 8" [vhls_src/fft.cpp:71]   --->   Operation 79 'load' 'prod_IN_M_imag_load_10' <Predicate = true> <Delay = 3.25> <Core = "RAM">   --->   Core 37 'RAM' <Latency = 1> <II = 1> <Delay = 3.25> <Storage> <Opcode : 'load' 'store'> <Ports = 2> <Width = 32> <Depth = 32> <RAM>
ST_6 : Operation 80 [2/2] (3.25ns)   --->   "%prod_IN_M_real_load_11 = load float* getelementptr inbounds ([32 x float]* @prod_IN_M_real, i64 0, i64 26), align 8" [vhls_src/fft.cpp:71]   --->   Operation 80 'load' 'prod_IN_M_real_load_11' <Predicate = true> <Delay = 3.25> <Core = "RAM">   --->   Core 37 'RAM' <Latency = 1> <II = 1> <Delay = 3.25> <Storage> <Opcode : 'load' 'store'> <Ports = 2> <Width = 32> <Depth = 32> <RAM>
ST_6 : Operation 81 [2/2] (3.25ns)   --->   "%prod_IN_M_imag_load_11 = load float* getelementptr inbounds ([32 x float]* @prod_IN_M_imag, i64 0, i64 26), align 8" [vhls_src/fft.cpp:71]   --->   Operation 81 'load' 'prod_IN_M_imag_load_11' <Predicate = true> <Delay = 3.25> <Core = "RAM">   --->   Core 37 'RAM' <Latency = 1> <II = 1> <Delay = 3.25> <Storage> <Opcode : 'load' 'store'> <Ports = 2> <Width = 32> <Depth = 32> <RAM>

State 7 <SV = 6> <Delay = 6.50>
ST_7 : Operation 82 [1/2] (3.25ns)   --->   "%prod_IN_M_real_load_10 = load float* getelementptr inbounds ([32 x float]* @prod_IN_M_real, i64 0, i64 10), align 8" [vhls_src/fft.cpp:71]   --->   Operation 82 'load' 'prod_IN_M_real_load_10' <Predicate = true> <Delay = 3.25> <Core = "RAM">   --->   Core 37 'RAM' <Latency = 1> <II = 1> <Delay = 3.25> <Storage> <Opcode : 'load' 'store'> <Ports = 2> <Width = 32> <Depth = 32> <RAM>
ST_7 : Operation 83 [1/1] (3.25ns)   --->   "store float %prod_IN_M_real_load_10, float* getelementptr inbounds ([32 x float]* @data_OUT0_M_real, i64 0, i64 10), align 8" [vhls_src/fft.cpp:71]   --->   Operation 83 'store' <Predicate = true> <Delay = 3.25> <Core = "RAM">   --->   Core 37 'RAM' <Latency = 1> <II = 1> <Delay = 3.25> <Storage> <Opcode : 'load' 'store'> <Ports = 2> <Width = 32> <Depth = 32> <RAM>
ST_7 : Operation 84 [1/2] (3.25ns)   --->   "%prod_IN_M_imag_load_10 = load float* getelementptr inbounds ([32 x float]* @prod_IN_M_imag, i64 0, i64 10), align 8" [vhls_src/fft.cpp:71]   --->   Operation 84 'load' 'prod_IN_M_imag_load_10' <Predicate = true> <Delay = 3.25> <Core = "RAM">   --->   Core 37 'RAM' <Latency = 1> <II = 1> <Delay = 3.25> <Storage> <Opcode : 'load' 'store'> <Ports = 2> <Width = 32> <Depth = 32> <RAM>
ST_7 : Operation 85 [1/1] (3.25ns)   --->   "store float %prod_IN_M_imag_load_10, float* getelementptr inbounds ([32 x float]* @data_OUT0_M_imag, i64 0, i64 10), align 8" [vhls_src/fft.cpp:71]   --->   Operation 85 'store' <Predicate = true> <Delay = 3.25> <Core = "RAM">   --->   Core 37 'RAM' <Latency = 1> <II = 1> <Delay = 3.25> <Storage> <Opcode : 'load' 'store'> <Ports = 2> <Width = 32> <Depth = 32> <RAM>
ST_7 : Operation 86 [1/2] (3.25ns)   --->   "%prod_IN_M_real_load_11 = load float* getelementptr inbounds ([32 x float]* @prod_IN_M_real, i64 0, i64 26), align 8" [vhls_src/fft.cpp:71]   --->   Operation 86 'load' 'prod_IN_M_real_load_11' <Predicate = true> <Delay = 3.25> <Core = "RAM">   --->   Core 37 'RAM' <Latency = 1> <II = 1> <Delay = 3.25> <Storage> <Opcode : 'load' 'store'> <Ports = 2> <Width = 32> <Depth = 32> <RAM>
ST_7 : Operation 87 [1/1] (3.25ns)   --->   "store float %prod_IN_M_real_load_11, float* getelementptr inbounds ([32 x float]* @data_OUT0_M_real, i64 0, i64 11), align 4" [vhls_src/fft.cpp:71]   --->   Operation 87 'store' <Predicate = true> <Delay = 3.25> <Core = "RAM">   --->   Core 37 'RAM' <Latency = 1> <II = 1> <Delay = 3.25> <Storage> <Opcode : 'load' 'store'> <Ports = 2> <Width = 32> <Depth = 32> <RAM>
ST_7 : Operation 88 [1/2] (3.25ns)   --->   "%prod_IN_M_imag_load_11 = load float* getelementptr inbounds ([32 x float]* @prod_IN_M_imag, i64 0, i64 26), align 8" [vhls_src/fft.cpp:71]   --->   Operation 88 'load' 'prod_IN_M_imag_load_11' <Predicate = true> <Delay = 3.25> <Core = "RAM">   --->   Core 37 'RAM' <Latency = 1> <II = 1> <Delay = 3.25> <Storage> <Opcode : 'load' 'store'> <Ports = 2> <Width = 32> <Depth = 32> <RAM>
ST_7 : Operation 89 [1/1] (3.25ns)   --->   "store float %prod_IN_M_imag_load_11, float* getelementptr inbounds ([32 x float]* @data_OUT0_M_imag, i64 0, i64 11), align 4" [vhls_src/fft.cpp:71]   --->   Operation 89 'store' <Predicate = true> <Delay = 3.25> <Core = "RAM">   --->   Core 37 'RAM' <Latency = 1> <II = 1> <Delay = 3.25> <Storage> <Opcode : 'load' 'store'> <Ports = 2> <Width = 32> <Depth = 32> <RAM>
ST_7 : Operation 90 [2/2] (3.25ns)   --->   "%prod_IN_M_real_load_12 = load float* getelementptr inbounds ([32 x float]* @prod_IN_M_real, i64 0, i64 6), align 8" [vhls_src/fft.cpp:71]   --->   Operation 90 'load' 'prod_IN_M_real_load_12' <Predicate = true> <Delay = 3.25> <Core = "RAM">   --->   Core 37 'RAM' <Latency = 1> <II = 1> <Delay = 3.25> <Storage> <Opcode : 'load' 'store'> <Ports = 2> <Width = 32> <Depth = 32> <RAM>
ST_7 : Operation 91 [2/2] (3.25ns)   --->   "%prod_IN_M_imag_load_12 = load float* getelementptr inbounds ([32 x float]* @prod_IN_M_imag, i64 0, i64 6), align 8" [vhls_src/fft.cpp:71]   --->   Operation 91 'load' 'prod_IN_M_imag_load_12' <Predicate = true> <Delay = 3.25> <Core = "RAM">   --->   Core 37 'RAM' <Latency = 1> <II = 1> <Delay = 3.25> <Storage> <Opcode : 'load' 'store'> <Ports = 2> <Width = 32> <Depth = 32> <RAM>
ST_7 : Operation 92 [2/2] (3.25ns)   --->   "%prod_IN_M_real_load_13 = load float* getelementptr inbounds ([32 x float]* @prod_IN_M_real, i64 0, i64 22), align 8" [vhls_src/fft.cpp:71]   --->   Operation 92 'load' 'prod_IN_M_real_load_13' <Predicate = true> <Delay = 3.25> <Core = "RAM">   --->   Core 37 'RAM' <Latency = 1> <II = 1> <Delay = 3.25> <Storage> <Opcode : 'load' 'store'> <Ports = 2> <Width = 32> <Depth = 32> <RAM>
ST_7 : Operation 93 [2/2] (3.25ns)   --->   "%prod_IN_M_imag_load_13 = load float* getelementptr inbounds ([32 x float]* @prod_IN_M_imag, i64 0, i64 22), align 8" [vhls_src/fft.cpp:71]   --->   Operation 93 'load' 'prod_IN_M_imag_load_13' <Predicate = true> <Delay = 3.25> <Core = "RAM">   --->   Core 37 'RAM' <Latency = 1> <II = 1> <Delay = 3.25> <Storage> <Opcode : 'load' 'store'> <Ports = 2> <Width = 32> <Depth = 32> <RAM>

State 8 <SV = 7> <Delay = 6.50>
ST_8 : Operation 94 [1/2] (3.25ns)   --->   "%prod_IN_M_real_load_12 = load float* getelementptr inbounds ([32 x float]* @prod_IN_M_real, i64 0, i64 6), align 8" [vhls_src/fft.cpp:71]   --->   Operation 94 'load' 'prod_IN_M_real_load_12' <Predicate = true> <Delay = 3.25> <Core = "RAM">   --->   Core 37 'RAM' <Latency = 1> <II = 1> <Delay = 3.25> <Storage> <Opcode : 'load' 'store'> <Ports = 2> <Width = 32> <Depth = 32> <RAM>
ST_8 : Operation 95 [1/1] (3.25ns)   --->   "store float %prod_IN_M_real_load_12, float* getelementptr inbounds ([32 x float]* @data_OUT0_M_real, i64 0, i64 12), align 16" [vhls_src/fft.cpp:71]   --->   Operation 95 'store' <Predicate = true> <Delay = 3.25> <Core = "RAM">   --->   Core 37 'RAM' <Latency = 1> <II = 1> <Delay = 3.25> <Storage> <Opcode : 'load' 'store'> <Ports = 2> <Width = 32> <Depth = 32> <RAM>
ST_8 : Operation 96 [1/2] (3.25ns)   --->   "%prod_IN_M_imag_load_12 = load float* getelementptr inbounds ([32 x float]* @prod_IN_M_imag, i64 0, i64 6), align 8" [vhls_src/fft.cpp:71]   --->   Operation 96 'load' 'prod_IN_M_imag_load_12' <Predicate = true> <Delay = 3.25> <Core = "RAM">   --->   Core 37 'RAM' <Latency = 1> <II = 1> <Delay = 3.25> <Storage> <Opcode : 'load' 'store'> <Ports = 2> <Width = 32> <Depth = 32> <RAM>
ST_8 : Operation 97 [1/1] (3.25ns)   --->   "store float %prod_IN_M_imag_load_12, float* getelementptr inbounds ([32 x float]* @data_OUT0_M_imag, i64 0, i64 12), align 16" [vhls_src/fft.cpp:71]   --->   Operation 97 'store' <Predicate = true> <Delay = 3.25> <Core = "RAM">   --->   Core 37 'RAM' <Latency = 1> <II = 1> <Delay = 3.25> <Storage> <Opcode : 'load' 'store'> <Ports = 2> <Width = 32> <Depth = 32> <RAM>
ST_8 : Operation 98 [1/2] (3.25ns)   --->   "%prod_IN_M_real_load_13 = load float* getelementptr inbounds ([32 x float]* @prod_IN_M_real, i64 0, i64 22), align 8" [vhls_src/fft.cpp:71]   --->   Operation 98 'load' 'prod_IN_M_real_load_13' <Predicate = true> <Delay = 3.25> <Core = "RAM">   --->   Core 37 'RAM' <Latency = 1> <II = 1> <Delay = 3.25> <Storage> <Opcode : 'load' 'store'> <Ports = 2> <Width = 32> <Depth = 32> <RAM>
ST_8 : Operation 99 [1/1] (3.25ns)   --->   "store float %prod_IN_M_real_load_13, float* getelementptr inbounds ([32 x float]* @data_OUT0_M_real, i64 0, i64 13), align 4" [vhls_src/fft.cpp:71]   --->   Operation 99 'store' <Predicate = true> <Delay = 3.25> <Core = "RAM">   --->   Core 37 'RAM' <Latency = 1> <II = 1> <Delay = 3.25> <Storage> <Opcode : 'load' 'store'> <Ports = 2> <Width = 32> <Depth = 32> <RAM>
ST_8 : Operation 100 [1/2] (3.25ns)   --->   "%prod_IN_M_imag_load_13 = load float* getelementptr inbounds ([32 x float]* @prod_IN_M_imag, i64 0, i64 22), align 8" [vhls_src/fft.cpp:71]   --->   Operation 100 'load' 'prod_IN_M_imag_load_13' <Predicate = true> <Delay = 3.25> <Core = "RAM">   --->   Core 37 'RAM' <Latency = 1> <II = 1> <Delay = 3.25> <Storage> <Opcode : 'load' 'store'> <Ports = 2> <Width = 32> <Depth = 32> <RAM>
ST_8 : Operation 101 [1/1] (3.25ns)   --->   "store float %prod_IN_M_imag_load_13, float* getelementptr inbounds ([32 x float]* @data_OUT0_M_imag, i64 0, i64 13), align 4" [vhls_src/fft.cpp:71]   --->   Operation 101 'store' <Predicate = true> <Delay = 3.25> <Core = "RAM">   --->   Core 37 'RAM' <Latency = 1> <II = 1> <Delay = 3.25> <Storage> <Opcode : 'load' 'store'> <Ports = 2> <Width = 32> <Depth = 32> <RAM>
ST_8 : Operation 102 [2/2] (3.25ns)   --->   "%prod_IN_M_real_load_14 = load float* getelementptr inbounds ([32 x float]* @prod_IN_M_real, i64 0, i64 14), align 8" [vhls_src/fft.cpp:71]   --->   Operation 102 'load' 'prod_IN_M_real_load_14' <Predicate = true> <Delay = 3.25> <Core = "RAM">   --->   Core 37 'RAM' <Latency = 1> <II = 1> <Delay = 3.25> <Storage> <Opcode : 'load' 'store'> <Ports = 2> <Width = 32> <Depth = 32> <RAM>
ST_8 : Operation 103 [2/2] (3.25ns)   --->   "%prod_IN_M_imag_load_14 = load float* getelementptr inbounds ([32 x float]* @prod_IN_M_imag, i64 0, i64 14), align 8" [vhls_src/fft.cpp:71]   --->   Operation 103 'load' 'prod_IN_M_imag_load_14' <Predicate = true> <Delay = 3.25> <Core = "RAM">   --->   Core 37 'RAM' <Latency = 1> <II = 1> <Delay = 3.25> <Storage> <Opcode : 'load' 'store'> <Ports = 2> <Width = 32> <Depth = 32> <RAM>
ST_8 : Operation 104 [2/2] (3.25ns)   --->   "%prod_IN_M_real_load_15 = load float* getelementptr inbounds ([32 x float]* @prod_IN_M_real, i64 0, i64 30), align 8" [vhls_src/fft.cpp:71]   --->   Operation 104 'load' 'prod_IN_M_real_load_15' <Predicate = true> <Delay = 3.25> <Core = "RAM">   --->   Core 37 'RAM' <Latency = 1> <II = 1> <Delay = 3.25> <Storage> <Opcode : 'load' 'store'> <Ports = 2> <Width = 32> <Depth = 32> <RAM>
ST_8 : Operation 105 [2/2] (3.25ns)   --->   "%prod_IN_M_imag_load_15 = load float* getelementptr inbounds ([32 x float]* @prod_IN_M_imag, i64 0, i64 30), align 8" [vhls_src/fft.cpp:71]   --->   Operation 105 'load' 'prod_IN_M_imag_load_15' <Predicate = true> <Delay = 3.25> <Core = "RAM">   --->   Core 37 'RAM' <Latency = 1> <II = 1> <Delay = 3.25> <Storage> <Opcode : 'load' 'store'> <Ports = 2> <Width = 32> <Depth = 32> <RAM>

State 9 <SV = 8> <Delay = 6.50>
ST_9 : Operation 106 [1/2] (3.25ns)   --->   "%prod_IN_M_real_load_14 = load float* getelementptr inbounds ([32 x float]* @prod_IN_M_real, i64 0, i64 14), align 8" [vhls_src/fft.cpp:71]   --->   Operation 106 'load' 'prod_IN_M_real_load_14' <Predicate = true> <Delay = 3.25> <Core = "RAM">   --->   Core 37 'RAM' <Latency = 1> <II = 1> <Delay = 3.25> <Storage> <Opcode : 'load' 'store'> <Ports = 2> <Width = 32> <Depth = 32> <RAM>
ST_9 : Operation 107 [1/1] (3.25ns)   --->   "store float %prod_IN_M_real_load_14, float* getelementptr inbounds ([32 x float]* @data_OUT0_M_real, i64 0, i64 14), align 8" [vhls_src/fft.cpp:71]   --->   Operation 107 'store' <Predicate = true> <Delay = 3.25> <Core = "RAM">   --->   Core 37 'RAM' <Latency = 1> <II = 1> <Delay = 3.25> <Storage> <Opcode : 'load' 'store'> <Ports = 2> <Width = 32> <Depth = 32> <RAM>
ST_9 : Operation 108 [1/2] (3.25ns)   --->   "%prod_IN_M_imag_load_14 = load float* getelementptr inbounds ([32 x float]* @prod_IN_M_imag, i64 0, i64 14), align 8" [vhls_src/fft.cpp:71]   --->   Operation 108 'load' 'prod_IN_M_imag_load_14' <Predicate = true> <Delay = 3.25> <Core = "RAM">   --->   Core 37 'RAM' <Latency = 1> <II = 1> <Delay = 3.25> <Storage> <Opcode : 'load' 'store'> <Ports = 2> <Width = 32> <Depth = 32> <RAM>
ST_9 : Operation 109 [1/1] (3.25ns)   --->   "store float %prod_IN_M_imag_load_14, float* getelementptr inbounds ([32 x float]* @data_OUT0_M_imag, i64 0, i64 14), align 8" [vhls_src/fft.cpp:71]   --->   Operation 109 'store' <Predicate = true> <Delay = 3.25> <Core = "RAM">   --->   Core 37 'RAM' <Latency = 1> <II = 1> <Delay = 3.25> <Storage> <Opcode : 'load' 'store'> <Ports = 2> <Width = 32> <Depth = 32> <RAM>
ST_9 : Operation 110 [1/2] (3.25ns)   --->   "%prod_IN_M_real_load_15 = load float* getelementptr inbounds ([32 x float]* @prod_IN_M_real, i64 0, i64 30), align 8" [vhls_src/fft.cpp:71]   --->   Operation 110 'load' 'prod_IN_M_real_load_15' <Predicate = true> <Delay = 3.25> <Core = "RAM">   --->   Core 37 'RAM' <Latency = 1> <II = 1> <Delay = 3.25> <Storage> <Opcode : 'load' 'store'> <Ports = 2> <Width = 32> <Depth = 32> <RAM>
ST_9 : Operation 111 [1/1] (3.25ns)   --->   "store float %prod_IN_M_real_load_15, float* getelementptr inbounds ([32 x float]* @data_OUT0_M_real, i64 0, i64 15), align 4" [vhls_src/fft.cpp:71]   --->   Operation 111 'store' <Predicate = true> <Delay = 3.25> <Core = "RAM">   --->   Core 37 'RAM' <Latency = 1> <II = 1> <Delay = 3.25> <Storage> <Opcode : 'load' 'store'> <Ports = 2> <Width = 32> <Depth = 32> <RAM>
ST_9 : Operation 112 [1/2] (3.25ns)   --->   "%prod_IN_M_imag_load_15 = load float* getelementptr inbounds ([32 x float]* @prod_IN_M_imag, i64 0, i64 30), align 8" [vhls_src/fft.cpp:71]   --->   Operation 112 'load' 'prod_IN_M_imag_load_15' <Predicate = true> <Delay = 3.25> <Core = "RAM">   --->   Core 37 'RAM' <Latency = 1> <II = 1> <Delay = 3.25> <Storage> <Opcode : 'load' 'store'> <Ports = 2> <Width = 32> <Depth = 32> <RAM>
ST_9 : Operation 113 [1/1] (3.25ns)   --->   "store float %prod_IN_M_imag_load_15, float* getelementptr inbounds ([32 x float]* @data_OUT0_M_imag, i64 0, i64 15), align 4" [vhls_src/fft.cpp:71]   --->   Operation 113 'store' <Predicate = true> <Delay = 3.25> <Core = "RAM">   --->   Core 37 'RAM' <Latency = 1> <II = 1> <Delay = 3.25> <Storage> <Opcode : 'load' 'store'> <Ports = 2> <Width = 32> <Depth = 32> <RAM>
ST_9 : Operation 114 [2/2] (3.25ns)   --->   "%prod_IN_M_real_load_16 = load float* getelementptr inbounds ([32 x float]* @prod_IN_M_real, i64 0, i64 1), align 4" [vhls_src/fft.cpp:71]   --->   Operation 114 'load' 'prod_IN_M_real_load_16' <Predicate = true> <Delay = 3.25> <Core = "RAM">   --->   Core 37 'RAM' <Latency = 1> <II = 1> <Delay = 3.25> <Storage> <Opcode : 'load' 'store'> <Ports = 2> <Width = 32> <Depth = 32> <RAM>
ST_9 : Operation 115 [2/2] (3.25ns)   --->   "%prod_IN_M_imag_load_16 = load float* getelementptr inbounds ([32 x float]* @prod_IN_M_imag, i64 0, i64 1), align 4" [vhls_src/fft.cpp:71]   --->   Operation 115 'load' 'prod_IN_M_imag_load_16' <Predicate = true> <Delay = 3.25> <Core = "RAM">   --->   Core 37 'RAM' <Latency = 1> <II = 1> <Delay = 3.25> <Storage> <Opcode : 'load' 'store'> <Ports = 2> <Width = 32> <Depth = 32> <RAM>
ST_9 : Operation 116 [2/2] (3.25ns)   --->   "%prod_IN_M_real_load_17 = load float* getelementptr inbounds ([32 x float]* @prod_IN_M_real, i64 0, i64 17), align 4" [vhls_src/fft.cpp:71]   --->   Operation 116 'load' 'prod_IN_M_real_load_17' <Predicate = true> <Delay = 3.25> <Core = "RAM">   --->   Core 37 'RAM' <Latency = 1> <II = 1> <Delay = 3.25> <Storage> <Opcode : 'load' 'store'> <Ports = 2> <Width = 32> <Depth = 32> <RAM>
ST_9 : Operation 117 [2/2] (3.25ns)   --->   "%prod_IN_M_imag_load_17 = load float* getelementptr inbounds ([32 x float]* @prod_IN_M_imag, i64 0, i64 17), align 4" [vhls_src/fft.cpp:71]   --->   Operation 117 'load' 'prod_IN_M_imag_load_17' <Predicate = true> <Delay = 3.25> <Core = "RAM">   --->   Core 37 'RAM' <Latency = 1> <II = 1> <Delay = 3.25> <Storage> <Opcode : 'load' 'store'> <Ports = 2> <Width = 32> <Depth = 32> <RAM>

State 10 <SV = 9> <Delay = 6.50>
ST_10 : Operation 118 [1/2] (3.25ns)   --->   "%prod_IN_M_real_load_16 = load float* getelementptr inbounds ([32 x float]* @prod_IN_M_real, i64 0, i64 1), align 4" [vhls_src/fft.cpp:71]   --->   Operation 118 'load' 'prod_IN_M_real_load_16' <Predicate = true> <Delay = 3.25> <Core = "RAM">   --->   Core 37 'RAM' <Latency = 1> <II = 1> <Delay = 3.25> <Storage> <Opcode : 'load' 'store'> <Ports = 2> <Width = 32> <Depth = 32> <RAM>
ST_10 : Operation 119 [1/1] (3.25ns)   --->   "store float %prod_IN_M_real_load_16, float* getelementptr inbounds ([32 x float]* @data_OUT0_M_real, i64 0, i64 16), align 16" [vhls_src/fft.cpp:71]   --->   Operation 119 'store' <Predicate = true> <Delay = 3.25> <Core = "RAM">   --->   Core 37 'RAM' <Latency = 1> <II = 1> <Delay = 3.25> <Storage> <Opcode : 'load' 'store'> <Ports = 2> <Width = 32> <Depth = 32> <RAM>
ST_10 : Operation 120 [1/2] (3.25ns)   --->   "%prod_IN_M_imag_load_16 = load float* getelementptr inbounds ([32 x float]* @prod_IN_M_imag, i64 0, i64 1), align 4" [vhls_src/fft.cpp:71]   --->   Operation 120 'load' 'prod_IN_M_imag_load_16' <Predicate = true> <Delay = 3.25> <Core = "RAM">   --->   Core 37 'RAM' <Latency = 1> <II = 1> <Delay = 3.25> <Storage> <Opcode : 'load' 'store'> <Ports = 2> <Width = 32> <Depth = 32> <RAM>
ST_10 : Operation 121 [1/1] (3.25ns)   --->   "store float %prod_IN_M_imag_load_16, float* getelementptr inbounds ([32 x float]* @data_OUT0_M_imag, i64 0, i64 16), align 16" [vhls_src/fft.cpp:71]   --->   Operation 121 'store' <Predicate = true> <Delay = 3.25> <Core = "RAM">   --->   Core 37 'RAM' <Latency = 1> <II = 1> <Delay = 3.25> <Storage> <Opcode : 'load' 'store'> <Ports = 2> <Width = 32> <Depth = 32> <RAM>
ST_10 : Operation 122 [1/2] (3.25ns)   --->   "%prod_IN_M_real_load_17 = load float* getelementptr inbounds ([32 x float]* @prod_IN_M_real, i64 0, i64 17), align 4" [vhls_src/fft.cpp:71]   --->   Operation 122 'load' 'prod_IN_M_real_load_17' <Predicate = true> <Delay = 3.25> <Core = "RAM">   --->   Core 37 'RAM' <Latency = 1> <II = 1> <Delay = 3.25> <Storage> <Opcode : 'load' 'store'> <Ports = 2> <Width = 32> <Depth = 32> <RAM>
ST_10 : Operation 123 [1/1] (3.25ns)   --->   "store float %prod_IN_M_real_load_17, float* getelementptr inbounds ([32 x float]* @data_OUT0_M_real, i64 0, i64 17), align 4" [vhls_src/fft.cpp:71]   --->   Operation 123 'store' <Predicate = true> <Delay = 3.25> <Core = "RAM">   --->   Core 37 'RAM' <Latency = 1> <II = 1> <Delay = 3.25> <Storage> <Opcode : 'load' 'store'> <Ports = 2> <Width = 32> <Depth = 32> <RAM>
ST_10 : Operation 124 [1/2] (3.25ns)   --->   "%prod_IN_M_imag_load_17 = load float* getelementptr inbounds ([32 x float]* @prod_IN_M_imag, i64 0, i64 17), align 4" [vhls_src/fft.cpp:71]   --->   Operation 124 'load' 'prod_IN_M_imag_load_17' <Predicate = true> <Delay = 3.25> <Core = "RAM">   --->   Core 37 'RAM' <Latency = 1> <II = 1> <Delay = 3.25> <Storage> <Opcode : 'load' 'store'> <Ports = 2> <Width = 32> <Depth = 32> <RAM>
ST_10 : Operation 125 [1/1] (3.25ns)   --->   "store float %prod_IN_M_imag_load_17, float* getelementptr inbounds ([32 x float]* @data_OUT0_M_imag, i64 0, i64 17), align 4" [vhls_src/fft.cpp:71]   --->   Operation 125 'store' <Predicate = true> <Delay = 3.25> <Core = "RAM">   --->   Core 37 'RAM' <Latency = 1> <II = 1> <Delay = 3.25> <Storage> <Opcode : 'load' 'store'> <Ports = 2> <Width = 32> <Depth = 32> <RAM>
ST_10 : Operation 126 [2/2] (3.25ns)   --->   "%prod_IN_M_real_load_18 = load float* getelementptr inbounds ([32 x float]* @prod_IN_M_real, i64 0, i64 9), align 4" [vhls_src/fft.cpp:71]   --->   Operation 126 'load' 'prod_IN_M_real_load_18' <Predicate = true> <Delay = 3.25> <Core = "RAM">   --->   Core 37 'RAM' <Latency = 1> <II = 1> <Delay = 3.25> <Storage> <Opcode : 'load' 'store'> <Ports = 2> <Width = 32> <Depth = 32> <RAM>
ST_10 : Operation 127 [2/2] (3.25ns)   --->   "%prod_IN_M_imag_load_18 = load float* getelementptr inbounds ([32 x float]* @prod_IN_M_imag, i64 0, i64 9), align 4" [vhls_src/fft.cpp:71]   --->   Operation 127 'load' 'prod_IN_M_imag_load_18' <Predicate = true> <Delay = 3.25> <Core = "RAM">   --->   Core 37 'RAM' <Latency = 1> <II = 1> <Delay = 3.25> <Storage> <Opcode : 'load' 'store'> <Ports = 2> <Width = 32> <Depth = 32> <RAM>
ST_10 : Operation 128 [2/2] (3.25ns)   --->   "%prod_IN_M_real_load_19 = load float* getelementptr inbounds ([32 x float]* @prod_IN_M_real, i64 0, i64 25), align 4" [vhls_src/fft.cpp:71]   --->   Operation 128 'load' 'prod_IN_M_real_load_19' <Predicate = true> <Delay = 3.25> <Core = "RAM">   --->   Core 37 'RAM' <Latency = 1> <II = 1> <Delay = 3.25> <Storage> <Opcode : 'load' 'store'> <Ports = 2> <Width = 32> <Depth = 32> <RAM>
ST_10 : Operation 129 [2/2] (3.25ns)   --->   "%prod_IN_M_imag_load_19 = load float* getelementptr inbounds ([32 x float]* @prod_IN_M_imag, i64 0, i64 25), align 4" [vhls_src/fft.cpp:71]   --->   Operation 129 'load' 'prod_IN_M_imag_load_19' <Predicate = true> <Delay = 3.25> <Core = "RAM">   --->   Core 37 'RAM' <Latency = 1> <II = 1> <Delay = 3.25> <Storage> <Opcode : 'load' 'store'> <Ports = 2> <Width = 32> <Depth = 32> <RAM>

State 11 <SV = 10> <Delay = 6.50>
ST_11 : Operation 130 [1/2] (3.25ns)   --->   "%prod_IN_M_real_load_18 = load float* getelementptr inbounds ([32 x float]* @prod_IN_M_real, i64 0, i64 9), align 4" [vhls_src/fft.cpp:71]   --->   Operation 130 'load' 'prod_IN_M_real_load_18' <Predicate = true> <Delay = 3.25> <Core = "RAM">   --->   Core 37 'RAM' <Latency = 1> <II = 1> <Delay = 3.25> <Storage> <Opcode : 'load' 'store'> <Ports = 2> <Width = 32> <Depth = 32> <RAM>
ST_11 : Operation 131 [1/1] (3.25ns)   --->   "store float %prod_IN_M_real_load_18, float* getelementptr inbounds ([32 x float]* @data_OUT0_M_real, i64 0, i64 18), align 8" [vhls_src/fft.cpp:71]   --->   Operation 131 'store' <Predicate = true> <Delay = 3.25> <Core = "RAM">   --->   Core 37 'RAM' <Latency = 1> <II = 1> <Delay = 3.25> <Storage> <Opcode : 'load' 'store'> <Ports = 2> <Width = 32> <Depth = 32> <RAM>
ST_11 : Operation 132 [1/2] (3.25ns)   --->   "%prod_IN_M_imag_load_18 = load float* getelementptr inbounds ([32 x float]* @prod_IN_M_imag, i64 0, i64 9), align 4" [vhls_src/fft.cpp:71]   --->   Operation 132 'load' 'prod_IN_M_imag_load_18' <Predicate = true> <Delay = 3.25> <Core = "RAM">   --->   Core 37 'RAM' <Latency = 1> <II = 1> <Delay = 3.25> <Storage> <Opcode : 'load' 'store'> <Ports = 2> <Width = 32> <Depth = 32> <RAM>
ST_11 : Operation 133 [1/1] (3.25ns)   --->   "store float %prod_IN_M_imag_load_18, float* getelementptr inbounds ([32 x float]* @data_OUT0_M_imag, i64 0, i64 18), align 8" [vhls_src/fft.cpp:71]   --->   Operation 133 'store' <Predicate = true> <Delay = 3.25> <Core = "RAM">   --->   Core 37 'RAM' <Latency = 1> <II = 1> <Delay = 3.25> <Storage> <Opcode : 'load' 'store'> <Ports = 2> <Width = 32> <Depth = 32> <RAM>
ST_11 : Operation 134 [1/2] (3.25ns)   --->   "%prod_IN_M_real_load_19 = load float* getelementptr inbounds ([32 x float]* @prod_IN_M_real, i64 0, i64 25), align 4" [vhls_src/fft.cpp:71]   --->   Operation 134 'load' 'prod_IN_M_real_load_19' <Predicate = true> <Delay = 3.25> <Core = "RAM">   --->   Core 37 'RAM' <Latency = 1> <II = 1> <Delay = 3.25> <Storage> <Opcode : 'load' 'store'> <Ports = 2> <Width = 32> <Depth = 32> <RAM>
ST_11 : Operation 135 [1/1] (3.25ns)   --->   "store float %prod_IN_M_real_load_19, float* getelementptr inbounds ([32 x float]* @data_OUT0_M_real, i64 0, i64 19), align 4" [vhls_src/fft.cpp:71]   --->   Operation 135 'store' <Predicate = true> <Delay = 3.25> <Core = "RAM">   --->   Core 37 'RAM' <Latency = 1> <II = 1> <Delay = 3.25> <Storage> <Opcode : 'load' 'store'> <Ports = 2> <Width = 32> <Depth = 32> <RAM>
ST_11 : Operation 136 [1/2] (3.25ns)   --->   "%prod_IN_M_imag_load_19 = load float* getelementptr inbounds ([32 x float]* @prod_IN_M_imag, i64 0, i64 25), align 4" [vhls_src/fft.cpp:71]   --->   Operation 136 'load' 'prod_IN_M_imag_load_19' <Predicate = true> <Delay = 3.25> <Core = "RAM">   --->   Core 37 'RAM' <Latency = 1> <II = 1> <Delay = 3.25> <Storage> <Opcode : 'load' 'store'> <Ports = 2> <Width = 32> <Depth = 32> <RAM>
ST_11 : Operation 137 [1/1] (3.25ns)   --->   "store float %prod_IN_M_imag_load_19, float* getelementptr inbounds ([32 x float]* @data_OUT0_M_imag, i64 0, i64 19), align 4" [vhls_src/fft.cpp:71]   --->   Operation 137 'store' <Predicate = true> <Delay = 3.25> <Core = "RAM">   --->   Core 37 'RAM' <Latency = 1> <II = 1> <Delay = 3.25> <Storage> <Opcode : 'load' 'store'> <Ports = 2> <Width = 32> <Depth = 32> <RAM>
ST_11 : Operation 138 [2/2] (3.25ns)   --->   "%prod_IN_M_real_load_20 = load float* getelementptr inbounds ([32 x float]* @prod_IN_M_real, i64 0, i64 5), align 4" [vhls_src/fft.cpp:71]   --->   Operation 138 'load' 'prod_IN_M_real_load_20' <Predicate = true> <Delay = 3.25> <Core = "RAM">   --->   Core 37 'RAM' <Latency = 1> <II = 1> <Delay = 3.25> <Storage> <Opcode : 'load' 'store'> <Ports = 2> <Width = 32> <Depth = 32> <RAM>
ST_11 : Operation 139 [2/2] (3.25ns)   --->   "%prod_IN_M_imag_load_20 = load float* getelementptr inbounds ([32 x float]* @prod_IN_M_imag, i64 0, i64 5), align 4" [vhls_src/fft.cpp:71]   --->   Operation 139 'load' 'prod_IN_M_imag_load_20' <Predicate = true> <Delay = 3.25> <Core = "RAM">   --->   Core 37 'RAM' <Latency = 1> <II = 1> <Delay = 3.25> <Storage> <Opcode : 'load' 'store'> <Ports = 2> <Width = 32> <Depth = 32> <RAM>
ST_11 : Operation 140 [2/2] (3.25ns)   --->   "%prod_IN_M_real_load_21 = load float* getelementptr inbounds ([32 x float]* @prod_IN_M_real, i64 0, i64 21), align 4" [vhls_src/fft.cpp:71]   --->   Operation 140 'load' 'prod_IN_M_real_load_21' <Predicate = true> <Delay = 3.25> <Core = "RAM">   --->   Core 37 'RAM' <Latency = 1> <II = 1> <Delay = 3.25> <Storage> <Opcode : 'load' 'store'> <Ports = 2> <Width = 32> <Depth = 32> <RAM>
ST_11 : Operation 141 [2/2] (3.25ns)   --->   "%prod_IN_M_imag_load_21 = load float* getelementptr inbounds ([32 x float]* @prod_IN_M_imag, i64 0, i64 21), align 4" [vhls_src/fft.cpp:71]   --->   Operation 141 'load' 'prod_IN_M_imag_load_21' <Predicate = true> <Delay = 3.25> <Core = "RAM">   --->   Core 37 'RAM' <Latency = 1> <II = 1> <Delay = 3.25> <Storage> <Opcode : 'load' 'store'> <Ports = 2> <Width = 32> <Depth = 32> <RAM>

State 12 <SV = 11> <Delay = 6.50>
ST_12 : Operation 142 [1/2] (3.25ns)   --->   "%prod_IN_M_real_load_20 = load float* getelementptr inbounds ([32 x float]* @prod_IN_M_real, i64 0, i64 5), align 4" [vhls_src/fft.cpp:71]   --->   Operation 142 'load' 'prod_IN_M_real_load_20' <Predicate = true> <Delay = 3.25> <Core = "RAM">   --->   Core 37 'RAM' <Latency = 1> <II = 1> <Delay = 3.25> <Storage> <Opcode : 'load' 'store'> <Ports = 2> <Width = 32> <Depth = 32> <RAM>
ST_12 : Operation 143 [1/1] (3.25ns)   --->   "store float %prod_IN_M_real_load_20, float* getelementptr inbounds ([32 x float]* @data_OUT0_M_real, i64 0, i64 20), align 16" [vhls_src/fft.cpp:71]   --->   Operation 143 'store' <Predicate = true> <Delay = 3.25> <Core = "RAM">   --->   Core 37 'RAM' <Latency = 1> <II = 1> <Delay = 3.25> <Storage> <Opcode : 'load' 'store'> <Ports = 2> <Width = 32> <Depth = 32> <RAM>
ST_12 : Operation 144 [1/2] (3.25ns)   --->   "%prod_IN_M_imag_load_20 = load float* getelementptr inbounds ([32 x float]* @prod_IN_M_imag, i64 0, i64 5), align 4" [vhls_src/fft.cpp:71]   --->   Operation 144 'load' 'prod_IN_M_imag_load_20' <Predicate = true> <Delay = 3.25> <Core = "RAM">   --->   Core 37 'RAM' <Latency = 1> <II = 1> <Delay = 3.25> <Storage> <Opcode : 'load' 'store'> <Ports = 2> <Width = 32> <Depth = 32> <RAM>
ST_12 : Operation 145 [1/1] (3.25ns)   --->   "store float %prod_IN_M_imag_load_20, float* getelementptr inbounds ([32 x float]* @data_OUT0_M_imag, i64 0, i64 20), align 16" [vhls_src/fft.cpp:71]   --->   Operation 145 'store' <Predicate = true> <Delay = 3.25> <Core = "RAM">   --->   Core 37 'RAM' <Latency = 1> <II = 1> <Delay = 3.25> <Storage> <Opcode : 'load' 'store'> <Ports = 2> <Width = 32> <Depth = 32> <RAM>
ST_12 : Operation 146 [1/2] (3.25ns)   --->   "%prod_IN_M_real_load_21 = load float* getelementptr inbounds ([32 x float]* @prod_IN_M_real, i64 0, i64 21), align 4" [vhls_src/fft.cpp:71]   --->   Operation 146 'load' 'prod_IN_M_real_load_21' <Predicate = true> <Delay = 3.25> <Core = "RAM">   --->   Core 37 'RAM' <Latency = 1> <II = 1> <Delay = 3.25> <Storage> <Opcode : 'load' 'store'> <Ports = 2> <Width = 32> <Depth = 32> <RAM>
ST_12 : Operation 147 [1/1] (3.25ns)   --->   "store float %prod_IN_M_real_load_21, float* getelementptr inbounds ([32 x float]* @data_OUT0_M_real, i64 0, i64 21), align 4" [vhls_src/fft.cpp:71]   --->   Operation 147 'store' <Predicate = true> <Delay = 3.25> <Core = "RAM">   --->   Core 37 'RAM' <Latency = 1> <II = 1> <Delay = 3.25> <Storage> <Opcode : 'load' 'store'> <Ports = 2> <Width = 32> <Depth = 32> <RAM>
ST_12 : Operation 148 [1/2] (3.25ns)   --->   "%prod_IN_M_imag_load_21 = load float* getelementptr inbounds ([32 x float]* @prod_IN_M_imag, i64 0, i64 21), align 4" [vhls_src/fft.cpp:71]   --->   Operation 148 'load' 'prod_IN_M_imag_load_21' <Predicate = true> <Delay = 3.25> <Core = "RAM">   --->   Core 37 'RAM' <Latency = 1> <II = 1> <Delay = 3.25> <Storage> <Opcode : 'load' 'store'> <Ports = 2> <Width = 32> <Depth = 32> <RAM>
ST_12 : Operation 149 [1/1] (3.25ns)   --->   "store float %prod_IN_M_imag_load_21, float* getelementptr inbounds ([32 x float]* @data_OUT0_M_imag, i64 0, i64 21), align 4" [vhls_src/fft.cpp:71]   --->   Operation 149 'store' <Predicate = true> <Delay = 3.25> <Core = "RAM">   --->   Core 37 'RAM' <Latency = 1> <II = 1> <Delay = 3.25> <Storage> <Opcode : 'load' 'store'> <Ports = 2> <Width = 32> <Depth = 32> <RAM>
ST_12 : Operation 150 [2/2] (3.25ns)   --->   "%prod_IN_M_real_load_22 = load float* getelementptr inbounds ([32 x float]* @prod_IN_M_real, i64 0, i64 13), align 4" [vhls_src/fft.cpp:71]   --->   Operation 150 'load' 'prod_IN_M_real_load_22' <Predicate = true> <Delay = 3.25> <Core = "RAM">   --->   Core 37 'RAM' <Latency = 1> <II = 1> <Delay = 3.25> <Storage> <Opcode : 'load' 'store'> <Ports = 2> <Width = 32> <Depth = 32> <RAM>
ST_12 : Operation 151 [2/2] (3.25ns)   --->   "%prod_IN_M_imag_load_22 = load float* getelementptr inbounds ([32 x float]* @prod_IN_M_imag, i64 0, i64 13), align 4" [vhls_src/fft.cpp:71]   --->   Operation 151 'load' 'prod_IN_M_imag_load_22' <Predicate = true> <Delay = 3.25> <Core = "RAM">   --->   Core 37 'RAM' <Latency = 1> <II = 1> <Delay = 3.25> <Storage> <Opcode : 'load' 'store'> <Ports = 2> <Width = 32> <Depth = 32> <RAM>
ST_12 : Operation 152 [2/2] (3.25ns)   --->   "%prod_IN_M_real_load_23 = load float* getelementptr inbounds ([32 x float]* @prod_IN_M_real, i64 0, i64 29), align 4" [vhls_src/fft.cpp:71]   --->   Operation 152 'load' 'prod_IN_M_real_load_23' <Predicate = true> <Delay = 3.25> <Core = "RAM">   --->   Core 37 'RAM' <Latency = 1> <II = 1> <Delay = 3.25> <Storage> <Opcode : 'load' 'store'> <Ports = 2> <Width = 32> <Depth = 32> <RAM>
ST_12 : Operation 153 [2/2] (3.25ns)   --->   "%prod_IN_M_imag_load_23 = load float* getelementptr inbounds ([32 x float]* @prod_IN_M_imag, i64 0, i64 29), align 4" [vhls_src/fft.cpp:71]   --->   Operation 153 'load' 'prod_IN_M_imag_load_23' <Predicate = true> <Delay = 3.25> <Core = "RAM">   --->   Core 37 'RAM' <Latency = 1> <II = 1> <Delay = 3.25> <Storage> <Opcode : 'load' 'store'> <Ports = 2> <Width = 32> <Depth = 32> <RAM>

State 13 <SV = 12> <Delay = 6.50>
ST_13 : Operation 154 [1/2] (3.25ns)   --->   "%prod_IN_M_real_load_22 = load float* getelementptr inbounds ([32 x float]* @prod_IN_M_real, i64 0, i64 13), align 4" [vhls_src/fft.cpp:71]   --->   Operation 154 'load' 'prod_IN_M_real_load_22' <Predicate = true> <Delay = 3.25> <Core = "RAM">   --->   Core 37 'RAM' <Latency = 1> <II = 1> <Delay = 3.25> <Storage> <Opcode : 'load' 'store'> <Ports = 2> <Width = 32> <Depth = 32> <RAM>
ST_13 : Operation 155 [1/1] (3.25ns)   --->   "store float %prod_IN_M_real_load_22, float* getelementptr inbounds ([32 x float]* @data_OUT0_M_real, i64 0, i64 22), align 8" [vhls_src/fft.cpp:71]   --->   Operation 155 'store' <Predicate = true> <Delay = 3.25> <Core = "RAM">   --->   Core 37 'RAM' <Latency = 1> <II = 1> <Delay = 3.25> <Storage> <Opcode : 'load' 'store'> <Ports = 2> <Width = 32> <Depth = 32> <RAM>
ST_13 : Operation 156 [1/2] (3.25ns)   --->   "%prod_IN_M_imag_load_22 = load float* getelementptr inbounds ([32 x float]* @prod_IN_M_imag, i64 0, i64 13), align 4" [vhls_src/fft.cpp:71]   --->   Operation 156 'load' 'prod_IN_M_imag_load_22' <Predicate = true> <Delay = 3.25> <Core = "RAM">   --->   Core 37 'RAM' <Latency = 1> <II = 1> <Delay = 3.25> <Storage> <Opcode : 'load' 'store'> <Ports = 2> <Width = 32> <Depth = 32> <RAM>
ST_13 : Operation 157 [1/1] (3.25ns)   --->   "store float %prod_IN_M_imag_load_22, float* getelementptr inbounds ([32 x float]* @data_OUT0_M_imag, i64 0, i64 22), align 8" [vhls_src/fft.cpp:71]   --->   Operation 157 'store' <Predicate = true> <Delay = 3.25> <Core = "RAM">   --->   Core 37 'RAM' <Latency = 1> <II = 1> <Delay = 3.25> <Storage> <Opcode : 'load' 'store'> <Ports = 2> <Width = 32> <Depth = 32> <RAM>
ST_13 : Operation 158 [1/2] (3.25ns)   --->   "%prod_IN_M_real_load_23 = load float* getelementptr inbounds ([32 x float]* @prod_IN_M_real, i64 0, i64 29), align 4" [vhls_src/fft.cpp:71]   --->   Operation 158 'load' 'prod_IN_M_real_load_23' <Predicate = true> <Delay = 3.25> <Core = "RAM">   --->   Core 37 'RAM' <Latency = 1> <II = 1> <Delay = 3.25> <Storage> <Opcode : 'load' 'store'> <Ports = 2> <Width = 32> <Depth = 32> <RAM>
ST_13 : Operation 159 [1/1] (3.25ns)   --->   "store float %prod_IN_M_real_load_23, float* getelementptr inbounds ([32 x float]* @data_OUT0_M_real, i64 0, i64 23), align 4" [vhls_src/fft.cpp:71]   --->   Operation 159 'store' <Predicate = true> <Delay = 3.25> <Core = "RAM">   --->   Core 37 'RAM' <Latency = 1> <II = 1> <Delay = 3.25> <Storage> <Opcode : 'load' 'store'> <Ports = 2> <Width = 32> <Depth = 32> <RAM>
ST_13 : Operation 160 [1/2] (3.25ns)   --->   "%prod_IN_M_imag_load_23 = load float* getelementptr inbounds ([32 x float]* @prod_IN_M_imag, i64 0, i64 29), align 4" [vhls_src/fft.cpp:71]   --->   Operation 160 'load' 'prod_IN_M_imag_load_23' <Predicate = true> <Delay = 3.25> <Core = "RAM">   --->   Core 37 'RAM' <Latency = 1> <II = 1> <Delay = 3.25> <Storage> <Opcode : 'load' 'store'> <Ports = 2> <Width = 32> <Depth = 32> <RAM>
ST_13 : Operation 161 [1/1] (3.25ns)   --->   "store float %prod_IN_M_imag_load_23, float* getelementptr inbounds ([32 x float]* @data_OUT0_M_imag, i64 0, i64 23), align 4" [vhls_src/fft.cpp:71]   --->   Operation 161 'store' <Predicate = true> <Delay = 3.25> <Core = "RAM">   --->   Core 37 'RAM' <Latency = 1> <II = 1> <Delay = 3.25> <Storage> <Opcode : 'load' 'store'> <Ports = 2> <Width = 32> <Depth = 32> <RAM>
ST_13 : Operation 162 [2/2] (3.25ns)   --->   "%prod_IN_M_real_load_24 = load float* getelementptr inbounds ([32 x float]* @prod_IN_M_real, i64 0, i64 3), align 4" [vhls_src/fft.cpp:71]   --->   Operation 162 'load' 'prod_IN_M_real_load_24' <Predicate = true> <Delay = 3.25> <Core = "RAM">   --->   Core 37 'RAM' <Latency = 1> <II = 1> <Delay = 3.25> <Storage> <Opcode : 'load' 'store'> <Ports = 2> <Width = 32> <Depth = 32> <RAM>
ST_13 : Operation 163 [2/2] (3.25ns)   --->   "%prod_IN_M_imag_load_24 = load float* getelementptr inbounds ([32 x float]* @prod_IN_M_imag, i64 0, i64 3), align 4" [vhls_src/fft.cpp:71]   --->   Operation 163 'load' 'prod_IN_M_imag_load_24' <Predicate = true> <Delay = 3.25> <Core = "RAM">   --->   Core 37 'RAM' <Latency = 1> <II = 1> <Delay = 3.25> <Storage> <Opcode : 'load' 'store'> <Ports = 2> <Width = 32> <Depth = 32> <RAM>
ST_13 : Operation 164 [2/2] (3.25ns)   --->   "%prod_IN_M_real_load_25 = load float* getelementptr inbounds ([32 x float]* @prod_IN_M_real, i64 0, i64 19), align 4" [vhls_src/fft.cpp:71]   --->   Operation 164 'load' 'prod_IN_M_real_load_25' <Predicate = true> <Delay = 3.25> <Core = "RAM">   --->   Core 37 'RAM' <Latency = 1> <II = 1> <Delay = 3.25> <Storage> <Opcode : 'load' 'store'> <Ports = 2> <Width = 32> <Depth = 32> <RAM>
ST_13 : Operation 165 [2/2] (3.25ns)   --->   "%prod_IN_M_imag_load_25 = load float* getelementptr inbounds ([32 x float]* @prod_IN_M_imag, i64 0, i64 19), align 4" [vhls_src/fft.cpp:71]   --->   Operation 165 'load' 'prod_IN_M_imag_load_25' <Predicate = true> <Delay = 3.25> <Core = "RAM">   --->   Core 37 'RAM' <Latency = 1> <II = 1> <Delay = 3.25> <Storage> <Opcode : 'load' 'store'> <Ports = 2> <Width = 32> <Depth = 32> <RAM>

State 14 <SV = 13> <Delay = 6.50>
ST_14 : Operation 166 [1/2] (3.25ns)   --->   "%prod_IN_M_real_load_24 = load float* getelementptr inbounds ([32 x float]* @prod_IN_M_real, i64 0, i64 3), align 4" [vhls_src/fft.cpp:71]   --->   Operation 166 'load' 'prod_IN_M_real_load_24' <Predicate = true> <Delay = 3.25> <Core = "RAM">   --->   Core 37 'RAM' <Latency = 1> <II = 1> <Delay = 3.25> <Storage> <Opcode : 'load' 'store'> <Ports = 2> <Width = 32> <Depth = 32> <RAM>
ST_14 : Operation 167 [1/1] (3.25ns)   --->   "store float %prod_IN_M_real_load_24, float* getelementptr inbounds ([32 x float]* @data_OUT0_M_real, i64 0, i64 24), align 16" [vhls_src/fft.cpp:71]   --->   Operation 167 'store' <Predicate = true> <Delay = 3.25> <Core = "RAM">   --->   Core 37 'RAM' <Latency = 1> <II = 1> <Delay = 3.25> <Storage> <Opcode : 'load' 'store'> <Ports = 2> <Width = 32> <Depth = 32> <RAM>
ST_14 : Operation 168 [1/2] (3.25ns)   --->   "%prod_IN_M_imag_load_24 = load float* getelementptr inbounds ([32 x float]* @prod_IN_M_imag, i64 0, i64 3), align 4" [vhls_src/fft.cpp:71]   --->   Operation 168 'load' 'prod_IN_M_imag_load_24' <Predicate = true> <Delay = 3.25> <Core = "RAM">   --->   Core 37 'RAM' <Latency = 1> <II = 1> <Delay = 3.25> <Storage> <Opcode : 'load' 'store'> <Ports = 2> <Width = 32> <Depth = 32> <RAM>
ST_14 : Operation 169 [1/1] (3.25ns)   --->   "store float %prod_IN_M_imag_load_24, float* getelementptr inbounds ([32 x float]* @data_OUT0_M_imag, i64 0, i64 24), align 16" [vhls_src/fft.cpp:71]   --->   Operation 169 'store' <Predicate = true> <Delay = 3.25> <Core = "RAM">   --->   Core 37 'RAM' <Latency = 1> <II = 1> <Delay = 3.25> <Storage> <Opcode : 'load' 'store'> <Ports = 2> <Width = 32> <Depth = 32> <RAM>
ST_14 : Operation 170 [1/2] (3.25ns)   --->   "%prod_IN_M_real_load_25 = load float* getelementptr inbounds ([32 x float]* @prod_IN_M_real, i64 0, i64 19), align 4" [vhls_src/fft.cpp:71]   --->   Operation 170 'load' 'prod_IN_M_real_load_25' <Predicate = true> <Delay = 3.25> <Core = "RAM">   --->   Core 37 'RAM' <Latency = 1> <II = 1> <Delay = 3.25> <Storage> <Opcode : 'load' 'store'> <Ports = 2> <Width = 32> <Depth = 32> <RAM>
ST_14 : Operation 171 [1/1] (3.25ns)   --->   "store float %prod_IN_M_real_load_25, float* getelementptr inbounds ([32 x float]* @data_OUT0_M_real, i64 0, i64 25), align 4" [vhls_src/fft.cpp:71]   --->   Operation 171 'store' <Predicate = true> <Delay = 3.25> <Core = "RAM">   --->   Core 37 'RAM' <Latency = 1> <II = 1> <Delay = 3.25> <Storage> <Opcode : 'load' 'store'> <Ports = 2> <Width = 32> <Depth = 32> <RAM>
ST_14 : Operation 172 [1/2] (3.25ns)   --->   "%prod_IN_M_imag_load_25 = load float* getelementptr inbounds ([32 x float]* @prod_IN_M_imag, i64 0, i64 19), align 4" [vhls_src/fft.cpp:71]   --->   Operation 172 'load' 'prod_IN_M_imag_load_25' <Predicate = true> <Delay = 3.25> <Core = "RAM">   --->   Core 37 'RAM' <Latency = 1> <II = 1> <Delay = 3.25> <Storage> <Opcode : 'load' 'store'> <Ports = 2> <Width = 32> <Depth = 32> <RAM>
ST_14 : Operation 173 [1/1] (3.25ns)   --->   "store float %prod_IN_M_imag_load_25, float* getelementptr inbounds ([32 x float]* @data_OUT0_M_imag, i64 0, i64 25), align 4" [vhls_src/fft.cpp:71]   --->   Operation 173 'store' <Predicate = true> <Delay = 3.25> <Core = "RAM">   --->   Core 37 'RAM' <Latency = 1> <II = 1> <Delay = 3.25> <Storage> <Opcode : 'load' 'store'> <Ports = 2> <Width = 32> <Depth = 32> <RAM>
ST_14 : Operation 174 [2/2] (3.25ns)   --->   "%prod_IN_M_real_load_26 = load float* getelementptr inbounds ([32 x float]* @prod_IN_M_real, i64 0, i64 11), align 4" [vhls_src/fft.cpp:71]   --->   Operation 174 'load' 'prod_IN_M_real_load_26' <Predicate = true> <Delay = 3.25> <Core = "RAM">   --->   Core 37 'RAM' <Latency = 1> <II = 1> <Delay = 3.25> <Storage> <Opcode : 'load' 'store'> <Ports = 2> <Width = 32> <Depth = 32> <RAM>
ST_14 : Operation 175 [2/2] (3.25ns)   --->   "%prod_IN_M_imag_load_26 = load float* getelementptr inbounds ([32 x float]* @prod_IN_M_imag, i64 0, i64 11), align 4" [vhls_src/fft.cpp:71]   --->   Operation 175 'load' 'prod_IN_M_imag_load_26' <Predicate = true> <Delay = 3.25> <Core = "RAM">   --->   Core 37 'RAM' <Latency = 1> <II = 1> <Delay = 3.25> <Storage> <Opcode : 'load' 'store'> <Ports = 2> <Width = 32> <Depth = 32> <RAM>
ST_14 : Operation 176 [2/2] (3.25ns)   --->   "%prod_IN_M_real_load_27 = load float* getelementptr inbounds ([32 x float]* @prod_IN_M_real, i64 0, i64 27), align 4" [vhls_src/fft.cpp:71]   --->   Operation 176 'load' 'prod_IN_M_real_load_27' <Predicate = true> <Delay = 3.25> <Core = "RAM">   --->   Core 37 'RAM' <Latency = 1> <II = 1> <Delay = 3.25> <Storage> <Opcode : 'load' 'store'> <Ports = 2> <Width = 32> <Depth = 32> <RAM>
ST_14 : Operation 177 [2/2] (3.25ns)   --->   "%prod_IN_M_imag_load_27 = load float* getelementptr inbounds ([32 x float]* @prod_IN_M_imag, i64 0, i64 27), align 4" [vhls_src/fft.cpp:71]   --->   Operation 177 'load' 'prod_IN_M_imag_load_27' <Predicate = true> <Delay = 3.25> <Core = "RAM">   --->   Core 37 'RAM' <Latency = 1> <II = 1> <Delay = 3.25> <Storage> <Opcode : 'load' 'store'> <Ports = 2> <Width = 32> <Depth = 32> <RAM>

State 15 <SV = 14> <Delay = 6.50>
ST_15 : Operation 178 [1/2] (3.25ns)   --->   "%prod_IN_M_real_load_26 = load float* getelementptr inbounds ([32 x float]* @prod_IN_M_real, i64 0, i64 11), align 4" [vhls_src/fft.cpp:71]   --->   Operation 178 'load' 'prod_IN_M_real_load_26' <Predicate = true> <Delay = 3.25> <Core = "RAM">   --->   Core 37 'RAM' <Latency = 1> <II = 1> <Delay = 3.25> <Storage> <Opcode : 'load' 'store'> <Ports = 2> <Width = 32> <Depth = 32> <RAM>
ST_15 : Operation 179 [1/1] (3.25ns)   --->   "store float %prod_IN_M_real_load_26, float* getelementptr inbounds ([32 x float]* @data_OUT0_M_real, i64 0, i64 26), align 8" [vhls_src/fft.cpp:71]   --->   Operation 179 'store' <Predicate = true> <Delay = 3.25> <Core = "RAM">   --->   Core 37 'RAM' <Latency = 1> <II = 1> <Delay = 3.25> <Storage> <Opcode : 'load' 'store'> <Ports = 2> <Width = 32> <Depth = 32> <RAM>
ST_15 : Operation 180 [1/2] (3.25ns)   --->   "%prod_IN_M_imag_load_26 = load float* getelementptr inbounds ([32 x float]* @prod_IN_M_imag, i64 0, i64 11), align 4" [vhls_src/fft.cpp:71]   --->   Operation 180 'load' 'prod_IN_M_imag_load_26' <Predicate = true> <Delay = 3.25> <Core = "RAM">   --->   Core 37 'RAM' <Latency = 1> <II = 1> <Delay = 3.25> <Storage> <Opcode : 'load' 'store'> <Ports = 2> <Width = 32> <Depth = 32> <RAM>
ST_15 : Operation 181 [1/1] (3.25ns)   --->   "store float %prod_IN_M_imag_load_26, float* getelementptr inbounds ([32 x float]* @data_OUT0_M_imag, i64 0, i64 26), align 8" [vhls_src/fft.cpp:71]   --->   Operation 181 'store' <Predicate = true> <Delay = 3.25> <Core = "RAM">   --->   Core 37 'RAM' <Latency = 1> <II = 1> <Delay = 3.25> <Storage> <Opcode : 'load' 'store'> <Ports = 2> <Width = 32> <Depth = 32> <RAM>
ST_15 : Operation 182 [1/2] (3.25ns)   --->   "%prod_IN_M_real_load_27 = load float* getelementptr inbounds ([32 x float]* @prod_IN_M_real, i64 0, i64 27), align 4" [vhls_src/fft.cpp:71]   --->   Operation 182 'load' 'prod_IN_M_real_load_27' <Predicate = true> <Delay = 3.25> <Core = "RAM">   --->   Core 37 'RAM' <Latency = 1> <II = 1> <Delay = 3.25> <Storage> <Opcode : 'load' 'store'> <Ports = 2> <Width = 32> <Depth = 32> <RAM>
ST_15 : Operation 183 [1/1] (3.25ns)   --->   "store float %prod_IN_M_real_load_27, float* getelementptr inbounds ([32 x float]* @data_OUT0_M_real, i64 0, i64 27), align 4" [vhls_src/fft.cpp:71]   --->   Operation 183 'store' <Predicate = true> <Delay = 3.25> <Core = "RAM">   --->   Core 37 'RAM' <Latency = 1> <II = 1> <Delay = 3.25> <Storage> <Opcode : 'load' 'store'> <Ports = 2> <Width = 32> <Depth = 32> <RAM>
ST_15 : Operation 184 [1/2] (3.25ns)   --->   "%prod_IN_M_imag_load_27 = load float* getelementptr inbounds ([32 x float]* @prod_IN_M_imag, i64 0, i64 27), align 4" [vhls_src/fft.cpp:71]   --->   Operation 184 'load' 'prod_IN_M_imag_load_27' <Predicate = true> <Delay = 3.25> <Core = "RAM">   --->   Core 37 'RAM' <Latency = 1> <II = 1> <Delay = 3.25> <Storage> <Opcode : 'load' 'store'> <Ports = 2> <Width = 32> <Depth = 32> <RAM>
ST_15 : Operation 185 [1/1] (3.25ns)   --->   "store float %prod_IN_M_imag_load_27, float* getelementptr inbounds ([32 x float]* @data_OUT0_M_imag, i64 0, i64 27), align 4" [vhls_src/fft.cpp:71]   --->   Operation 185 'store' <Predicate = true> <Delay = 3.25> <Core = "RAM">   --->   Core 37 'RAM' <Latency = 1> <II = 1> <Delay = 3.25> <Storage> <Opcode : 'load' 'store'> <Ports = 2> <Width = 32> <Depth = 32> <RAM>
ST_15 : Operation 186 [2/2] (3.25ns)   --->   "%prod_IN_M_real_load_28 = load float* getelementptr inbounds ([32 x float]* @prod_IN_M_real, i64 0, i64 7), align 4" [vhls_src/fft.cpp:71]   --->   Operation 186 'load' 'prod_IN_M_real_load_28' <Predicate = true> <Delay = 3.25> <Core = "RAM">   --->   Core 37 'RAM' <Latency = 1> <II = 1> <Delay = 3.25> <Storage> <Opcode : 'load' 'store'> <Ports = 2> <Width = 32> <Depth = 32> <RAM>
ST_15 : Operation 187 [2/2] (3.25ns)   --->   "%prod_IN_M_imag_load_28 = load float* getelementptr inbounds ([32 x float]* @prod_IN_M_imag, i64 0, i64 7), align 4" [vhls_src/fft.cpp:71]   --->   Operation 187 'load' 'prod_IN_M_imag_load_28' <Predicate = true> <Delay = 3.25> <Core = "RAM">   --->   Core 37 'RAM' <Latency = 1> <II = 1> <Delay = 3.25> <Storage> <Opcode : 'load' 'store'> <Ports = 2> <Width = 32> <Depth = 32> <RAM>
ST_15 : Operation 188 [2/2] (3.25ns)   --->   "%prod_IN_M_real_load_29 = load float* getelementptr inbounds ([32 x float]* @prod_IN_M_real, i64 0, i64 23), align 4" [vhls_src/fft.cpp:71]   --->   Operation 188 'load' 'prod_IN_M_real_load_29' <Predicate = true> <Delay = 3.25> <Core = "RAM">   --->   Core 37 'RAM' <Latency = 1> <II = 1> <Delay = 3.25> <Storage> <Opcode : 'load' 'store'> <Ports = 2> <Width = 32> <Depth = 32> <RAM>
ST_15 : Operation 189 [2/2] (3.25ns)   --->   "%prod_IN_M_imag_load_29 = load float* getelementptr inbounds ([32 x float]* @prod_IN_M_imag, i64 0, i64 23), align 4" [vhls_src/fft.cpp:71]   --->   Operation 189 'load' 'prod_IN_M_imag_load_29' <Predicate = true> <Delay = 3.25> <Core = "RAM">   --->   Core 37 'RAM' <Latency = 1> <II = 1> <Delay = 3.25> <Storage> <Opcode : 'load' 'store'> <Ports = 2> <Width = 32> <Depth = 32> <RAM>

State 16 <SV = 15> <Delay = 6.50>
ST_16 : Operation 190 [1/2] (3.25ns)   --->   "%prod_IN_M_real_load_28 = load float* getelementptr inbounds ([32 x float]* @prod_IN_M_real, i64 0, i64 7), align 4" [vhls_src/fft.cpp:71]   --->   Operation 190 'load' 'prod_IN_M_real_load_28' <Predicate = true> <Delay = 3.25> <Core = "RAM">   --->   Core 37 'RAM' <Latency = 1> <II = 1> <Delay = 3.25> <Storage> <Opcode : 'load' 'store'> <Ports = 2> <Width = 32> <Depth = 32> <RAM>
ST_16 : Operation 191 [1/1] (3.25ns)   --->   "store float %prod_IN_M_real_load_28, float* getelementptr inbounds ([32 x float]* @data_OUT0_M_real, i64 0, i64 28), align 16" [vhls_src/fft.cpp:71]   --->   Operation 191 'store' <Predicate = true> <Delay = 3.25> <Core = "RAM">   --->   Core 37 'RAM' <Latency = 1> <II = 1> <Delay = 3.25> <Storage> <Opcode : 'load' 'store'> <Ports = 2> <Width = 32> <Depth = 32> <RAM>
ST_16 : Operation 192 [1/2] (3.25ns)   --->   "%prod_IN_M_imag_load_28 = load float* getelementptr inbounds ([32 x float]* @prod_IN_M_imag, i64 0, i64 7), align 4" [vhls_src/fft.cpp:71]   --->   Operation 192 'load' 'prod_IN_M_imag_load_28' <Predicate = true> <Delay = 3.25> <Core = "RAM">   --->   Core 37 'RAM' <Latency = 1> <II = 1> <Delay = 3.25> <Storage> <Opcode : 'load' 'store'> <Ports = 2> <Width = 32> <Depth = 32> <RAM>
ST_16 : Operation 193 [1/1] (3.25ns)   --->   "store float %prod_IN_M_imag_load_28, float* getelementptr inbounds ([32 x float]* @data_OUT0_M_imag, i64 0, i64 28), align 16" [vhls_src/fft.cpp:71]   --->   Operation 193 'store' <Predicate = true> <Delay = 3.25> <Core = "RAM">   --->   Core 37 'RAM' <Latency = 1> <II = 1> <Delay = 3.25> <Storage> <Opcode : 'load' 'store'> <Ports = 2> <Width = 32> <Depth = 32> <RAM>
ST_16 : Operation 194 [1/2] (3.25ns)   --->   "%prod_IN_M_real_load_29 = load float* getelementptr inbounds ([32 x float]* @prod_IN_M_real, i64 0, i64 23), align 4" [vhls_src/fft.cpp:71]   --->   Operation 194 'load' 'prod_IN_M_real_load_29' <Predicate = true> <Delay = 3.25> <Core = "RAM">   --->   Core 37 'RAM' <Latency = 1> <II = 1> <Delay = 3.25> <Storage> <Opcode : 'load' 'store'> <Ports = 2> <Width = 32> <Depth = 32> <RAM>
ST_16 : Operation 195 [1/1] (3.25ns)   --->   "store float %prod_IN_M_real_load_29, float* getelementptr inbounds ([32 x float]* @data_OUT0_M_real, i64 0, i64 29), align 4" [vhls_src/fft.cpp:71]   --->   Operation 195 'store' <Predicate = true> <Delay = 3.25> <Core = "RAM">   --->   Core 37 'RAM' <Latency = 1> <II = 1> <Delay = 3.25> <Storage> <Opcode : 'load' 'store'> <Ports = 2> <Width = 32> <Depth = 32> <RAM>
ST_16 : Operation 196 [1/2] (3.25ns)   --->   "%prod_IN_M_imag_load_29 = load float* getelementptr inbounds ([32 x float]* @prod_IN_M_imag, i64 0, i64 23), align 4" [vhls_src/fft.cpp:71]   --->   Operation 196 'load' 'prod_IN_M_imag_load_29' <Predicate = true> <Delay = 3.25> <Core = "RAM">   --->   Core 37 'RAM' <Latency = 1> <II = 1> <Delay = 3.25> <Storage> <Opcode : 'load' 'store'> <Ports = 2> <Width = 32> <Depth = 32> <RAM>
ST_16 : Operation 197 [1/1] (3.25ns)   --->   "store float %prod_IN_M_imag_load_29, float* getelementptr inbounds ([32 x float]* @data_OUT0_M_imag, i64 0, i64 29), align 4" [vhls_src/fft.cpp:71]   --->   Operation 197 'store' <Predicate = true> <Delay = 3.25> <Core = "RAM">   --->   Core 37 'RAM' <Latency = 1> <II = 1> <Delay = 3.25> <Storage> <Opcode : 'load' 'store'> <Ports = 2> <Width = 32> <Depth = 32> <RAM>
ST_16 : Operation 198 [2/2] (3.25ns)   --->   "%prod_IN_M_real_load_30 = load float* getelementptr inbounds ([32 x float]* @prod_IN_M_real, i64 0, i64 15), align 4" [vhls_src/fft.cpp:71]   --->   Operation 198 'load' 'prod_IN_M_real_load_30' <Predicate = true> <Delay = 3.25> <Core = "RAM">   --->   Core 37 'RAM' <Latency = 1> <II = 1> <Delay = 3.25> <Storage> <Opcode : 'load' 'store'> <Ports = 2> <Width = 32> <Depth = 32> <RAM>
ST_16 : Operation 199 [2/2] (3.25ns)   --->   "%prod_IN_M_imag_load_30 = load float* getelementptr inbounds ([32 x float]* @prod_IN_M_imag, i64 0, i64 15), align 4" [vhls_src/fft.cpp:71]   --->   Operation 199 'load' 'prod_IN_M_imag_load_30' <Predicate = true> <Delay = 3.25> <Core = "RAM">   --->   Core 37 'RAM' <Latency = 1> <II = 1> <Delay = 3.25> <Storage> <Opcode : 'load' 'store'> <Ports = 2> <Width = 32> <Depth = 32> <RAM>
ST_16 : Operation 200 [2/2] (3.25ns)   --->   "%prod_IN_M_real_load_31 = load float* getelementptr inbounds ([32 x float]* @prod_IN_M_real, i64 0, i64 31), align 4" [vhls_src/fft.cpp:71]   --->   Operation 200 'load' 'prod_IN_M_real_load_31' <Predicate = true> <Delay = 3.25> <Core = "RAM">   --->   Core 37 'RAM' <Latency = 1> <II = 1> <Delay = 3.25> <Storage> <Opcode : 'load' 'store'> <Ports = 2> <Width = 32> <Depth = 32> <RAM>
ST_16 : Operation 201 [2/2] (3.25ns)   --->   "%prod_IN_M_imag_load_31 = load float* getelementptr inbounds ([32 x float]* @prod_IN_M_imag, i64 0, i64 31), align 4" [vhls_src/fft.cpp:71]   --->   Operation 201 'load' 'prod_IN_M_imag_load_31' <Predicate = true> <Delay = 3.25> <Core = "RAM">   --->   Core 37 'RAM' <Latency = 1> <II = 1> <Delay = 3.25> <Storage> <Opcode : 'load' 'store'> <Ports = 2> <Width = 32> <Depth = 32> <RAM>

State 17 <SV = 16> <Delay = 6.50>
ST_17 : Operation 202 [1/2] (3.25ns)   --->   "%prod_IN_M_real_load_30 = load float* getelementptr inbounds ([32 x float]* @prod_IN_M_real, i64 0, i64 15), align 4" [vhls_src/fft.cpp:71]   --->   Operation 202 'load' 'prod_IN_M_real_load_30' <Predicate = true> <Delay = 3.25> <Core = "RAM">   --->   Core 37 'RAM' <Latency = 1> <II = 1> <Delay = 3.25> <Storage> <Opcode : 'load' 'store'> <Ports = 2> <Width = 32> <Depth = 32> <RAM>
ST_17 : Operation 203 [1/1] (3.25ns)   --->   "store float %prod_IN_M_real_load_30, float* getelementptr inbounds ([32 x float]* @data_OUT0_M_real, i64 0, i64 30), align 8" [vhls_src/fft.cpp:71]   --->   Operation 203 'store' <Predicate = true> <Delay = 3.25> <Core = "RAM">   --->   Core 37 'RAM' <Latency = 1> <II = 1> <Delay = 3.25> <Storage> <Opcode : 'load' 'store'> <Ports = 2> <Width = 32> <Depth = 32> <RAM>
ST_17 : Operation 204 [1/2] (3.25ns)   --->   "%prod_IN_M_imag_load_30 = load float* getelementptr inbounds ([32 x float]* @prod_IN_M_imag, i64 0, i64 15), align 4" [vhls_src/fft.cpp:71]   --->   Operation 204 'load' 'prod_IN_M_imag_load_30' <Predicate = true> <Delay = 3.25> <Core = "RAM">   --->   Core 37 'RAM' <Latency = 1> <II = 1> <Delay = 3.25> <Storage> <Opcode : 'load' 'store'> <Ports = 2> <Width = 32> <Depth = 32> <RAM>
ST_17 : Operation 205 [1/1] (3.25ns)   --->   "store float %prod_IN_M_imag_load_30, float* getelementptr inbounds ([32 x float]* @data_OUT0_M_imag, i64 0, i64 30), align 8" [vhls_src/fft.cpp:71]   --->   Operation 205 'store' <Predicate = true> <Delay = 3.25> <Core = "RAM">   --->   Core 37 'RAM' <Latency = 1> <II = 1> <Delay = 3.25> <Storage> <Opcode : 'load' 'store'> <Ports = 2> <Width = 32> <Depth = 32> <RAM>
ST_17 : Operation 206 [1/2] (3.25ns)   --->   "%prod_IN_M_real_load_31 = load float* getelementptr inbounds ([32 x float]* @prod_IN_M_real, i64 0, i64 31), align 4" [vhls_src/fft.cpp:71]   --->   Operation 206 'load' 'prod_IN_M_real_load_31' <Predicate = true> <Delay = 3.25> <Core = "RAM">   --->   Core 37 'RAM' <Latency = 1> <II = 1> <Delay = 3.25> <Storage> <Opcode : 'load' 'store'> <Ports = 2> <Width = 32> <Depth = 32> <RAM>
ST_17 : Operation 207 [1/1] (3.25ns)   --->   "store float %prod_IN_M_real_load_31, float* getelementptr inbounds ([32 x float]* @data_OUT0_M_real, i64 0, i64 31), align 4" [vhls_src/fft.cpp:71]   --->   Operation 207 'store' <Predicate = true> <Delay = 3.25> <Core = "RAM">   --->   Core 37 'RAM' <Latency = 1> <II = 1> <Delay = 3.25> <Storage> <Opcode : 'load' 'store'> <Ports = 2> <Width = 32> <Depth = 32> <RAM>
ST_17 : Operation 208 [1/2] (3.25ns)   --->   "%prod_IN_M_imag_load_31 = load float* getelementptr inbounds ([32 x float]* @prod_IN_M_imag, i64 0, i64 31), align 4" [vhls_src/fft.cpp:71]   --->   Operation 208 'load' 'prod_IN_M_imag_load_31' <Predicate = true> <Delay = 3.25> <Core = "RAM">   --->   Core 37 'RAM' <Latency = 1> <II = 1> <Delay = 3.25> <Storage> <Opcode : 'load' 'store'> <Ports = 2> <Width = 32> <Depth = 32> <RAM>
ST_17 : Operation 209 [1/1] (3.25ns)   --->   "store float %prod_IN_M_imag_load_31, float* getelementptr inbounds ([32 x float]* @data_OUT0_M_imag, i64 0, i64 31), align 4" [vhls_src/fft.cpp:71]   --->   Operation 209 'store' <Predicate = true> <Delay = 3.25> <Core = "RAM">   --->   Core 37 'RAM' <Latency = 1> <II = 1> <Delay = 3.25> <Storage> <Opcode : 'load' 'store'> <Ports = 2> <Width = 32> <Depth = 32> <RAM>
ST_17 : Operation 210 [1/1] (0.00ns)   --->   "ret void" [vhls_src/fft.cpp:73]   --->   Operation 210 'ret' <Predicate = true> <Delay = 0.00>


============================================================
+ Verbose Summary: Timing violations
============================================================
Target clock period: 10ns, clock uncertainty: 1.25ns.

 <State 1>: 3.25ns
The critical path consists of the following:
	'load' operation ('prod_IN_M_real_load', vhls_src/fft.cpp:71) on array 'prod_IN_M_real' [1]  (3.25 ns)

 <State 2>: 6.51ns
The critical path consists of the following:
	'load' operation ('prod_IN_M_real_load', vhls_src/fft.cpp:71) on array 'prod_IN_M_real' [1]  (3.25 ns)
	'store' operation ('store_ln71', vhls_src/fft.cpp:71) of variable 'prod_IN_M_real_load', vhls_src/fft.cpp:71 on array 'data_OUT0_M_real' [2]  (3.25 ns)

 <State 3>: 6.51ns
The critical path consists of the following:
	'load' operation ('prod_IN_M_real_load_2', vhls_src/fft.cpp:71) on array 'prod_IN_M_real' [9]  (3.25 ns)
	'store' operation ('store_ln71', vhls_src/fft.cpp:71) of variable 'prod_IN_M_real_load_2', vhls_src/fft.cpp:71 on array 'data_OUT0_M_real' [10]  (3.25 ns)

 <State 4>: 6.51ns
The critical path consists of the following:
	'load' operation ('prod_IN_M_real_load_4', vhls_src/fft.cpp:71) on array 'prod_IN_M_real' [17]  (3.25 ns)
	'store' operation ('store_ln71', vhls_src/fft.cpp:71) of variable 'prod_IN_M_real_load_4', vhls_src/fft.cpp:71 on array 'data_OUT0_M_real' [18]  (3.25 ns)

 <State 5>: 6.51ns
The critical path consists of the following:
	'load' operation ('prod_IN_M_real_load_6', vhls_src/fft.cpp:71) on array 'prod_IN_M_real' [25]  (3.25 ns)
	'store' operation ('store_ln71', vhls_src/fft.cpp:71) of variable 'prod_IN_M_real_load_6', vhls_src/fft.cpp:71 on array 'data_OUT0_M_real' [26]  (3.25 ns)

 <State 6>: 6.51ns
The critical path consists of the following:
	'load' operation ('prod_IN_M_real_load_8', vhls_src/fft.cpp:71) on array 'prod_IN_M_real' [33]  (3.25 ns)
	'store' operation ('store_ln71', vhls_src/fft.cpp:71) of variable 'prod_IN_M_real_load_8', vhls_src/fft.cpp:71 on array 'data_OUT0_M_real' [34]  (3.25 ns)

 <State 7>: 6.51ns
The critical path consists of the following:
	'load' operation ('prod_IN_M_real_load_10', vhls_src/fft.cpp:71) on array 'prod_IN_M_real' [41]  (3.25 ns)
	'store' operation ('store_ln71', vhls_src/fft.cpp:71) of variable 'prod_IN_M_real_load_10', vhls_src/fft.cpp:71 on array 'data_OUT0_M_real' [42]  (3.25 ns)

 <State 8>: 6.51ns
The critical path consists of the following:
	'load' operation ('prod_IN_M_real_load_12', vhls_src/fft.cpp:71) on array 'prod_IN_M_real' [49]  (3.25 ns)
	'store' operation ('store_ln71', vhls_src/fft.cpp:71) of variable 'prod_IN_M_real_load_12', vhls_src/fft.cpp:71 on array 'data_OUT0_M_real' [50]  (3.25 ns)

 <State 9>: 6.51ns
The critical path consists of the following:
	'load' operation ('prod_IN_M_real_load_14', vhls_src/fft.cpp:71) on array 'prod_IN_M_real' [57]  (3.25 ns)
	'store' operation ('store_ln71', vhls_src/fft.cpp:71) of variable 'prod_IN_M_real_load_14', vhls_src/fft.cpp:71 on array 'data_OUT0_M_real' [58]  (3.25 ns)

 <State 10>: 6.51ns
The critical path consists of the following:
	'load' operation ('prod_IN_M_real_load_16', vhls_src/fft.cpp:71) on array 'prod_IN_M_real' [65]  (3.25 ns)
	'store' operation ('store_ln71', vhls_src/fft.cpp:71) of variable 'prod_IN_M_real_load_16', vhls_src/fft.cpp:71 on array 'data_OUT0_M_real' [66]  (3.25 ns)

 <State 11>: 6.51ns
The critical path consists of the following:
	'load' operation ('prod_IN_M_real_load_18', vhls_src/fft.cpp:71) on array 'prod_IN_M_real' [73]  (3.25 ns)
	'store' operation ('store_ln71', vhls_src/fft.cpp:71) of variable 'prod_IN_M_real_load_18', vhls_src/fft.cpp:71 on array 'data_OUT0_M_real' [74]  (3.25 ns)

 <State 12>: 6.51ns
The critical path consists of the following:
	'load' operation ('prod_IN_M_real_load_20', vhls_src/fft.cpp:71) on array 'prod_IN_M_real' [81]  (3.25 ns)
	'store' operation ('store_ln71', vhls_src/fft.cpp:71) of variable 'prod_IN_M_real_load_20', vhls_src/fft.cpp:71 on array 'data_OUT0_M_real' [82]  (3.25 ns)

 <State 13>: 6.51ns
The critical path consists of the following:
	'load' operation ('prod_IN_M_real_load_22', vhls_src/fft.cpp:71) on array 'prod_IN_M_real' [89]  (3.25 ns)
	'store' operation ('store_ln71', vhls_src/fft.cpp:71) of variable 'prod_IN_M_real_load_22', vhls_src/fft.cpp:71 on array 'data_OUT0_M_real' [90]  (3.25 ns)

 <State 14>: 6.51ns
The critical path consists of the following:
	'load' operation ('prod_IN_M_real_load_24', vhls_src/fft.cpp:71) on array 'prod_IN_M_real' [97]  (3.25 ns)
	'store' operation ('store_ln71', vhls_src/fft.cpp:71) of variable 'prod_IN_M_real_load_24', vhls_src/fft.cpp:71 on array 'data_OUT0_M_real' [98]  (3.25 ns)

 <State 15>: 6.51ns
The critical path consists of the following:
	'load' operation ('prod_IN_M_real_load_26', vhls_src/fft.cpp:71) on array 'prod_IN_M_real' [105]  (3.25 ns)
	'store' operation ('store_ln71', vhls_src/fft.cpp:71) of variable 'prod_IN_M_real_load_26', vhls_src/fft.cpp:71 on array 'data_OUT0_M_real' [106]  (3.25 ns)

 <State 16>: 6.51ns
The critical path consists of the following:
	'load' operation ('prod_IN_M_real_load_28', vhls_src/fft.cpp:71) on array 'prod_IN_M_real' [113]  (3.25 ns)
	'store' operation ('store_ln71', vhls_src/fft.cpp:71) of variable 'prod_IN_M_real_load_28', vhls_src/fft.cpp:71 on array 'data_OUT0_M_real' [114]  (3.25 ns)

 <State 17>: 6.51ns
The critical path consists of the following:
	'load' operation ('prod_IN_M_real_load_30', vhls_src/fft.cpp:71) on array 'prod_IN_M_real' [121]  (3.25 ns)
	'store' operation ('store_ln71', vhls_src/fft.cpp:71) of variable 'prod_IN_M_real_load_30', vhls_src/fft.cpp:71 on array 'data_OUT0_M_real' [122]  (3.25 ns)


============================================================
+ Verbose Summary: Binding
============================================================
N/A
* FSMD analyzer results:
  - Output states:
 - Input state : 
  - Chain level:
	State 1
	State 2
	State 3
	State 4
	State 5
	State 6
	State 7
	State 8
	State 9
	State 10
	State 11
	State 12
	State 13
	State 14
	State 15
	State 16
	State 17


============================================================
+ Verbose Summary: Datapath Resource usage 
============================================================
N/A
